No dump file specified
 num     #instances         #bytes  class name (module)
-------------------------------------------------------
   1:         38813        6564624  [B (java.base@15.0.1)
   2:          4685        2061512  [I (java.base@15.0.1)
   3:         30118         722832  java.lang.String (java.base@15.0.1)
   4:          5662         671408  java.lang.Class (java.base@15.0.1)
   5:          4717         644352  [Ljava.lang.Object; (java.base@15.0.1)
   6:         13382         428224  java.util.concurrent.ConcurrentHashMap$Node (java.base@15.0.1)
   7:             8         262272  [Ljava.util.concurrent.ForkJoinTask; (java.base@15.0.1)
   8:          8138         260416  java.util.HashMap$Node (java.base@15.0.1)
   9:          1648         145024  java.lang.reflect.Method (java.base@15.0.1)
  10:          2402         134512  jdk.internal.org.objectweb.asm.SymbolTable$Entry (java.base@15.0.1)
  11:            35         131656  [Ljava.nio.channels.SelectionKey; (java.base@15.0.1)
  12:          8203         131248  java.util.concurrent.atomic.AtomicReference (java.base@15.0.1)
  13:           109         128592  [Ljava.util.concurrent.ConcurrentHashMap$Node; (java.base@15.0.1)
  14:          1684         124360  [Ljava.util.HashMap$Node; (java.base@15.0.1)
  15:          6335         101360  java.lang.Object (java.base@15.0.1)
  16:          3838          97960  [Ljava.lang.Class; (java.base@15.0.1)
  17:          2558          83560  [S (java.base@15.0.1)
  18:          1294          82816  java.util.concurrent.ConcurrentHashMap (java.base@15.0.1)
  19:           293          82536  [C (java.base@15.0.1)
  20:          1662          79776  java.lang.invoke.MemberName (java.base@15.0.1)
  21:          1172          75008  io.netty.buffer.PoolSubpage
  22:          1491          71568  java.util.HashMap (java.base@15.0.1)
  23:            87          63792  [Ljdk.internal.org.objectweb.asm.SymbolTable$Entry; (java.base@15.0.1)
  24:          1583          63320  java.lang.ref.SoftReference (java.base@15.0.1)
  25:          1562          62480  sun.util.locale.LocaleObjectCache$CacheEntry (java.base@15.0.1)
  26:          1483          59320  java.util.Collections$SingletonMap (java.base@15.0.1)
  27:          1415          56600  java.lang.invoke.MethodType (java.base@15.0.1)
  28:            80          53760  io.netty.util.internal.shaded.org.jctools.queues.MpscArrayQueue
  29:          1803          43272  java.lang.StringBuilder (java.base@15.0.1)
  30:          1076          43040  java.util.LinkedHashMap$Entry (java.base@15.0.1)
  31:           644          41216  java.lang.Class$ReflectionData (java.base@15.0.1)
  32:          1288          41216  java.lang.invoke.MethodType$ConcurrentWeakInternSet$WeakEntry (java.base@15.0.1)
  33:           569          40968  java.lang.reflect.Constructor (java.base@15.0.1)
  34:            64          36864  io.netty.util.internal.shaded.org.jctools.queues.MpscUnboundedArrayQueue
  35:            64          33792  [Ljava.util.concurrent.atomic.AtomicReference; (java.base@15.0.1)
  36:           614          30288  [Ljava.lang.String; (java.base@15.0.1)
  37:           132          29568  jdk.internal.org.objectweb.asm.MethodWriter (java.base@15.0.1)
  38:           541          25968  jdk.internal.ref.CleanerImpl$PhantomCleanableRef (java.base@15.0.1)
  39:          1080          25920  java.lang.invoke.ResolvedMethodName (java.base@15.0.1)
  40:           462          25872  java.util.LinkedHashMap (java.base@15.0.1)
  41:           800          25600  java.util.Locale (java.base@15.0.1)
  42:           799          25568  sun.util.locale.BaseLocale (java.base@15.0.1)
  43:           780          24960  sun.util.locale.BaseLocale$Key (java.base@15.0.1)
  44:           251          24096  java.util.jar.JarFile$JarFileEntry (java.base@15.0.1)
  45:           368          23552  io.micronaut.inject.annotation.DefaultAnnotationMetadata
  46:           308          20944  [Ljava.lang.ref.SoftReference; (java.base@15.0.1)
  47:           283          18112  java.net.URL (java.base@15.0.1)
  48:           319          17864  jdk.internal.org.objectweb.asm.Label (java.base@15.0.1)
  49:           118          17584  [J (java.base@15.0.1)
  50:           714          17136  java.util.ArrayList (java.base@15.0.1)
  51:           531          16992  java.lang.invoke.LambdaForm$Name (java.base@15.0.1)
  52:           402          16080  io.micronaut.core.annotation.AnnotationValue
  53:           206          14832  java.lang.reflect.Field (java.base@15.0.1)
  54:            60          14064  [Z (java.base@15.0.1)
  55:           249          13944  java.util.zip.ZipFile$ZipFileInflaterInputStream (java.base@15.0.1)
  56:           249          13944  java.util.zip.ZipFile$ZipFileInputStream (java.base@15.0.1)
  57:            31          13488  [Lio.netty.buffer.PoolSubpage;
  58:           519          12480  [Ljava.lang.reflect.Constructor; (java.base@15.0.1)
  59:           501          12024  jdk.internal.reflect.NativeConstructorAccessorImpl (java.base@15.0.1)
  60:           293          11720  java.util.WeakHashMap$Entry (java.base@15.0.1)
  61:           287          11480  java.security.CodeSource (java.base@15.0.1)
  62:           336          10752  java.lang.invoke.DirectMethodHandle (java.base@15.0.1)
  63:            30          10560  [[S (java.base@15.0.1)
  64:           176           9872  [Ljava.lang.reflect.Method; (java.base@15.0.1)
  65:           245           9800  java.lang.invoke.DirectMethodHandle$Constructor (java.base@15.0.1)
  66:           403           9672  io.micronaut.core.convert.value.ConvertibleValuesMap
  67:           297           9504  io.micronaut.core.type.DefaultArgument
  68:           289           9248  java.lang.Package (java.base@15.0.1)
  69:           282           9024  java.lang.invoke.MethodHandleNatives$CallSiteContext (java.base@15.0.1)
  70:           182           8736  jdk.internal.org.objectweb.asm.Frame (java.base@15.0.1)
  71:           188           8728  [Ljava.lang.invoke.LambdaForm$Name; (java.base@15.0.1)
  72:           358           8688  [Lio.micronaut.core.annotation.AnnotationValue;
  73:           180           8640  io.netty.buffer.PoolChunkList
  74:           356           8544  java.lang.module.ModuleDescriptor$Exports (java.base@15.0.1)
  75:            56           8512  jdk.internal.org.objectweb.asm.ClassWriter (java.base@15.0.1)
  76:             3           8240  [Ljava.nio.ByteBuffer; (java.base@15.0.1)
  77:           257           8224  io.micronaut.core.annotation.AnnotationClassValue
  78:           336           8064  jdk.internal.org.objectweb.asm.ByteVector (java.base@15.0.1)
  79:           504           8064  jdk.internal.reflect.DelegatingConstructorAccessorImpl (java.base@15.0.1)
  80:           249           7968  jdk.internal.loader.URLClassPath$JarLoader$2 (java.base@15.0.1)
  81:           161           7728  java.lang.invoke.LambdaForm (java.base@15.0.1)
  82:           316           7584  java.util.ImmutableCollections$Set12 (java.base@15.0.1)
  83:           230           7360  java.lang.invoke.BoundMethodHandle$Species_L (java.base@15.0.1)
  84:           214           6848  io.netty.util.AsciiString
  85:           209           6688  java.lang.invoke.LambdaForm$NamedFunction (java.base@15.0.1)
  86:           205           6560  java.util.ArrayList$Itr (java.base@15.0.1)
  87:           403           6448  java.lang.Integer (java.base@15.0.1)
  88:           259           6216  java.lang.Long (java.base@15.0.1)
  89:           193           6176  java.lang.invoke.MethodTypeForm (java.base@15.0.1)
  90:           192           6144  io.micronaut.core.util.clhm.ConcurrentLinkedHashMap$Node
  91:           249           5976  java.security.SecureClassLoader$1 (java.base@15.0.1)
  92:           249           5976  java.util.zip.ZipFile$InflaterCleanupAction (java.base@15.0.1)
  93:           245           5880  java.lang.PublicMethods$MethodList (java.base@15.0.1)
  94:            88           5632  jdk.internal.org.objectweb.asm.FieldWriter (java.base@15.0.1)
  95:           166           5312  jdk.internal.org.objectweb.asm.Type (java.base@15.0.1)
  96:           110           5280  ch.qos.logback.classic.Logger
  97:           207           5120  [Lio.micronaut.core.type.Argument;
  98:           312           4992  java.lang.Byte (java.base@15.0.1)
  99:            61           4880  java.net.URI (java.base@15.0.1)
 100:            32           4864  io.netty.channel.nio.NioEventLoop
 101:           199           4776  io.netty.channel.ChannelHandlerMask$2
 102:           149           4768  io.micronaut.context.DefaultBeanContext$BeanKey
 103:           296           4736  java.util.HashSet (java.base@15.0.1)
 104:           193           4632  io.micronaut.core.util.clhm.ConcurrentLinkedHashMap$WeightedValue
 105:           187           4488  java.util.concurrent.atomic.AtomicLong (java.base@15.0.1)
 106:           186           4464  java.time.LocalDateTime (java.base@15.0.1)
 107:           139           4448  io.micronaut.core.convert.DefaultConversionService$ConvertiblePair
 108:            12           4416  java.lang.Thread (java.base@15.0.1)
 109:           183           4392  java.util.concurrent.ConcurrentLinkedQueue$Node (java.base@15.0.1)
 110:           108           4320  java.math.BigInteger (java.base@15.0.1)
 111:           105           4200  java.lang.invoke.DirectMethodHandle$Special (java.base@15.0.1)
 112:             4           4160  [Lio.netty.util.Recycler$DefaultHandle;
 113:           256           4096  java.lang.Short (java.base@15.0.1)
 114:           128           4096  java.lang.module.ModuleDescriptor$Requires (java.base@15.0.1)
 115:           253           4048  java.security.SecureClassLoader$CodeSourceKey (java.base@15.0.1)
 116:           167           4008  java.util.ImmutableCollections$SetN (java.base@15.0.1)
 117:           123           3936  java.lang.invoke.MethodHandles$Lookup (java.base@15.0.1)
 118:           164           3936  jdk.internal.module.ServicesCatalog$ServiceProvider (java.base@15.0.1)
 119:            70           3920  java.lang.Module (java.base@15.0.1)
 120:           122           3904  io.netty.util.internal.LongAdderCounter
 121:            60           3840  java.lang.module.ModuleDescriptor (java.base@15.0.1)
 122:           160           3840  sun.reflect.annotation.AnnotationInvocationHandler (java.base@15.0.1)
 123:            59           3776  jdk.internal.org.objectweb.asm.SymbolTable (java.base@15.0.1)
 124:           152           3648  java.util.ImmutableCollections$List12 (java.base@15.0.1)
 125:            89           3560  io.micronaut.context.DefaultMethodInjectionPoint
 126:            42           3552  [Ljava.lang.invoke.MethodHandle; (java.base@15.0.1)
 127:            34           3536  java.lang.invoke.InnerClassLambdaMetafactory (java.base@15.0.1)
 128:           143           3432  java.util.regex.Pattern$BmpCharProperty (java.base@15.0.1)
 129:           140           3360  java.time.LocalDate (java.base@15.0.1)
 130:            60           3360  jdk.internal.module.ModuleReferenceImpl (java.base@15.0.1)
 131:            37           3256  java.util.regex.Pattern (java.base@15.0.1)
 132:            66           3168  jdk.internal.org.objectweb.asm.AnnotationWriter (java.base@15.0.1)
 133:           180           2880  java.util.Collections$UnmodifiableSet (java.base@15.0.1)
 134:           120           2880  java.util.concurrent.CopyOnWriteArrayList (java.base@15.0.1)
 135:            32           2816  sun.nio.ch.EPollSelectorImpl (java.base@15.0.1)
 136:             7           2632  java.util.concurrent.ForkJoinWorkerThread (java.base@15.0.1)
 137:            78           2496  io.netty.buffer.PoolThreadCache$SubPageMemoryRegionCache
 138:             8           2496  java.util.concurrent.ForkJoinPool$WorkQueue (java.base@15.0.1)
 139:           104           2496  sun.reflect.generics.tree.SimpleClassTypeSignature (java.base@15.0.1)
 140:           103           2472  [[C (java.base@15.0.1)
 141:            15           2400  io.netty.buffer.PoolArena$DirectArena
 142:            15           2400  io.netty.buffer.PoolArena$HeapArena
 143:            97           2328  io.micronaut.context.DefaultMethodInjectionPoint$MethodAnnotationMetadata
 144:            57           2280  io.micronaut.context.DefaultConstructorInjectionPoint
 145:            57           2280  java.io.ObjectStreamField (java.base@15.0.1)
 146:            94           2256  java.lang.Class$AnnotationData (java.base@15.0.1)
 147:            84           2216  [Lio.micronaut.core.annotation.AnnotationClassValue;
 148:            67           2144  io.micronaut.http.HttpStatus
 149:            66           2112  java.lang.invoke.LambdaForm$Kind (java.base@15.0.1)
 150:           128           2048  java.lang.Character (java.base@15.0.1)
 151:            84           2016  java.util.regex.Pattern$$Lambda$117/0x0000000800b83d60 (java.base@15.0.1)
 152:            83           1992  jdk.internal.loader.AbstractClassLoaderValue$Sub (java.base@15.0.1)
 153:            82           1968  java.util.Collections$UnmodifiableRandomAccessList (java.base@15.0.1)
 154:            35           1960  java.nio.HeapByteBuffer (java.base@15.0.1)
 155:           113           1952  [Lsun.reflect.generics.tree.TypeArgument; (java.base@15.0.1)
 156:            48           1920  jdk.internal.org.objectweb.asm.Handler (java.base@15.0.1)
 157:            59           1888  jdk.internal.loader.BuiltinClassLoader$LoadedModule (java.base@15.0.1)
 158:            47           1880  java.lang.invoke.DirectMethodHandle$Accessor (java.base@15.0.1)
 159:            76           1824  java.util.regex.Pattern$GroupTail (java.base@15.0.1)
 160:            56           1792  io.netty.handler.codec.http.HttpResponseStatus
 161:            56           1792  java.lang.invoke.MethodHandles$Lookup$ClassDefiner (java.base@15.0.1)
 162:            74           1776  java.util.regex.Pattern$GroupHead (java.base@15.0.1)
 163:            74           1776  sun.reflect.generics.factory.CoreReflectionFactory (java.base@15.0.1)
 164:            74           1776  sun.reflect.generics.scope.ClassScope (java.base@15.0.1)
 165:            72           1728  java.util.ArrayDeque (java.base@15.0.1)
 166:            34           1632  jdk.internal.org.objectweb.asm.ClassReader (java.base@15.0.1)
 167:            68           1632  jdk.internal.org.objectweb.asm.Edge (java.base@15.0.1)
 168:           101           1616  sun.reflect.generics.tree.ClassTypeSignature (java.base@15.0.1)
 169:           100           1600  jdk.internal.reflect.ConstantPool (java.base@15.0.1)
 170:            64           1592  [Ljdk.internal.org.objectweb.asm.Type; (java.base@15.0.1)
 171:            66           1584  java.lang.ProcessEnvironment$Value (java.base@15.0.1)
 172:            66           1584  java.lang.ProcessEnvironment$Variable (java.base@15.0.1)
 173:            33           1584  java.time.temporal.ValueRange (java.base@15.0.1)
 174:            66           1584  sun.reflect.generics.visitor.Reifier (java.base@15.0.1)
 175:             1           1568  [[B (java.base@15.0.1)
 176:            65           1560  io.micronaut.context.AbstractBeanDefinition$BeanAnnotationMetadata
 177:            65           1560  sun.reflect.generics.parser.SignatureParser (java.base@15.0.1)
 178:            27           1512  java.util.stream.ReferencePipeline$Head (java.base@15.0.1)
 179:            60           1440  java.lang.module.ResolvedModule (java.base@15.0.1)
 180:            60           1440  jdk.internal.module.SystemModuleFinders$2 (java.base@15.0.1)
 181:            60           1440  jdk.internal.module.SystemModuleFinders$SystemModuleReader (java.base@15.0.1)
 182:            57           1368  io.micronaut.context.BeanRegistration
 183:            57           1368  java.lang.RuntimePermission (java.base@15.0.1)
 184:            16           1360  [Ljava.util.WeakHashMap$Entry; (java.base@15.0.1)
 185:            56           1344  java.lang.invoke.MethodHandles$Lookup$ClassFile (java.base@15.0.1)
 186:             9           1296  [Ljava.lang.invoke.MemberName; (java.base@15.0.1)
 187:            54           1296  java.lang.module.ModuleDescriptor$Provides (java.base@15.0.1)
 188:            39           1280  [Ljava.math.BigInteger; (java.base@15.0.1)
 189:            40           1280  java.util.regex.Pattern$Branch (java.base@15.0.1)
 190:            31           1240  java.lang.ref.Finalizer (java.base@15.0.1)
 191:            22           1232  java.lang.invoke.InvokerBytecodeGenerator (java.base@15.0.1)
 192:            38           1216  java.util.PropertyPermission (java.base@15.0.1)
 193:            25           1200  java.lang.invoke.LambdaFormEditor$Transform (java.base@15.0.1)
 194:            30           1200  java.time.temporal.ChronoField (java.base@15.0.1)
 195:            40           1184  [Ljava.util.regex.Pattern$Node; (java.base@15.0.1)
 196:            29           1160  java.math.BigDecimal (java.base@15.0.1)
 197:            20           1152  [Ljava.lang.reflect.Field; (java.base@15.0.1)
 198:            36           1152  java.lang.invoke.VarHandle$AccessDescriptor (java.base@15.0.1)
 199:            34           1088  io.netty.util.concurrent.DefaultPromise
 200:            34           1088  java.lang.ref.WeakReference (java.base@15.0.1)
 201:            34           1088  java.util.LinkedList (java.base@15.0.1)
 202:            27           1080  java.time.format.DateTimeFormatterBuilder (java.base@15.0.1)
 203:            33           1056  java.util.concurrent.CountDownLatch$Sync (java.base@15.0.1)
 204:             1           1040  [Ljava.lang.Byte; (java.base@15.0.1)
 205:             1           1040  [Ljava.lang.Integer; (java.base@15.0.1)
 206:             1           1040  [Ljava.lang.Long; (java.base@15.0.1)
 207:             1           1040  [Ljava.lang.Short; (java.base@15.0.1)
 208:            26           1040  io.micronaut.http.MediaType
 209:            43           1032  java.util.regex.Pattern$Slice (java.base@15.0.1)
 210:            42           1008  sun.reflect.annotation.AnnotationParser$1 (java.base@15.0.1)
 211:            31            992  java.lang.invoke.VarHandle$AccessMode (java.base@15.0.1)
 212:            31            992  java.lang.ref.ReferenceQueue (java.base@15.0.1)
 213:            41            984  java.util.concurrent.ConcurrentHashMap$KeySetView (java.base@15.0.1)
 214:            61            976  java.util.regex.Pattern$$Lambda$104/0x0000000800b807e8 (java.base@15.0.1)
 215:            40            960  io.netty.buffer.LongPriorityQueue
 216:            15            960  java.util.stream.ReferencePipeline$3 (java.base@15.0.1)
 217:            58            928  jdk.internal.module.SystemModuleFinders$3 (java.base@15.0.1)
 218:            38            912  io.netty.util.internal.logging.LocationAwareSlf4JLogger
 219:            57            912  java.util.concurrent.atomic.AtomicInteger (java.base@15.0.1)
 220:            28            896  io.netty.channel.ChannelOption
 221:            14            896  java.nio.DirectByteBuffer (java.base@15.0.1)
 222:             3            888  [[Ljava.lang.String; (java.base@15.0.1)
 223:            27            872  [Ljava.time.format.DateTimeFormatterBuilder$DateTimePrinterParser; (java.base@15.0.1)
 224:            53            848  java.util.Optional (java.base@15.0.1)
 225:            35            840  [Ljava.lang.invoke.MethodHandles$Lookup$ClassOption; (java.base@15.0.1)
 226:            21            840  java.lang.invoke.DirectMethodHandle$Interface (java.base@15.0.1)
 227:            35            832  [Lsun.reflect.generics.tree.FieldTypeSignature; (java.base@15.0.1)
 228:            34            816  java.lang.invoke.ConstantCallSite (java.base@15.0.1)
 229:            34            816  java.lang.invoke.InfoFromMemberName (java.base@15.0.1)
 230:            34            816  java.lang.invoke.InnerClassLambdaMetafactory$ForwardingMethodGenerator (java.base@15.0.1)
 231:            34            816  java.util.ImmutableCollections$Set12$1 (java.base@15.0.1)
 232:            20            800  java.security.AccessControlContext (java.base@15.0.1)
 233:            14            784  io.netty.channel.DefaultChannelHandlerContext
 234:            16            768  [Ljava.util.concurrent.atomic.AtomicLong; (java.base@15.0.1)
 235:             8            768  io.micronaut.core.util.clhm.ConcurrentLinkedHashMap
 236:            32            768  io.netty.channel.nio.SelectedSelectionKeySet
 237:            32            768  io.netty.channel.nio.SelectedSelectionKeySetSelector
 238:            32            768  io.netty.util.internal.ThreadExecutorMap$1
 239:            26            760  [Ljava.lang.annotation.ElementType; (java.base@15.0.1)
 240:             2            760  [Ljava.time.LocalDateTime; (java.base@15.0.1)
 241:             2            752  io.netty.util.concurrent.FastThreadLocalThread
 242:            47            752  java.util.Collections$SingletonSet (java.base@15.0.1)
 243:             3            744  [Ljava.util.Map; (java.base@15.0.1)
 244:            23            736  java.time.format.DateTimeFormatterBuilder$NumberPrinterParser (java.base@15.0.1)
 245:            45            720  java.util.regex.Pattern$BitClass (java.base@15.0.1)
 246:            30            720  java.util.regex.Pattern$BmpCharPropertyGreedy (java.base@15.0.1)
 247:            22            704  sun.reflect.annotation.AnnotationType (java.base@15.0.1)
 248:            28            672  java.time.LocalTime (java.base@15.0.1)
 249:            27            648  java.time.format.DateTimeFormatterBuilder$CompositePrinterParser (java.base@15.0.1)
 250:            27            648  java.util.jar.Attributes$Name (java.base@15.0.1)
 251:            27            648  sun.security.provider.PolicyFile$PolicyEntry (java.base@15.0.1)
 252:            40            640  java.util.regex.Pattern$BranchConn (java.base@15.0.1)
 253:            10            640  java.util.stream.ReferencePipeline$2 (java.base@15.0.1)
 254:             3            624  [Ljava.lang.invoke.LambdaForm; (java.base@15.0.1)
 255:            39            624  io.micronaut.core.convert.TypeConverter$$Lambda$48/0x0000000800be40b0
 256:            26            624  java.util.Arrays$ArrayList (java.base@15.0.1)
 257:            13            624  java.util.WeakHashMap (java.base@15.0.1)
 258:            21            608  [Ljava.io.ObjectStreamField; (java.base@15.0.1)
 259:            19            608  java.util.logging.LogManager$LogNode (java.logging@15.0.1)
 260:            15            600  io.netty.handler.codec.DefaultHeaders$HeaderEntry
 261:            15            600  java.time.format.DateTimeFormatter (java.base@15.0.1)
 262:            25            600  java.util.regex.Pattern$Ques (java.base@15.0.1)
 263:            37            592  java.util.LinkedHashSet (java.base@15.0.1)
 264:             2            576  [Lio.micronaut.http.HttpStatus;
 265:            18            576  java.lang.ThreadLocal$ThreadLocalMap$Entry (java.base@15.0.1)
 266:            24            576  java.lang.invoke.Invokers (java.base@15.0.1)
 267:            24            576  java.time.Duration (java.base@15.0.1)
 268:            36            576  java.util.ImmutableCollections$ListN (java.base@15.0.1)
 269:            18            576  java.util.concurrent.locks.ReentrantLock$NonfairSync (java.base@15.0.1)
 270:            18            576  sun.reflect.generics.repository.ClassRepository (java.base@15.0.1)
 271:            35            560  ch.qos.logback.core.joran.spi.ElementSelector
 272:            14            560  java.security.ProtectionDomain (java.base@15.0.1)
 273:            14            560  java.util.IdentityHashMap (java.base@15.0.1)
 274:            14            560  java.util.StringJoiner (java.base@15.0.1)
 275:             2            560  java.util.concurrent.ConcurrentHashMap$CounterCell (java.base@15.0.1)
 276:             7            560  java.util.concurrent.TimeUnit (java.base@15.0.1)
 277:            10            560  sun.invoke.util.Wrapper (java.base@15.0.1)
 278:            23            552  java.util.ImmutableCollections$SetN$SetNIterator (java.base@15.0.1)
 279:            23            552  java.util.regex.Pattern$CharPropertyGreedy (java.base@15.0.1)
 280:            23            552  org.yaml.snakeyaml.tokens.Token$ID
 281:             4            544  [D (java.base@15.0.1)
 282:             4            544  [Ljava.time.temporal.ChronoField; (java.base@15.0.1)
 283:             1            528  [Ljava.lang.Character; (java.base@15.0.1)
 284:            22            528  [Ljava.lang.reflect.TypeVariable; (java.base@15.0.1)
 285:            33            528  com.sun.proxy.$Proxy0
 286:            11            528  java.lang.invoke.BoundMethodHandle$SpeciesData (java.base@15.0.1)
 287:            22            528  java.lang.invoke.InvokerBytecodeGenerator$ClassData (java.base@15.0.1)
 288:            33            528  java.lang.ref.ReferenceQueue$Lock (java.base@15.0.1)
 289:             3            528  java.lang.reflect.ProxyGenerator (java.base@15.0.1)
 290:            33            528  java.util.concurrent.CountDownLatch (java.base@15.0.1)
 291:            13            520  java.lang.invoke.VarHandleReferences$FieldInstanceReadWrite (java.base@15.0.1)
 292:            32            512  io.netty.channel.nio.NioEventLoop$1
 293:            16            512  io.netty.handler.codec.CodecOutputList
 294:            16            512  java.time.temporal.ChronoUnit (java.base@15.0.1)
 295:            16            512  org.xml.sax.helpers.LocatorImpl (java.xml@15.0.1)
 296:            21            504  java.util.AbstractMap$SimpleImmutableEntry (java.base@15.0.1)
 297:            21            504  java.util.regex.Pattern$Dollar (java.base@15.0.1)
 298:            21            504  sun.nio.ch.SocketOptionRegistry$RegistryKey (java.base@15.0.1)
 299:             9            504  sun.util.calendar.ZoneInfo (java.base@15.0.1)
 300:             7            496  [Lsun.invoke.util.Wrapper; (java.base@15.0.1)
 301:            31            496  java.util.LinkedHashMap$LinkedValues (java.base@15.0.1)
 302:            12            480  ch.qos.logback.core.status.InfoStatus
 303:            30            480  com.sun.proxy.$Proxy1
 304:            12            480  java.lang.NoSuchMethodError (java.base@15.0.1)
 305:            12            480  java.lang.invoke.BoundMethodHandle$Species_LL (java.base@15.0.1)
 306:            15            480  java.util.Collections$UnmodifiableMap (java.base@15.0.1)
 307:            10            480  java.util.logging.LogManager$LoggerWeakRef (java.logging@15.0.1)
 308:            11            472  [Ljava.lang.invoke.MethodType; (java.base@15.0.1)
 309:            19            456  [Ljava.lang.reflect.Type; (java.base@15.0.1)
 310:            19            456  java.security.SecurityPermission (java.base@15.0.1)
 311:            14            448  java.util.LinkedHashMap$LinkedValueIterator (java.base@15.0.1)
 312:            11            440  [Ljava.lang.invoke.BoundMethodHandle$SpeciesData; (java.base@15.0.1)
 313:            11            440  java.lang.OutOfMemoryError (java.base@15.0.1)
 314:            11            440  java.lang.invoke.MethodHandleImpl$IntrinsicMethodHandle (java.base@15.0.1)
 315:             6            432  [Lio.netty.buffer.PoolThreadCache$MemoryRegionCache;
 316:             3            432  [Ljava.time.ZoneOffset; (java.base@15.0.1)
 317:             1            432  [[[C (java.base@15.0.1)
 318:            18            432  java.text.DateFormat$Field (java.base@15.0.1)
 319:             3            432  java.text.DecimalFormat (java.base@15.0.1)
 320:            18            432  java.util.regex.Pattern$BmpCharPredicate$$Lambda$118/0x0000000800b83fe8 (java.base@15.0.1)
 321:            18            432  jdk.internal.reflect.NativeMethodAccessorImpl (java.base@15.0.1)
 322:            18            432  sun.reflect.generics.tree.ClassSignature (java.base@15.0.1)
 323:            13            416  java.lang.invoke.SimpleMethodHandle (java.base@15.0.1)
 324:            13            416  java.net.InetAddress$InetAddressHolder (java.base@15.0.1)
 325:             3            408  io.netty.util.internal.InternalThreadLocalMap
 326:            17            408  java.util.Collections$1 (java.base@15.0.1)
 327:            17            408  sun.nio.ch.OptionKey (java.base@15.0.1)
 328:             5            400  [Lio.netty.handler.codec.DefaultHeaders$HeaderEntry;
 329:            25            400  io.netty.channel.$Proxy18
 330:             7            392  java.util.Properties (java.base@15.0.1)
 331:             7            392  java.util.concurrent.ConcurrentHashMap$ValueIterator (java.base@15.0.1)
 332:             8            384  [[Ljava.util.concurrent.atomic.AtomicReference; (java.base@15.0.1)
 333:            24            384  com.sun.proxy.$Proxy2
 334:             6            384  java.util.zip.Inflater (java.base@15.0.1)
 335:             1            376  java.lang.ref.Finalizer$FinalizerThread (java.base@15.0.1)
 336:             1            376  java.util.logging.LogManager$Cleaner (java.logging@15.0.1)
 337:             1            376  jdk.internal.misc.InnocuousThread (java.base@15.0.1)
 338:             1            368  java.lang.ref.Reference$ReferenceHandler (java.base@15.0.1)
 339:            23            368  java.util.regex.Pattern$Begin (java.base@15.0.1)
 340:            18            360  [Lsun.reflect.generics.tree.FormalTypeParameter; (java.base@15.0.1)
 341:             9            360  com.sun.org.apache.xerces.internal.utils.XMLSecurityManager$Limit (java.xml@15.0.1)
 342:             4            352  java.text.DecimalFormatSymbols (java.base@15.0.1)
 343:            11            352  java.util.stream.Collectors$CollectorImpl (java.base@15.0.1)
 344:            11            352  java.util.stream.ReduceOps$3 (java.base@15.0.1)
 345:            11            352  java.util.stream.ReduceOps$3ReducingSink (java.base@15.0.1)
 346:            14            336  java.lang.PublicMethods$Key (java.base@15.0.1)
 347:             6            336  java.nio.DirectLongBufferU (java.base@15.0.1)
 348:            14            336  java.util.stream.ReferencePipeline$3$1 (java.base@15.0.1)
 349:            14            336  org.yaml.snakeyaml.nodes.Tag
 350:            18            328  [Lsun.reflect.generics.tree.ClassTypeSignature; (java.base@15.0.1)
 351:             1            328  java.util.concurrent.ForkJoinPool (java.base@15.0.1)
 352:            10            320  com.sun.org.apache.xerces.internal.impl.XMLEntityManager$EncodingInfo (java.xml@15.0.1)
 353:             8            320  io.micronaut.context.DefaultMethodConstructorInjectionPoint
 354:            10            320  io.micronaut.core.convert.DefaultArgumentConversionContext
 355:            10            320  java.lang.invoke.VarHandleInts$FieldInstanceReadWrite (java.base@15.0.1)
 356:             8            320  java.lang.reflect.ProxyGenerator$ProxyMethod (java.base@15.0.1)
 357:            10            320  java.util.Hashtable$Entry (java.base@15.0.1)
 358:             4            320  jdk.internal.reflect.DelegatingClassLoader (java.base@15.0.1)
 359:            10            320  sun.nio.fs.UnixPath (java.base@15.0.1)
 360:            13            312  io.micronaut.context.DefaultConstructorInjectionPoint$ConstructorAnnotationMetadata
 361:            19            304  java.util.HashMap$EntrySet (java.base@15.0.1)
 362:            12            288  ch.qos.logback.core.joran.spi.HostClassAndPropertyDouble
 363:            12            288  java.lang.annotation.ElementType (java.base@15.0.1)
 364:            12            288  java.net.StandardSocketOptions$StdSocketOption (java.base@15.0.1)
 365:            18            288  java.util.HashMap$KeySet (java.base@15.0.1)
 366:            18            288  java.util.concurrent.locks.ReentrantLock (java.base@15.0.1)
 367:             9            288  java.util.logging.Level (java.logging@15.0.1)
 368:             9            288  java.util.logging.Level$KnownLevel (java.logging@15.0.1)
 369:            12            288  java.util.regex.Pattern$Start (java.base@15.0.1)
 370:            18            288  jdk.internal.reflect.DelegatingMethodAccessorImpl (java.base@15.0.1)
 371:            12            288  sun.reflect.generics.reflectiveObjects.ParameterizedTypeImpl (java.base@15.0.1)
 372:             9            288  sun.reflect.generics.reflectiveObjects.TypeVariableImpl (java.base@15.0.1)
 373:             1            280  [Ljava.lang.invoke.LambdaForm$Kind; (java.base@15.0.1)
 374:             7            280  ch.qos.logback.core.joran.event.StartEvent
 375:             7            280  java.io.FilePermission (java.base@15.0.1)
 376:             7            280  jdk.internal.loader.NativeLibraries$NativeLibraryImpl (java.base@15.0.1)
 377:            17            272  java.time.format.DateTimeFormatterBuilder$CharLiteralPrinterParser (java.base@15.0.1)
 378:            11            264  ch.qos.logback.core.spi.ContextAwareBase
 379:            11            264  io.micronaut.http.bind.DefaultRequestBinderRegistry$TypeAndAnnotation
 380:            11            264  io.netty.handler.codec.http.HttpObjectDecoder$State
 381:            11            264  java.lang.invoke.MethodHandleImpl$Intrinsic (java.base@15.0.1)
 382:            11            264  java.util.Collections$SetFromMap (java.base@15.0.1)
 383:             4            256  io.netty.util.Recycler$Stack
 384:             4            256  io.netty.util.concurrent.ScheduledFutureTask
 385:            16            256  java.lang.ThreadLocal (java.base@15.0.1)
 386:             8            256  java.lang.reflect.ProxyGenerator$PrimitiveTypeInfo (java.base@15.0.1)
 387:             8            256  java.util.ImmutableCollections$MapN (java.base@15.0.1)
 388:             8            256  jdk.internal.loader.NativeLibraries (java.base@15.0.1)
 389:             3            240  [Ljava.time.temporal.ChronoUnit; (java.base@15.0.1)
 390:            10            240  com.sun.org.apache.xerces.internal.impl.XMLScanner$NameType (java.xml@15.0.1)
 391:            10            240  io.micronaut.context.UnresolvedProvider
 392:            10            240  io.micronaut.http.HttpAttributes
 393:            10            240  io.micronaut.http.HttpMethod
 394:             6            240  java.io.FileDescriptor (java.base@15.0.1)
 395:            10            240  java.lang.invoke.InnerClassLambdaMetafactory$1 (java.base@15.0.1)
 396:            10            240  java.lang.invoke.LambdaFormEditor$TransformKey (java.base@15.0.1)
 397:             6            240  java.lang.invoke.MethodHandleImpl$AsVarargsCollector (java.base@15.0.1)
 398:             5            240  java.net.URLPermission (java.base@15.0.1)
 399:            10            240  java.nio.charset.CoderResult (java.base@15.0.1)
 400:            10            240  java.nio.file.StandardOpenOption (java.base@15.0.1)
 401:             6            240  java.util.HashMap$EntryIterator (java.base@15.0.1)
 402:            10            240  java.util.concurrent.ConcurrentLinkedQueue (java.base@15.0.1)
 403:             6            240  jdk.internal.ref.Cleaner (java.base@15.0.1)
 404:            10            240  org.yaml.snakeyaml.events.Event$ID
 405:            10            240  sun.reflect.generics.tree.FormalTypeParameter (java.base@15.0.1)
 406:             5            232  [Ljava.lang.invoke.LambdaForm$NamedFunction; (java.base@15.0.1)
 407:             7            224  [Ljava.lang.Boolean; (java.base@15.0.1)
 408:             2            224  [Ljava.lang.ThreadLocal$ThreadLocalMap$Entry; (java.base@15.0.1)
 409:            14            224  [Ljava.security.Principal; (java.base@15.0.1)
 410:             7            224  ch.qos.logback.core.joran.event.EndEvent
 411:            14            224  java.security.ProtectionDomain$Key (java.base@15.0.1)
 412:             2            224  java.util.GregorianCalendar (java.base@15.0.1)
 413:             7            224  java.util.Stack (java.base@15.0.1)
 414:             9            216  io.micronaut.http.server.context.ServerRequestContextInvocationInstrumenter$$Lambda$434/0x0000000800ee2f98
 415:             9            216  io.netty.handler.codec.http.HttpMethod$EnumNameMap$Node
 416:             9            216  java.lang.invoke.VarForm (java.base@15.0.1)
 417:             9            216  java.net.NetPermission (java.base@15.0.1)
 418:             9            216  java.nio.file.attribute.PosixFilePermission (java.base@15.0.1)
 419:             9            216  sun.util.logging.PlatformLogger$Level (java.base@15.0.1)
 420:            13            208  java.text.NumberFormat$Field (java.base@15.0.1)
 421:            13            208  java.util.Collections$UnmodifiableCollection (java.base@15.0.1)
 422:            13            208  java.util.regex.Pattern$CharPredicate$$Lambda$106/0x0000000800b80ef0 (java.base@15.0.1)
 423:             2            200  [Ljava.text.DateFormat$Field; (java.base@15.0.1)
 424:             5            200  io.netty.handler.codec.DefaultHeaders$ValueIterator
 425:             5            200  java.util.EnumMap (java.base@15.0.1)
 426:             5            200  java.util.stream.StreamOpFlag (java.base@15.0.1)
 427:             4            192  [Ljava.lang.Thread; (java.base@15.0.1)
 428:             4            192  [Ljava.util.Hashtable$Entry; (java.base@15.0.1)
 429:             8            192  io.micronaut.context.env.ComputePlatform
 430:             8            192  io.micronaut.core.util.clhm.LinkedDeque
 431:            12            192  io.micronaut.inject.qualifiers.NameQualifier
 432:             4            192  io.netty.util.internal.ObjectPool$RecyclerObjectPool$1
 433:             6            192  java.lang.invoke.LambdaForm$BasicType (java.base@15.0.1)
 434:             8            192  java.math.RoundingMode (java.base@15.0.1)
 435:             8            192  java.net.Inet4Address (java.base@15.0.1)
 436:             6            192  java.nio.DirectByteBuffer$Deallocator (java.base@15.0.1)
 437:             3            192  java.nio.DirectByteBufferR (java.base@15.0.1)
 438:             3            192  java.text.DateFormatSymbols (java.base@15.0.1)
 439:             6            192  java.time.format.TextStyle (java.base@15.0.1)
 440:             4            192  java.util.Hashtable (java.base@15.0.1)
 441:             6            192  java.util.LinkedHashMap$LinkedEntryIterator (java.base@15.0.1)
 442:             8            192  java.util.LinkedList$Node (java.base@15.0.1)
 443:             6            192  java.util.RegularEnumSet (java.base@15.0.1)
 444:            12            192  java.util.concurrent.atomic.AtomicBoolean (java.base@15.0.1)
 445:             6            192  java.util.concurrent.atomic.AtomicReferenceFieldUpdater$AtomicReferenceFieldUpdaterImpl (java.base@15.0.1)
 446:             8            192  java.util.stream.FindOps$FindSink$OfRef (java.base@15.0.1)
 447:             8            192  java.util.stream.Nodes$FixedNodeBuilder (java.base@15.0.1)
 448:             8            192  java.util.stream.ReferencePipeline$2$1 (java.base@15.0.1)
 449:             8            192  org.yaml.snakeyaml.scanner.Constant
 450:             4            192  sun.nio.cs.UTF_8$Encoder (java.base@15.0.1)
 451:             2            192  sun.util.calendar.Gregorian$Date (java.base@15.0.1)
 452:             1            176  [Lio.netty.buffer.LongPriorityQueue;
 453:             7            168  [Ljava.security.ProtectionDomain; (java.base@15.0.1)
 454:             1            168  [[Ljava.math.BigInteger; (java.base@15.0.1)
 455:             7            168  ch.qos.logback.classic.Level
 456:             7            168  com.sun.org.apache.xerces.internal.util.FeatureState (java.xml@15.0.1)
 457:             7            168  java.lang.System$Logger$Level (java.base@15.0.1)
 458:             3            168  java.net.SocketPermission (java.base@15.0.1)
 459:             7            168  java.security.Permissions (java.base@15.0.1)
 460:             7            168  java.time.DayOfWeek (java.base@15.0.1)
 461:             7            168  java.time.ZoneOffset (java.base@15.0.1)
 462:             7            168  java.util.Collections$SingletonList (java.base@15.0.1)
 463:             3            168  java.util.logging.Logger (java.logging@15.0.1)
 464:             7            168  java.util.regex.Pattern$SliceI (java.base@15.0.1)
 465:             3            168  java.util.stream.SortedOps$OfRef (java.base@15.0.1)
 466:             7            168  org.xml.sax.helpers.AttributesImpl (java.xml@15.0.1)
 467:             2            160  [Lio.netty.buffer.PoolArena;
 468:             2            160  [Lio.netty.util.concurrent.EventExecutor;
 469:             3            160  [Ljava.util.logging.Level; (java.logging@15.0.1)
 470:            10            160  com.sun.proxy.$Proxy9
 471:             1            160  io.micronaut.http.server.netty.configuration.NettyHttpServerConfiguration
 472:             2            160  io.micronaut.web.router.DefaultRouteBuilder$DefaultUriRoute
 473:             5            160  io.netty.handler.codec.http.HttpStatusClass
 474:             5            160  io.netty.util.Recycler$DefaultHandle
 475:            10            160  java.lang.invoke.LambdaFormEditor (java.base@15.0.1)
 476:             5            160  java.lang.invoke.VarHandle$AccessType (java.base@15.0.1)
 477:             5            160  java.net.HostPortrange (java.base@15.0.1)
 478:             5            160  java.net.Inet6Address$Inet6AddressHolder (java.base@15.0.1)
 479:             5            160  java.util.Collections$SynchronizedMap (java.base@15.0.1)
 480:            10            160  java.util.HashMap$Values (java.base@15.0.1)
 481:            10            160  java.util.LinkedHashMap$LinkedKeySet (java.base@15.0.1)
 482:             5            160  java.util.concurrent.atomic.AtomicIntegerFieldUpdater$AtomicIntegerFieldUpdaterImpl (java.base@15.0.1)
 483:             4            160  java.util.logging.Logger$ConfigurationData (java.logging@15.0.1)
 484:             4            160  javax.xml.catalog.CatalogFeatures$Feature (java.xml@15.0.1)
 485:             5            160  sun.util.locale.provider.LocaleProviderAdapter$Type (java.base@15.0.1)
 486:             4            160  sun.util.locale.provider.LocaleResources$ResourceReference (java.base@15.0.1)
 487:             4            160  sun.util.resources.Bundles$BundleReference (java.base@15.0.1)
 488:             3            144  [Lio.netty.util.internal.PriorityQueueNode;
 489:             7            144  [Ljava.lang.StackTraceElement; (java.base@15.0.1)
 490:             1            144  [Ljava.lang.invoke.VarHandle$AccessMode; (java.base@15.0.1)
 491:             2            144  [Ljava.math.BigDecimal; (java.base@15.0.1)
 492:             1            144  [Ljava.util.concurrent.ForkJoinTask$ExceptionNode; (java.base@15.0.1)
 493:             2            144  [[I (java.base@15.0.1)
 494:             6            144  ch.qos.logback.core.pattern.LiteralConverter
 495:             6            144  com.sun.org.apache.xerces.internal.util.Status (java.xml@15.0.1)
 496:             9            144  io.micronaut.inject.annotation.AbstractEnvironmentAnnotationMetadata$$Lambda$192/0x0000000800d94470
 497:             2            144  io.netty.channel.AdaptiveRecvByteBufAllocator$HandleImpl
 498:             9            144  io.netty.handler.codec.http.HttpMethod
 499:             6            144  io.netty.handler.codec.http2.HttpConversionUtil$ExtensionHeaderNames
 500:             3            144  java.lang.ThreadGroup (java.base@15.0.1)
 501:             6            144  java.lang.module.ModuleDescriptor$Requires$Modifier (java.base@15.0.1)
 502:             3            144  java.time.temporal.JulianFields$Field (java.base@15.0.1)
 503:             6            144  java.util.zip.Inflater$InflaterZStreamRef (java.base@15.0.1)
 504:             6            144  jdk.internal.perf.PerfCounter (java.base@15.0.1)
 505:             1            144  jdk.internal.reflect.MethodAccessorGenerator (java.base@15.0.1)
 506:             2            136  [Lio.netty.handler.codec.http.HttpMethod$EnumNameMap$Node;
 507:             1            136  io.micronaut.context.DefaultApplicationContext$RuntimeConfiguredEnvironment
 508:             2            128  [Lio.netty.handler.codec.http.HttpObjectDecoder$State;
 509:             8            128  ch.qos.logback.core.joran.spi.ElementPath
 510:             1            128  io.micronaut.context.DefaultApplicationContext
 511:             2            128  io.micronaut.discovery.$DefaultCompositeDiscoveryClientDefinition
 512:             2            128  io.micronaut.http.netty.channel.converters.$DefaultChannelOptionFactoryDefinition
 513:             2            128  io.micronaut.http.server.context.$ServerRequestContextInstrumentationDefinition
 514:             8            128  io.micronaut.http.server.context.ServerRequestContextInvocationInstrumenter
 515:             2            128  io.micronaut.http.server.netty.$DefaultHttpContentProcessorResolverDefinition
 516:             1            128  io.micronaut.http.server.netty.NettyHttpServer
 517:             2            128  io.micronaut.http.server.netty.configuration.$NettyHttpServerConfigurationDefinition
 518:             2            128  io.micronaut.http.server.util.locale.$CompositeHttpLocaleResolverDefinition
 519:             2            128  io.netty.buffer.UnpooledByteBufAllocator$InstrumentedUnpooledUnsafeDirectByteBuf
 520:             2            128  io.netty.channel.ChannelOutboundBuffer
 521:             2            128  io.netty.channel.DefaultChannelPipeline$HeadContext
 522:             2            128  java.lang.invoke.BoundMethodHandle$Species_LLLLLLLLL (java.base@15.0.1)
 523:             2            128  java.text.SimpleDateFormat (java.base@15.0.1)
 524:             4            128  java.util.ArrayList$ArrayListSpliterator (java.base@15.0.1)
 525:             4            128  java.util.Spliterators$ArraySpliterator (java.base@15.0.1)
 526:             4            128  java.util.stream.FindOps$FindOp (java.base@15.0.1)
 527:             4            128  jdk.internal.reflect.ClassFileAssembler (java.base@15.0.1)
 528:             1            128  sun.nio.fs.UnixFileAttributes (java.base@15.0.1)
 529:             4            128  sun.util.resources.Bundles$CacheKey (java.base@15.0.1)
 530:             3            120  [Ljava.lang.invoke.LambdaForm$BasicType; (java.base@15.0.1)
 531:             5            120  ch.qos.logback.core.pattern.parser.TokenStream$TokenizerState
 532:             5            120  ch.qos.logback.core.subst.Token$Type
 533:             5            120  ch.qos.logback.core.util.AggregationType
 534:             5            120  com.sun.org.apache.xerces.internal.util.PropertyState (java.xml@15.0.1)
 535:             5            120  com.sun.org.apache.xerces.internal.utils.XMLSecurityManager$State (java.xml@15.0.1)
 536:             5            120  com.sun.org.apache.xerces.internal.utils.XMLSecurityPropertyManager$State (java.xml@15.0.1)
 537:             3            120  io.micronaut.context.DefaultBeanContext$6
 538:             3            120  io.netty.handler.codec.DefaultHeadersImpl
 539:             5            120  java.lang.NamedPackage (java.base@15.0.1)
 540:             3            120  java.lang.invoke.BoundMethodHandle$Species_LJ (java.base@15.0.1)
 541:             5            120  java.net.Inet6Address (java.base@15.0.1)
 542:             3            120  java.text.DigitList (java.base@15.0.1)
 543:             5            120  java.time.Instant (java.base@15.0.1)
 544:             5            120  java.time.format.SignStyle (java.base@15.0.1)
 545:             3            120  java.util.HashMap$KeyIterator (java.base@15.0.1)
 546:             5            120  java.util.regex.Pattern$CharProperty (java.base@15.0.1)
 547:             3            120  java.util.regex.Pattern$Loop (java.base@15.0.1)
 548:             5            120  java.util.stream.StreamOpFlag$Type (java.base@15.0.1)
 549:             3            120  jdk.internal.loader.AbstractClassLoaderValue$Memoizer (java.base@15.0.1)
 550:             5            120  jdk.net.ExtendedSocketOptions$ExtSocketOption (jdk.net@15.0.1)
 551:             5            120  org.yaml.snakeyaml.DumperOptions$ScalarStyle
 552:             2            112  [Lio.micronaut.http.HttpMethod;
 553:             2            112  [Ljava.nio.file.attribute.PosixFilePermission; (java.base@15.0.1)
 554:             1            112  [Ljava.time.LocalTime; (java.base@15.0.1)
 555:             2            112  [Ljava.util.regex.Pattern$GroupHead; (java.base@15.0.1)
 556:             1            112  [Lorg.yaml.snakeyaml.tokens.Token$ID;
 557:             7            112  com.sun.proxy.$Proxy19
 558:             2            112  io.netty.channel.DefaultChannelPipeline$TailContext
 559:             2            112  java.nio.DirectIntBufferRU (java.base@15.0.1)
 560:             7            112  java.util.concurrent.ConcurrentHashMap$ValuesView (java.base@15.0.1)
 561:             1            112  jdk.internal.loader.ClassLoaders$AppClassLoader (java.base@15.0.1)
 562:             1            112  sun.nio.ch.SocketChannelImpl (java.base@15.0.1)
 563:             2            104  [Lsun.util.logging.PlatformLogger$Level; (java.base@15.0.1)
 564:             1            104  io.micronaut.http.server.netty.NettyHttpRequest
 565:             1            104  io.netty.channel.socket.nio.NioServerSocketChannel
 566:             1            104  io.netty.channel.socket.nio.NioSocketChannel
 567:             1            104  io.netty.handler.timeout.IdleStateHandler
 568:             1            104  jdk.internal.loader.ClassLoaders$BootClassLoader (java.base@15.0.1)
 569:             1            104  jdk.internal.loader.ClassLoaders$PlatformClassLoader (java.base@15.0.1)
 570:             2             96  [Ljava.lang.System$Logger$Level; (java.base@15.0.1)
 571:             2             96  [Ljava.time.DayOfWeek; (java.base@15.0.1)
 572:             1             96  [Lsun.util.locale.BaseLocale; (java.base@15.0.1)
 573:             1             96  [[J (java.base@15.0.1)
 574:             1             96  ch.qos.logback.classic.LoggerContext
 575:             3             96  ch.qos.logback.core.joran.action.AppenderRefAction
 576:             4             96  ch.qos.logback.core.pattern.parser.Token
 577:             4             96  ch.qos.logback.core.subst.Token
 578:             3             96  com.sun.org.apache.xerces.internal.utils.XMLSecurityManager$NameMap (java.xml@15.0.1)
 579:             3             96  io.micronaut.context.AbstractBeanResolutionContext$DefaultPath
 580:             4             96  io.micronaut.http.server.netty.binders.PublisherBodyBinder
 581:             4             96  io.micronaut.websocket.WebSocketVersion
 582:             3             96  io.netty.channel.AdaptiveRecvByteBufAllocator
 583:             2             96  io.netty.channel.DefaultChannelPipeline
 584:             4             96  io.netty.channel.VoidChannelPromise
 585:             4             96  io.netty.handler.codec.HeadersUtils$1
 586:             1             96  io.netty.handler.codec.http.HttpServerCodec$HttpServerRequestDecoder
 587:             4             96  io.netty.util.Recycler$2
 588:             4             96  io.netty.util.ResourceLeakDetector$Level
 589:             6             96  io.netty.util.internal.TypeParameterMatcher$ReflectiveMatcher
 590:             3             96  java.lang.Runtime$Version (java.base@15.0.1)
 591:             2             96  java.lang.StackTraceElement (java.base@15.0.1)
 592:             4             96  java.lang.module.ModuleDescriptor$Opens (java.base@15.0.1)
 593:             4             96  java.math.MathContext (java.base@15.0.1)
 594:             4             96  java.time.format.DateTimeFormatterBuilder$OffsetIdPrinterParser (java.base@15.0.1)
 595:             4             96  java.time.format.DateTimeFormatterBuilder$SettingsParser (java.base@15.0.1)
 596:             4             96  java.util.Collections$UnmodifiableCollection$1 (java.base@15.0.1)
 597:             3             96  java.util.concurrent.ConcurrentHashMap$ForwardingNode (java.base@15.0.1)
 598:             2             96  java.util.concurrent.LinkedBlockingQueue (java.base@15.0.1)
 599:             4             96  java.util.concurrent.locks.AbstractQueuedSynchronizer$ConditionObject (java.base@15.0.1)
 600:             4             96  java.util.regex.Pattern$CharPredicate$$Lambda$120/0x0000000800b844d8 (java.base@15.0.1)
 601:             3             96  java.util.regex.Pattern$Curly (java.base@15.0.1)
 602:             2             96  java.util.regex.Pattern$GroupCurly (java.base@15.0.1)
 603:             4             96  java.util.regex.Pattern$Qtype (java.base@15.0.1)
 604:             4             96  java.util.stream.StreamShape (java.base@15.0.1)
 605:             1             96  jdk.internal.jimage.ImageReader$SharedImageReader (java.base@15.0.1)
 606:             6             96  jdk.internal.loader.ClassLoaderValue (java.base@15.0.1)
 607:             4             96  jdk.internal.logger.BootstrapLogger$LoggingBackend (java.base@15.0.1)
 608:             4             96  jdk.internal.reflect.ByteVectorImpl (java.base@15.0.1)
 609:             4             96  org.yaml.snakeyaml.nodes.NodeId
 610:             3             96  sun.net.spi.DefaultProxySelector$NonProxyInfo (java.base@15.0.1)
 611:             2             96  sun.nio.ch.SelectionKeyImpl (java.base@15.0.1)
 612:             2             96  sun.nio.cs.StreamEncoder (java.base@15.0.1)
 613:             3             96  sun.reflect.annotation.AnnotationParser$$Lambda$179/0x0000000800d8ae88 (java.base@15.0.1)
 614:             6             96  sun.reflect.generics.tree.TypeVariableSignature (java.base@15.0.1)
 615:             4             96  sun.security.util.LazyCodeSourcePermissionCollection (java.base@15.0.1)
 616:             1             88  io.netty.buffer.PooledUnsafeDirectByteBuf
 617:             1             88  sun.nio.ch.ServerSocketChannelImpl (java.base@15.0.1)
 618:             2             80  [F (java.base@15.0.1)
 619:             1             80  [Lio.netty.handler.codec.CodecOutputList;
 620:             2             80  [Ljava.time.format.SignStyle; (java.base@15.0.1)
 621:             1             80  [Ljava.util.concurrent.ForkJoinPool$WorkQueue; (java.base@15.0.1)
 622:             3             80  [Ljava.util.stream.Collector$Characteristics; (java.base@15.0.1)
 623:             2             80  [Ljava.util.stream.StreamOpFlag$Type; (java.base@15.0.1)
 624:             5             80  com.sun.proxy.$Proxy4
 625:             2             80  io.micronaut.context.EnvironmentAwareArgument
 626:             2             80  io.micronaut.http.uri.UriMatchTemplate
 627:             5             80  io.micronaut.inject.qualifiers.TypeArgumentQualifier
 628:             1             80  io.micronaut.runtime.Micronaut
 629:             2             80  io.netty.buffer.PoolThreadCache$MemoryRegionCache$Entry
 630:             2             80  io.netty.channel.AbstractChannel$CloseFuture
 631:             2             80  io.netty.channel.DefaultChannelPromise
 632:             2             80  io.netty.handler.codec.DefaultHeaders
 633:             2             80  io.netty.handler.codec.http.DefaultFullHttpResponse
 634:             5             80  io.netty.handler.codec.http.DefaultHttpHeaders
 635:             2             80  io.netty.handler.codec.http.HttpVersion
 636:             2             80  io.netty.util.Signal
 637:             2             80  java.io.BufferedWriter (java.base@15.0.1)
 638:             2             80  java.io.PrintStream (java.base@15.0.1)
 639:             2             80  java.lang.ModuleLayer (java.base@15.0.1)
 640:             2             80  java.lang.VirtualMachineError (java.base@15.0.1)
 641:             2             80  java.lang.module.Configuration (java.base@15.0.1)
 642:             2             80  java.net.InetAddress$CachedAddresses (java.base@15.0.1)
 643:             5             80  java.net.URLPermission$Authority (java.base@15.0.1)
 644:             2             80  java.time.zone.ZoneRules (java.base@15.0.1)
 645:             5             80  java.util.LinkedHashMap$LinkedEntrySet (java.base@15.0.1)
 646:             2             80  java.util.Locale$Category (java.base@15.0.1)
 647:             1             80  java.util.zip.ZipFile$Source (java.base@15.0.1)
 648:             1             80  sun.util.cldr.CLDRLocaleProviderAdapter (java.base@15.0.1)
 649:             3             72  [Lio.micronaut.core.annotation.AnnotationMetadata;
 650:             1             72  ch.qos.logback.classic.spi.LoggingEvent
 651:             3             72  ch.qos.logback.core.joran.action.NOPAction
 652:             3             72  ch.qos.logback.core.joran.action.PropertyAction
 653:             3             72  ch.qos.logback.core.spi.FilterReply
 654:             3             72  ch.qos.logback.core.subst.Tokenizer$TokenizerState
 655:             3             72  io.micronaut.context.env.PropertySourcePropertyResolver$PropertyCatalog
 656:             3             72  io.micronaut.core.io.scan.DefaultClassPathResourceLoader
 657:             3             72  io.micronaut.http.HttpVersion
 658:             1             72  io.micronaut.http.server.netty.RoutingInBoundHandler
 659:             1             72  io.micronaut.http.server.netty.SmartHttpContentCompressor
 660:             3             72  io.micronaut.reactive.rxjava2.RxInstrumentedFlowable
 661:             1             72  io.micronaut.reactive.rxjava2.RxJava2Instrumentation
 662:             3             72  io.micronaut.scheduling.executor.ThreadSelection
 663:             1             72  io.micronaut.web.router.DefaultUriRouteMatch$1
 664:             1             72  io.netty.buffer.PoolChunk
 665:             3             72  io.netty.handler.codec.http.HttpContentEncoder$State
 666:             3             72  java.lang.PublicMethods (java.base@15.0.1)
 667:             3             72  java.lang.WeakPairMap (java.base@15.0.1)
 668:             3             72  java.lang.annotation.RetentionPolicy (java.base@15.0.1)
 669:             3             72  java.lang.reflect.Proxy$ProxyBuilder (java.base@15.0.1)
 670:             3             72  java.lang.reflect.Proxy$ProxyBuilder$1 (java.base@15.0.1)
 671:             3             72  java.net.InetSocketAddress$InetSocketAddressHolder (java.base@15.0.1)
 672:             3             72  java.net.Proxy$Type (java.base@15.0.1)
 673:             3             72  java.nio.file.AccessMode (java.base@15.0.1)
 674:             3             72  java.security.BasicPermissionCollection (java.base@15.0.1)
 675:             3             72  java.time.format.ResolverStyle (java.base@15.0.1)
 676:             3             72  java.util.Date (java.base@15.0.1)
 677:             3             72  java.util.concurrent.ConcurrentSkipListMap$Node (java.base@15.0.1)
 678:             1             72  java.util.regex.Matcher (java.base@15.0.1)
 679:             3             72  java.util.regex.Pattern$Prolog (java.base@15.0.1)
 680:             3             72  java.util.stream.Collector$Characteristics (java.base@15.0.1)
 681:             3             72  java.util.stream.MatchOps$MatchKind (java.base@15.0.1)
 682:             3             72  jdk.internal.misc.Signal (java.base@15.0.1)
 683:             3             72  jdk.internal.module.IllegalAccessLogger$Mode (java.base@15.0.1)
 684:             3             72  org.yaml.snakeyaml.DumperOptions$FlowStyle
 685:             3             72  org.yaml.snakeyaml.DumperOptions$LineBreak
 686:             3             72  org.yaml.snakeyaml.introspector.BeanAccess
 687:             3             72  sun.net.www.protocol.http.HttpURLConnection$TunnelState (java.base@15.0.1)
 688:             1             72  sun.net.www.protocol.jar.URLJarFile (java.base@15.0.1)
 689:             3             72  sun.nio.fs.UnixUserPrincipals$User (java.base@15.0.1)
 690:             3             72  sun.reflect.annotation.AnnotationType$1 (java.base@15.0.1)
 691:             3             72  sun.reflect.generics.reflectiveObjects.WildcardTypeImpl (java.base@15.0.1)
 692:             3             72  sun.reflect.generics.tree.Wildcard (java.base@15.0.1)
 693:             3             64  [Lio.micronaut.http.MediaType;
 694:             2             64  [Lio.micronaut.websocket.WebSocketVersion;
 695:             2             64  [Lio.netty.handler.codec.http.HttpContentEncoder$State;
 696:             2             64  [Lio.netty.util.ResourceLeakDetector$Level;
 697:             4             64  [Ljava.lang.annotation.Annotation; (java.base@15.0.1)
 698:             2             64  [Ljava.lang.annotation.RetentionPolicy; (java.base@15.0.1)
 699:             1             64  [Ljava.lang.invoke.MethodHandleImpl$Intrinsic; (java.base@15.0.1)
 700:             2             64  [Ljava.nio.charset.CoderResult; (java.base@15.0.1)
 701:             2             64  [Lorg.yaml.snakeyaml.nodes.NodeId;
 702:             1             64  ch.qos.logback.classic.PatternLayout
 703:             2             64  ch.qos.logback.classic.joran.action.LevelAction
 704:             1             64  ch.qos.logback.core.ConsoleAppender
 705:             2             64  ch.qos.logback.core.joran.event.BodyEvent
 706:             2             64  ch.qos.logback.core.joran.spi.ConsoleTarget
 707:             2             64  ch.qos.logback.core.joran.util.beans.BeanDescription
 708:             2             64  ch.qos.logback.core.util.COWArrayList
 709:             2             64  ch.qos.logback.core.util.CachingDateFormatter
 710:             1             64  com.example.$HelloControllerDefinition
 711:             2             64  com.sun.org.apache.xerces.internal.utils.XMLSecurityPropertyManager$Property (java.xml@15.0.1)
 712:             4             64  com.sun.proxy.$Proxy17
 713:             1             64  io.micronaut.buffer.netty.$NettyByteBufferFactoryDefinition
 714:             2             64  io.micronaut.context.DefaultBeanContext$4
 715:             1             64  io.micronaut.http.bind.$DefaultRequestBinderRegistryDefinition
 716:             4             64  io.micronaut.http.client.ServiceHttpClientCondition
 717:             1             64  io.micronaut.http.client.loadbalance.$LoadBalancerConvertersDefinition
 718:             1             64  io.micronaut.http.converters.$HttpConverterRegistrarDefinition
 719:             1             64  io.micronaut.http.netty.channel.$DefaultEventLoopGroupFactoryDefinition
 720:             1             64  io.micronaut.http.netty.channel.$DefaultEventLoopGroupRegistry$DefaultEventLoopGroup1Definition
 721:             1             64  io.micronaut.http.netty.channel.$DefaultEventLoopGroupRegistryDefinition
 722:             1             64  io.micronaut.http.netty.channel.$NettyThreadFactory$NettyThreadFactory0Definition
 723:             1             64  io.micronaut.http.netty.channel.$NettyThreadFactoryDefinition
 724:             1             64  io.micronaut.http.netty.channel.$NioEventLoopGroupFactoryDefinition
 725:             4             64  io.micronaut.http.netty.channel.EpollAvailabilityCondition
 726:             4             64  io.micronaut.http.netty.channel.KQueueAvailabilityCondition
 727:             1             64  io.micronaut.http.resource.$ResourceLoaderFactory$FileSystemResourceLoader1Definition
 728:             1             64  io.micronaut.http.resource.$ResourceLoaderFactory$GetClassPathResourceLoader0Definition
 729:             1             64  io.micronaut.http.resource.$ResourceLoaderFactory$ResourceResolver2Definition
 730:             1             64  io.micronaut.http.resource.$ResourceLoaderFactoryDefinition
 731:             1             64  io.micronaut.http.server.$HttpServerConfiguration$HttpLocaleResolutionConfigurationPropertiesDefinition
 732:             1             64  io.micronaut.http.server.binding.$LocaleArgumentBinderDefinition
 733:             1             64  io.micronaut.http.server.codec.$TextStreamCodecDefinition
 734:             1             64  io.micronaut.http.server.context.$ServerRequestContextFilterDefinition
 735:             1             64  io.micronaut.http.server.netty.$DefaultHttpCompressionStrategyDefinition
 736:             1             64  io.micronaut.http.server.netty.$NettyEmbeddedServerInstanceDefinition
 737:             1             64  io.micronaut.http.server.netty.$NettyHttpServerDefinition
 738:             1             64  io.micronaut.http.server.netty.$NettyRequestArgumentSatisfierDefinition
 739:             1             64  io.micronaut.http.server.netty.RoutingInBoundHandler$3
 740:             1             64  io.micronaut.http.server.netty.binders.$NettyBinderRegistrarDefinition
 741:             1             64  io.micronaut.http.server.netty.converters.$NettyConvertersDefinition
 742:             1             64  io.micronaut.http.server.netty.types.$DefaultCustomizableResponseTypeHandlerRegistryDefinition
 743:             1             64  io.micronaut.http.server.netty.types.files.$FileTypeHandlerConfigurationDefinition
 744:             1             64  io.micronaut.http.server.netty.types.files.$FileTypeHandlerDefinition
 745:             1             64  io.micronaut.http.server.util.locale.$RequestLocaleResolverDefinition
 746:             1             64  io.micronaut.http.server.websocket.$ServerWebSocketProcessorDefinition
 747:             1             64  io.micronaut.jackson.$ObjectMapperFactory$ObjectMapper0Definition
 748:             1             64  io.micronaut.jackson.bind.$JacksonBeanPropertyBinderDefinition
 749:             1             64  io.micronaut.jackson.codec.$JsonMediaTypeCodecDefinition
 750:             1             64  io.micronaut.jackson.codec.$JsonStreamMediaTypeCodecDefinition
 751:             1             64  io.micronaut.jackson.convert.$JacksonConverterRegistrarDefinition
 752:             1             64  io.micronaut.reactive.rxjava2.$RxInstrumenterFactoryDefinition
 753:             1             64  io.micronaut.reactive.rxjava2.$RxJava2InstrumentationDefinition
 754:             1             64  io.micronaut.reactive.rxjava2.converters.$RxJavaConverterRegistrarDefinition
 755:             1             64  io.micronaut.runtime.$ApplicationConfigurationDefinition
 756:             1             64  io.micronaut.runtime.context.scope.refresh.$RefreshScopeDefinition
 757:             1             64  io.micronaut.runtime.converters.time.$TimeConverterRegistrarDefinition
 758:             1             64  io.micronaut.runtime.http.codec.$MediaTypeCodecRegistryFactory$MediaTypeCodecRegistry0Definition
 759:             1             64  io.micronaut.runtime.http.codec.$MediaTypeCodecRegistryFactoryDefinition
 760:             1             64  io.micronaut.runtime.http.codec.$TextPlainCodecDefinition
 761:             1             64  io.micronaut.runtime.http.scope.$RequestCustomScopeDefinition
 762:             1             64  io.micronaut.scheduling.executor.$DefaultExecutorSelectorDefinition
 763:             1             64  io.micronaut.scheduling.executor.$ExecutorFactory$ExecutorService1Definition
 764:             1             64  io.micronaut.scheduling.instrument.$ExecutorServiceInstrumenterDefinition
 765:             1             64  io.micronaut.web.router.$AnnotatedFilterRouteBuilderDefinition
 766:             1             64  io.micronaut.web.router.$AnnotatedMethodRouteBuilderDefinition
 767:             1             64  io.micronaut.web.router.$DefaultRouterDefinition
 768:             1             64  io.micronaut.web.router.naming.$HyphenatedUriNamingStrategyDefinition
 769:             1             64  io.micronaut.web.router.resource.$StaticResourceResolverDefinition
 770:             2             64  io.netty.buffer.EmptyByteBuf
 771:             2             64  io.netty.buffer.PoolThreadCache$NormalMemoryRegionCache
 772:             1             64  io.netty.buffer.PooledByteBufAllocator
 773:             1             64  io.netty.channel.ChannelOutboundBuffer$Entry
 774:             2             64  io.netty.channel.DefaultChannelId
 775:             2             64  io.netty.channel.nio.NioEventLoopGroup
 776:             1             64  io.netty.channel.socket.nio.NioServerSocketChannel$NioServerSocketChannelConfig
 777:             1             64  io.netty.channel.socket.nio.NioSocketChannel$NioSocketChannelConfig
 778:             2             64  io.netty.util.AttributeKey
 779:             2             64  io.netty.util.Signal$SignalConstant
 780:             2             64  io.netty.util.concurrent.DefaultThreadFactory
 781:             1             64  io.netty.util.concurrent.GlobalEventExecutor
 782:             4             64  io.netty.util.internal.ObjectPool$RecyclerObjectPool
 783:             2             64  java.io.BufferedOutputStream (java.base@15.0.1)
 784:             2             64  java.io.File (java.base@15.0.1)
 785:             2             64  java.io.FileOutputStream (java.base@15.0.1)
 786:             2             64  java.lang.ClassValue$Entry (java.base@15.0.1)
 787:             2             64  java.lang.invoke.VarHandleBooleans$FieldInstanceReadWrite (java.base@15.0.1)
 788:             2             64  java.lang.invoke.VarHandleLongs$FieldInstanceReadWrite (java.base@15.0.1)
 789:             2             64  java.lang.ref.ReferenceQueue$Null (java.base@15.0.1)
 790:             2             64  java.time.format.DateTimeFormatterBuilder$TextPrinterParser (java.base@15.0.1)
 791:             2             64  java.time.temporal.IsoFields$Unit (java.base@15.0.1)
 792:             4             64  java.util.IdentityHashMap$KeySet (java.base@15.0.1)
 793:             1             64  java.util.logging.LogManager$RootLogger (java.logging@15.0.1)
 794:             2             64  java.util.regex.Pattern$BnM (java.base@15.0.1)
 795:             2             64  java.util.stream.SortedOps$SizedRefSortingSink (java.base@15.0.1)
 796:             2             64  java.util.zip.ZipFile$CleanableResource (java.base@15.0.1)
 797:             4             64  jdk.internal.reflect.BootstrapConstructorAccessorImpl (java.base@15.0.1)
 798:             2             64  sun.nio.ch.DummySocketImpl (java.base@15.0.1)
 799:             2             64  sun.util.locale.provider.LocaleResources (java.base@15.0.1)
 800:             1             56  [Lcom.sun.org.apache.xerces.internal.impl.XMLScanner$NameType; (java.xml@15.0.1)
 801:             1             56  [Lcom.sun.org.apache.xerces.internal.utils.XMLSecurityManager$Limit; (java.xml@15.0.1)
 802:             2             56  [Lio.micronaut.context.env.PropertySourcePropertyResolver$PropertyCatalog;
 803:             1             56  [Lio.micronaut.http.HttpAttributes;
 804:             1             56  [Ljava.lang.Runnable; (java.base@15.0.1)
 805:             1             56  [Ljava.nio.file.StandardOpenOption; (java.base@15.0.1)
 806:             1             56  [Lorg.yaml.snakeyaml.events.Event$ID;
 807:             1             56  com.example.$HelloControllerDefinition$$exec1
 808:             1             56  io.micronaut.core.reflect.ReflectionUtils$1
 809:             1             56  io.micronaut.core.reflect.ReflectionUtils$2
 810:             1             56  io.micronaut.http.netty.stream.HttpStreamsServerHandler
 811:             1             56  io.micronaut.http.server.websocket.ServerWebSocketProcessor
 812:             1             56  io.micronaut.web.router.AnnotatedFilterRouteBuilder
 813:             1             56  io.micronaut.web.router.AnnotatedMethodRouteBuilder
 814:             1             56  io.micronaut.web.router.DefaultUriRouteMatch
 815:             1             56  java.io.FileCleanable (java.base@15.0.1)
 816:             1             56  java.lang.invoke.BoundMethodHandle$Specializer (java.base@15.0.1)
 817:             1             56  java.lang.invoke.BoundMethodHandle$Species_LLLLLLL (java.base@15.0.1)
 818:             1             56  java.util.concurrent.ConcurrentHashMap$KeyIterator (java.base@15.0.1)
 819:             1             56  java.util.jar.JarFile (java.base@15.0.1)
 820:             1             56  java.util.logging.LogManager (java.logging@15.0.1)
 821:             1             56  java.util.stream.ReduceOps$ReduceTask (java.base@15.0.1)
 822:             1             56  jdk.internal.ref.CleanerImpl$SoftCleanableRef (java.base@15.0.1)
 823:             1             48  [Lio.micronaut.context.env.ComputePlatform;
 824:             2             48  [Lio.netty.buffer.PoolArena$SizeClass;
 825:             1             48  [Ljava.math.RoundingMode; (java.base@15.0.1)
 826:             2             48  [Ljava.net.InetAddress; (java.base@15.0.1)
 827:             1             48  [Ljava.util.concurrent.TimeUnit; (java.base@15.0.1)
 828:             1             48  ch.qos.logback.classic.encoder.PatternLayoutEncoder
 829:             1             48  ch.qos.logback.classic.pattern.DateConverter
 830:             1             48  ch.qos.logback.classic.pattern.ThrowableProxyConverter
 831:             1             48  ch.qos.logback.core.joran.action.DefinePropertyAction
 832:             1             48  ch.qos.logback.core.joran.spi.InterpretationContext
 833:             1             48  ch.qos.logback.core.joran.spi.Interpreter
 834:             3             48  ch.qos.logback.core.spi.LogbackLock
 835:             2             48  ch.qos.logback.core.subst.Node$Type
 836:             3             48  com.sun.org.apache.xerces.internal.impl.dv.dtd.ListDatatypeValidator (java.xml@15.0.1)
 837:             3             48  com.sun.proxy.$Proxy13
 838:             3             48  com.sun.proxy.$Proxy6
 839:             2             48  io.micronaut.context.AbstractBeanResolutionContext$ConstructorSegment
 840:             2             48  io.micronaut.context.env.PropertySource$PropertyConvention
 841:             2             48  io.micronaut.core.async.SupplierUtil$1
 842:             2             48  io.micronaut.core.convert.value.MutableConvertibleValuesMap
 843:             2             48  io.micronaut.http.netty.NettyHttpHeaders
 844:             1             48  io.micronaut.http.server.netty.websocket.NettyServerWebSocketUpgradeHandler
 845:             2             48  io.micronaut.http.uri.UriTemplate$UriTemplateParser$RawPathSegment
 846:             2             48  io.micronaut.inject.qualifiers.TypeArgumentQualifier$$Lambda$324/0x0000000800e09d60
 847:             2             48  io.micronaut.runtime.http.scope.RequestCustomScope$$Lambda$447/0x0000000800eec760
 848:             2             48  io.netty.buffer.PoolArena$SizeClass
 849:             1             48  io.netty.buffer.PoolThreadCache
 850:             1             48  io.netty.buffer.UnpooledByteBufAllocator$InstrumentedUnpooledUnsafeHeapByteBuf
 851:             1             48  io.netty.buffer.UnpooledHeapByteBuf
 852:             2             48  io.netty.buffer.UnreleasableByteBuf
 853:             2             48  io.netty.channel.ChannelMetadata
 854:             2             48  io.netty.channel.SucceededChannelFuture
 855:             1             48  io.netty.handler.codec.http2.Http2Settings
 856:             2             48  io.netty.util.concurrent.DefaultEventExecutorChooserFactory$PowerOfTwoEventExecutorChooser
 857:             3             48  io.netty.util.concurrent.PromiseTask$SentinelRunnable
 858:             2             48  io.netty.util.internal.DefaultPriorityQueue
 859:             2             48  io.netty.util.internal.ThreadExecutorMap$2
 860:             2             48  java.io.File$PathStatus (java.base@15.0.1)
 861:             2             48  java.io.FilePermissionCollection (java.base@15.0.1)
 862:             2             48  java.io.OutputStreamWriter (java.base@15.0.1)
 863:             1             48  java.lang.NullPointerException (java.base@15.0.1)
 864:             2             48  java.lang.ThreadLocal$ThreadLocalMap (java.base@15.0.1)
 865:             1             48  java.lang.invoke.BoundMethodHandle$Specializer$Factory (java.base@15.0.1)
 866:             2             48  java.lang.invoke.MethodHandles$Lookup$ClassOption (java.base@15.0.1)
 867:             2             48  java.lang.management.ManagementPermission (java.management@15.0.1)
 868:             3             48  java.lang.reflect.Proxy$$Lambda$176/0x0000000800d89378 (java.base@15.0.1)
 869:             2             48  java.lang.reflect.ReflectPermission (java.base@15.0.1)
 870:             3             48  java.net.InetSocketAddress (java.base@15.0.1)
 871:             2             48  java.net.InterfaceAddress (java.base@15.0.1)
 872:             1             48  java.net.NetworkInterface (java.base@15.0.1)
 873:             2             48  java.net.StandardProtocolFamily (java.base@15.0.1)
 874:             3             48  java.nio.charset.CodingErrorAction (java.base@15.0.1)
 875:             3             48  java.text.AttributedCharacterIterator$Attribute (java.base@15.0.1)
 876:             2             48  java.time.Clock$SystemClock (java.base@15.0.1)
 877:             2             48  java.time.ZoneRegion (java.base@15.0.1)
 878:             2             48  java.time.ZonedDateTime (java.base@15.0.1)
 879:             2             48  java.time.format.DateTimeFormatterBuilder$1 (java.base@15.0.1)
 880:             2             48  java.time.format.DateTimeFormatterBuilder$ZoneIdPrinterParser (java.base@15.0.1)
 881:             2             48  java.time.format.DateTimeTextProvider$LocaleStore (java.base@15.0.1)
 882:             2             48  java.util.Arrays$ArrayItr (java.base@15.0.1)
 883:             3             48  java.util.ResourceBundle$NoFallbackControl (java.base@15.0.1)
 884:             3             48  java.util.WeakHashMap$KeySet (java.base@15.0.1)
 885:             1             48  java.util.concurrent.ConcurrentSkipListMap (java.base@15.0.1)
 886:             2             48  java.util.concurrent.ConcurrentSkipListMap$Index (java.base@15.0.1)
 887:             2             48  java.util.concurrent.LinkedBlockingQueue$Node (java.base@15.0.1)
 888:             2             48  java.util.logging.Logger$LoggerBundle (java.logging@15.0.1)
 889:             2             48  java.util.logging.LoggingPermission (java.logging@15.0.1)
 890:             2             48  java.util.regex.Pattern$TreeInfo (java.base@15.0.1)
 891:             1             48  jdk.internal.jimage.ImageHeader (java.base@15.0.1)
 892:             1             48  jdk.internal.loader.URLClassPath$JarLoader (java.base@15.0.1)
 893:             2             48  jdk.internal.misc.Signal$NativeHandler (java.base@15.0.1)
 894:             3             48  jdk.internal.module.ServicesCatalog (java.base@15.0.1)
 895:             1             48  jdk.internal.ref.CleanerImpl$WeakCleanableRef (java.base@15.0.1)
 896:             2             48  org.slf4j.helpers.FormattingTuple
 897:             2             48  org.yaml.snakeyaml.DumperOptions$NonPrintableStyle
 898:             1             48  sun.net.www.http.KeepAliveCache (java.base@15.0.1)
 899:             1             48  sun.nio.ch.SocketAdaptor (java.base@15.0.1)
 900:             3             48  sun.nio.ch.SocketDispatcher (java.base@15.0.1)
 901:             2             40  [Lch.qos.logback.core.Appender;
 902:             1             40  [Lch.qos.logback.core.pattern.parser.TokenStream$TokenizerState;
 903:             1             40  [Lch.qos.logback.core.subst.Token$Type;
 904:             1             40  [Lch.qos.logback.core.util.AggregationType;
 905:             1             40  [Lcom.sun.org.apache.xerces.internal.util.Status; (java.xml@15.0.1)
 906:             1             40  [Lcom.sun.org.apache.xerces.internal.utils.XMLSecurityManager$State; (java.xml@15.0.1)
 907:             1             40  [Lcom.sun.org.apache.xerces.internal.utils.XMLSecurityPropertyManager$State; (java.xml@15.0.1)
 908:             1             40  [Lio.netty.handler.codec.http.HttpStatusClass;
 909:             1             40  [Lio.netty.handler.codec.http2.HttpConversionUtil$ExtensionHeaderNames;
 910:             2             40  [Lio.netty.util.DefaultAttributeMap$DefaultAttribute;
 911:             1             40  [Ljava.lang.invoke.VarHandle$AccessType; (java.base@15.0.1)
 912:             1             40  [Ljava.nio.charset.Charset; (java.base@15.0.1)
 913:             1             40  [Ljava.time.format.TextStyle; (java.base@15.0.1)
 914:             1             40  [Ljava.util.stream.StreamOpFlag; (java.base@15.0.1)
 915:             1             40  [Lorg.yaml.snakeyaml.DumperOptions$ScalarStyle;
 916:             1             40  [Lsun.util.locale.provider.LocaleProviderAdapter$Type; (java.base@15.0.1)
 917:             1             40  [[Ljava.lang.invoke.LambdaForm$Name; (java.base@15.0.1)
 918:             1             40  ch.qos.logback.classic.pattern.LoggerConverter
 919:             1             40  ch.qos.logback.classic.pattern.color.HighlightingCompositeConverter
 920:             1             40  ch.qos.logback.core.BasicStatusManager
 921:             1             40  ch.qos.logback.core.joran.action.StatusListenerAction
 922:             1             40  ch.qos.logback.core.joran.spi.ConfigurationWatchList
 923:             1             40  ch.qos.logback.core.pattern.color.CyanCompositeConverter
 924:             1             40  ch.qos.logback.core.pattern.color.GrayCompositeConverter
 925:             1             40  ch.qos.logback.core.pattern.color.MagentaCompositeConverter
 926:             1             40  com.sun.management.internal.DiagnosticCommandImpl (jdk.management@15.0.1)
 927:             1             40  com.sun.org.apache.xerces.internal.impl.XMLEntityScanner$1 (java.xml@15.0.1)
 928:             1             40  com.sun.xml.internal.stream.util.BufferAllocator (java.xml@15.0.1)
 929:             1             40  io.micronaut.context.DefaultBeanContext$5
 930:             1             40  io.micronaut.http.netty.NettyMutableHttpResponse
 931:             1             40  io.micronaut.http.netty.channel.DefaultEventLoopGroupConfiguration
 932:             1             40  io.micronaut.http.server.HttpServerConfiguration$MultipartConfiguration
 933:             1             40  io.micronaut.http.server.netty.NettyEmbeddedServerInstance
 934:             1             40  io.micronaut.http.server.netty.NettyHttpServer$Http2OrHttpHandler
 935:             1             40  io.micronaut.jackson.codec.JsonMediaTypeCodec
 936:             1             40  io.micronaut.jackson.codec.JsonStreamMediaTypeCodec
 937:             1             40  io.micronaut.web.router.BeanDefinitionFilterRoute
 938:             1             40  io.netty.bootstrap.AbstractBootstrap$PendingRegistrationPromise
 939:             1             40  io.netty.bootstrap.ServerBootstrap$ServerBootstrapAcceptor
 940:             1             40  io.netty.buffer.LongLongHashMap
 941:             1             40  io.netty.channel.StacklessClosedChannelException
 942:             1             40  io.netty.channel.group.DefaultChannelGroup
 943:             1             40  io.netty.channel.nio.AbstractNioMessageChannel$NioMessageUnsafe
 944:             1             40  io.netty.channel.socket.nio.NioSocketChannel$NioSocketChannelUnsafe
 945:             1             40  io.netty.handler.codec.http.HttpServerCodec
 946:             1             40  io.netty.handler.codec.http.HttpServerCodec$HttpServerResponseEncoder
 947:             1             40  io.netty.handler.codec.http.QueryStringDecoder
 948:             1             40  io.netty.util.concurrent.DefaultPromise$StacklessCancellationException
 949:             1             40  io.reactivex.internal.subscribers.StrictSubscriber
 950:             1             40  io.reactivex.internal.util.ExceptionHelper$Termination
 951:             1             40  java.io.BufferedInputStream (java.base@15.0.1)
 952:             1             40  java.lang.ArithmeticException (java.base@15.0.1)
 953:             1             40  java.lang.Package$VersionInfo (java.base@15.0.1)
 954:             1             40  java.lang.UnsupportedOperationException (java.base@15.0.1)
 955:             1             40  java.lang.invoke.VarHandleReferences$Array (java.base@15.0.1)
 956:             1             40  java.time.format.DateTimeFormatterBuilder$FractionPrinterParser (java.base@15.0.1)
 957:             1             40  java.util.HashMap$KeySpliterator (java.base@15.0.1)
 958:             1             40  java.util.HashMap$ValueIterator (java.base@15.0.1)
 959:             1             40  java.util.IdentityHashMap$KeyIterator (java.base@15.0.1)
 960:             1             40  java.util.ResourceBundle$2 (java.base@15.0.1)
 961:             1             40  jdk.internal.loader.URLClassPath (java.base@15.0.1)
 962:             1             40  jdk.internal.module.ArchivedModuleGraph (java.base@15.0.1)
 963:             1             40  jdk.internal.ref.CleanerImpl$CleanerCleanable (java.base@15.0.1)
 964:             1             40  jdk.nio.zipfs.ZipFileSystem$IndexNode (jdk.zipfs@15.0.1)
 965:             1             40  sun.nio.ch.ServerSocketAdaptor (java.base@15.0.1)
 966:             1             40  sun.nio.cs.StandardCharsets$Aliases (java.base@15.0.1)
 967:             1             40  sun.nio.cs.StandardCharsets$Cache (java.base@15.0.1)
 968:             1             40  sun.nio.cs.UTF_8$Decoder (java.base@15.0.1)
 969:             1             40  sun.text.resources.cldr.FormatData (java.base@15.0.1)
 970:             1             40  sun.text.resources.cldr.ext.FormatData_pt (jdk.localedata@15.0.1)
 971:             1             40  sun.util.locale.InternalLocaleBuilder (java.base@15.0.1)
 972:             1             40  sun.util.resources.Bundles$1 (java.base@15.0.1)
 973:             1             40  sun.util.resources.cldr.CalendarData (java.base@15.0.1)
 974:             1             32  [Lch.qos.logback.core.spi.FilterReply;
 975:             1             32  [Lch.qos.logback.core.subst.Tokenizer$TokenizerState;
 976:             1             32  [Lcom.sun.org.apache.xerces.internal.utils.XMLSecurityManager$NameMap; (java.xml@15.0.1)
 977:             1             32  [Lio.micronaut.core.util.clhm.ConcurrentLinkedHashMap$DrainStatus;
 978:             1             32  [Lio.micronaut.http.HttpVersion;
 979:             1             32  [Lio.micronaut.scheduling.executor.ThreadSelection;
 980:             1             32  [Ljava.lang.OutOfMemoryError; (java.base@15.0.1)
 981:             1             32  [Ljava.lang.ThreadGroup; (java.base@15.0.1)
 982:             1             32  [Ljava.lang.invoke.LambdaFormEditor$Transform; (java.base@15.0.1)
 983:             1             32  [Ljava.lang.module.ModuleDescriptor$Requires$Modifier; (java.base@15.0.1)
 984:             1             32  [Ljava.net.Proxy$Type; (java.base@15.0.1)
 985:             1             32  [Ljava.nio.file.AccessMode; (java.base@15.0.1)
 986:             2             32  [Ljava.security.cert.Certificate; (java.base@15.0.1)
 987:             1             32  [Ljava.time.format.DateTimeFormatterBuilder$SettingsParser; (java.base@15.0.1)
 988:             1             32  [Ljava.time.format.ResolverStyle; (java.base@15.0.1)
 989:             1             32  [Ljava.time.temporal.IsoFields$Field; (java.base@15.0.1)
 990:             1             32  [Ljava.time.temporal.JulianFields$Field; (java.base@15.0.1)
 991:             2             32  [Ljava.util.Map$Entry; (java.base@15.0.1)
 992:             1             32  [Ljava.util.regex.Pattern$Qtype; (java.base@15.0.1)
 993:             1             32  [Ljava.util.stream.MatchOps$MatchKind; (java.base@15.0.1)
 994:             1             32  [Ljava.util.stream.StreamShape; (java.base@15.0.1)
 995:             1             32  [Ljavax.xml.catalog.CatalogFeatures$Feature; (java.xml@15.0.1)
 996:             1             32  [Ljdk.internal.jimage.ImageBufferCache$BufferReference; (java.base@15.0.1)
 997:             1             32  [Ljdk.internal.logger.BootstrapLogger$LoggingBackend; (java.base@15.0.1)
 998:             1             32  [Ljdk.internal.module.IllegalAccessLogger$Mode; (java.base@15.0.1)
 999:             1             32  [Lorg.yaml.snakeyaml.DumperOptions$FlowStyle;
1000:             1             32  [Lorg.yaml.snakeyaml.DumperOptions$LineBreak;
1001:             1             32  [Lorg.yaml.snakeyaml.introspector.BeanAccess;
1002:             1             32  [Lsun.net.www.protocol.http.HttpURLConnection$TunnelState; (java.base@15.0.1)
1003:             1             32  [Lsun.nio.fs.NativeBuffer; (java.base@15.0.1)
1004:             1             32  ch.qos.logback.classic.joran.JoranConfigurator
1005:             1             32  ch.qos.logback.classic.joran.action.ConfigurationAction
1006:             1             32  ch.qos.logback.classic.joran.action.EvaluatorAction
1007:             1             32  ch.qos.logback.classic.joran.action.LoggerAction
1008:             1             32  ch.qos.logback.classic.joran.action.LoggerContextListenerAction
1009:             1             32  ch.qos.logback.classic.joran.action.ReceiverAction
1010:             1             32  ch.qos.logback.classic.joran.action.RootLoggerAction
1011:             1             32  ch.qos.logback.classic.pattern.LevelConverter
1012:             1             32  ch.qos.logback.classic.pattern.LineSeparatorConverter
1013:             1             32  ch.qos.logback.classic.pattern.MessageConverter
1014:             1             32  ch.qos.logback.classic.pattern.ThreadConverter
1015:             1             32  ch.qos.logback.classic.sift.SiftAction
1016:             1             32  ch.qos.logback.classic.spi.LoggerContextVO
1017:             1             32  ch.qos.logback.core.helpers.CyclicBuffer
1018:             1             32  ch.qos.logback.core.joran.action.AppenderAction
1019:             1             32  ch.qos.logback.core.joran.action.ConversionRuleAction
1020:             1             32  ch.qos.logback.core.joran.action.IncludeAction
1021:             1             32  ch.qos.logback.core.joran.action.NestedBasicPropertyIA
1022:             1             32  ch.qos.logback.core.joran.action.NestedComplexPropertyIA
1023:             1             32  ch.qos.logback.core.joran.action.NewRuleAction
1024:             1             32  ch.qos.logback.core.joran.action.ParamAction
1025:             1             32  ch.qos.logback.core.joran.action.ShutdownHookAction
1026:             1             32  ch.qos.logback.core.joran.action.TimestampAction
1027:             1             32  ch.qos.logback.core.joran.conditional.ElseAction
1028:             1             32  ch.qos.logback.core.joran.conditional.IfAction
1029:             1             32  ch.qos.logback.core.joran.conditional.ThenAction
1030:             1             32  ch.qos.logback.core.joran.spi.SimpleRuleStore
1031:             1             32  ch.qos.logback.core.joran.util.beans.BeanDescriptionCache
1032:             2             32  com.sun.org.apache.xerces.internal.impl.dv.dtd.ENTITYDatatypeValidator (java.xml@15.0.1)
1033:             2             32  com.sun.proxy.$Proxy12
1034:             2             32  com.sun.proxy.$Proxy21
1035:             2             32  com.sun.proxy.$Proxy3
1036:             2             32  com.sun.proxy.$Proxy5
1037:             2             32  com.sun.proxy.$Proxy8
1038:             2             32  io.micronaut.buffer.netty.NettyByteBufferFactory
1039:             2             32  io.micronaut.context.AbstractBeanDefinition$$Lambda$196/0x0000000800d96a78
1040:             1             32  io.micronaut.context.env.AbstractPropertySourceLoader$1
1041:             2             32  io.micronaut.core.async.SupplierUtil$1$$Lambda$398/0x0000000800e62828
1042:             1             32  io.micronaut.http.bind.DefaultRequestBinderRegistry
1043:             1             32  io.micronaut.http.server.HttpServerConfiguration$HttpLocaleResolutionConfigurationProperties
1044:             1             32  io.micronaut.http.server.codec.TextStreamCodec
1045:             1             32  io.micronaut.http.server.netty.NettyHttpServer$NettyHttpServerInitializer
1046:             1             32  io.micronaut.http.server.netty.RoutingInBoundHandler$$Lambda$426/0x0000000800ee0490
1047:             1             32  io.micronaut.http.server.netty.RoutingInBoundHandler$$Lambda$427/0x0000000800ee19a8
1048:             1             32  io.micronaut.http.server.netty.RoutingInBoundHandler$5
1049:             1             32  io.micronaut.http.server.netty.binders.NettyBinderRegistrar
1050:             1             32  io.micronaut.http.server.netty.decoders.HttpRequestDecoder
1051:             1             32  io.micronaut.http.server.netty.encoders.HttpResponseEncoder
1052:             1             32  io.micronaut.http.uri.UriMatchTemplate$DefaultUriMatchInfo
1053:             2             32  io.micronaut.inject.annotation.AnnotationMetadataHierarchy
1054:             2             32  io.micronaut.inject.qualifiers.TypeArgumentQualifier$$Lambda$323/0x0000000800e09b08
1055:             1             32  io.micronaut.runtime.ApplicationConfiguration$InstanceConfiguration
1056:             1             32  io.micronaut.runtime.Micronaut$$Lambda$403/0x0000000800e70f18
1057:             1             32  io.micronaut.runtime.Micronaut$$Lambda$414/0x0000000800ea86d8
1058:             1             32  io.micronaut.web.router.DefaultRouter
1059:             1             32  io.micronaut.web.router.DefaultRouter$$Lambda$424/0x0000000800edee38
1060:             1             32  io.netty.channel.CombinedChannelDuplexHandler$1
1061:             2             32  io.netty.channel.DefaultMaxMessagesRecvByteBufAllocator$MaxMessageHandle$1
1062:             2             32  io.netty.channel.VoidChannelPromise$1
1063:             2             32  io.netty.channel.nio.AbstractNioChannel$1
1064:             1             32  io.netty.handler.codec.CodecOutputList$CodecOutputLists
1065:             2             32  io.netty.handler.codec.DecoderResult
1066:             1             32  io.netty.handler.codec.http.DefaultHttpRequest
1067:             1             32  io.netty.handler.codec.http.HttpContentDecompressor
1068:             1             32  io.netty.handler.codec.http.HttpObjectDecoder$LineParser
1069:             1             32  io.netty.handler.codec.http.HttpStatusClass$1
1070:             2             32  io.netty.handler.codec.http.cookie.ServerCookieEncoder
1071:             1             32  io.netty.handler.flow.FlowControlHandler$RecyclableArrayDeque
1072:             1             32  io.netty.util.ResourceLeakDetector
1073:             2             32  io.netty.util.concurrent.FastThreadLocalRunnable
1074:             2             32  io.netty.util.concurrent.MultithreadEventExecutorGroup$1
1075:             2             32  io.netty.util.concurrent.SingleThreadEventExecutor$4
1076:             2             32  io.netty.util.concurrent.ThreadPerTaskExecutor
1077:             2             32  io.netty.util.internal.logging.Slf4JLoggerFactory
1078:             2             32  io.reactivex.internal.operators.flowable.FlowableDefer
1079:             1             32  java.io.FileInputStream (java.base@15.0.1)
1080:             1             32  java.io.RandomAccessFile (java.base@15.0.1)
1081:             1             32  java.io.UnixFileSystem (java.base@15.0.1)
1082:             2             32  java.lang.Boolean (java.base@15.0.1)
1083:             2             32  java.lang.Shutdown$Lock (java.base@15.0.1)
1084:             1             32  java.lang.StringBuffer (java.base@15.0.1)
1085:             1             32  java.lang.module.ModuleDescriptor$Version (java.base@15.0.1)
1086:             1             32  java.net.InetAddress$CachedLocalHost (java.base@15.0.1)
1087:             1             32  java.net.URI$Parser (java.base@15.0.1)
1088:             2             32  java.nio.ByteOrder (java.base@15.0.1)
1089:             2             32  java.nio.channels.spi.AbstractSelector$1 (java.base@15.0.1)
1090:             1             32  java.security.UnresolvedPermission (java.base@15.0.1)
1091:             1             32  java.text.DontCareFieldPosition (java.base@15.0.1)
1092:             2             32  java.time.format.DateTimeFormatterBuilder$StringLiteralPrinterParser (java.base@15.0.1)
1093:             1             32  java.util.AbstractList$Itr (java.base@15.0.1)
1094:             1             32  java.util.ArrayList$ListItr (java.base@15.0.1)
1095:             1             32  java.util.Random (java.base@15.0.1)
1096:             2             32  java.util.ResourceBundle$SingleFormatControl (java.base@15.0.1)
1097:             1             32  java.util.Vector (java.base@15.0.1)
1098:             2             32  java.util.concurrent.ConcurrentHashMap$EntrySetView (java.base@15.0.1)
1099:             1             32  java.util.concurrent.ThreadLocalRandom (java.base@15.0.1)
1100:             1             32  java.util.concurrent.atomic.AtomicLongFieldUpdater$CASUpdater (java.base@15.0.1)
1101:             1             32  java.util.concurrent.atomic.LongAdder (java.base@15.0.1)
1102:             1             32  java.util.logging.LogManager$SystemLoggerContext (java.logging@15.0.1)
1103:             2             32  java.util.regex.CharPredicates$$Lambda$353/0x0000000800da3cc8 (java.base@15.0.1)
1104:             1             32  java.util.stream.SortedOps$RefSortingSink (java.base@15.0.1)
1105:             1             32  java.util.zip.ZipCoder$UTF8ZipCoder (java.base@15.0.1)
1106:             1             32  javax.management.ObjectName (java.management@15.0.1)
1107:             1             32  jdk.internal.jimage.ImageBufferCache$BufferReference (java.base@15.0.1)
1108:             1             32  jdk.internal.logger.LazyLoggers$LazyLoggerAccessor (java.base@15.0.1)
1109:             1             32  jdk.internal.module.IllegalAccessLogger (java.base@15.0.1)
1110:             1             32  jdk.internal.ref.CleanerImpl (java.base@15.0.1)
1111:             1             32  jdk.internal.reflect.MethodAccessorGenerator$1 (java.base@15.0.1)
1112:             1             32  jdk.internal.reflect.UnsafeQualifiedStaticObjectFieldAccessorImpl (java.base@15.0.1)
1113:             1             32  jdk.net.ExtendedSocketOptions$1 (jdk.net@15.0.1)
1114:             1             32  sun.nio.fs.LinuxFileSystem (java.base@15.0.1)
1115:             1             32  sun.nio.fs.NativeBuffer (java.base@15.0.1)
1116:             1             32  sun.nio.fs.UnixFileKey (java.base@15.0.1)
1117:             1             32  sun.security.provider.PolicyFile (java.base@15.0.1)
1118:             1             32  sun.security.provider.PolicyFile$PolicyInfo (java.base@15.0.1)
1119:             1             24  [Lch.qos.logback.core.joran.spi.ConsoleTarget;
1120:             1             24  [Lch.qos.logback.core.subst.Node$Type;
1121:             1             24  [Lcom.sun.org.apache.xerces.internal.utils.XMLSecurityPropertyManager$Property; (java.xml@15.0.1)
1122:             1             24  [Lio.micronaut.context.env.PropertySource$PropertyConvention;
1123:             1             24  [Lio.micronaut.context.event.BeanCreatedEventListener;
1124:             1             24  [Lio.micronaut.core.naming.conventions.PropertyConvention;
1125:             1             24  [Lio.micronaut.core.util.clhm.ConcurrentLinkedHashMap$DiscardingListener;
1126:             1             24  [Lio.micronaut.core.util.clhm.Weighers$SingletonEntryWeigher;
1127:             1             24  [Lio.micronaut.http.server.util.locale.HttpLocaleResolver;
1128:             1             24  [Lio.netty.channel.ChannelHandler;
1129:             1             24  [Lio.reactivex.internal.subscriptions.SubscriptionHelper;
1130:             1             24  [Ljava.io.File$PathStatus; (java.base@15.0.1)
1131:             1             24  [Ljava.lang.ClassValue$Entry; (java.base@15.0.1)
1132:             1             24  [Ljava.net.InetSocketAddress; (java.base@15.0.1)
1133:             1             24  [Ljava.net.InterfaceAddress; (java.base@15.0.1)
1134:             1             24  [Ljava.net.StandardProtocolFamily; (java.base@15.0.1)
1135:             1             24  [Ljava.net.URL; (java.base@15.0.1)
1136:             1             24  [Ljava.time.temporal.IsoFields$Unit; (java.base@15.0.1)
1137:             1             24  [Ljava.util.Comparators$NaturalOrderComparator; (java.base@15.0.1)
1138:             1             24  [Ljava.util.Locale$Category; (java.base@15.0.1)
1139:             1             24  [Ljava.util.concurrent.ConcurrentHashMap$CounterCell; (java.base@15.0.1)
1140:             1             24  [Ljava.util.jar.Manifest; (java.base@15.0.1)
1141:             1             24  [Ljdk.internal.access.JavaSecurityAccess$ProtectionDomainCache; (java.base@15.0.1)
1142:             1             24  [Lorg.yaml.snakeyaml.DumperOptions$NonPrintableStyle;
1143:             1             24  ch.qos.logback.classic.joran.action.ConsolePluginAction
1144:             1             24  ch.qos.logback.classic.joran.action.ContextNameAction
1145:             1             24  ch.qos.logback.classic.joran.action.InsertFromJNDIAction
1146:             1             24  ch.qos.logback.classic.joran.action.JMXConfiguratorAction
1147:             1             24  ch.qos.logback.classic.spi.TurboFilterList
1148:             1             24  ch.qos.logback.classic.util.ContextSelectorStaticBinder
1149:             1             24  ch.qos.logback.classic.util.LogbackMDCAdapter
1150:             1             24  ch.qos.logback.core.joran.action.ContextPropertyAction
1151:             1             24  ch.qos.logback.core.joran.spi.CAI_WithLocatorSupport
1152:             1             24  ch.qos.logback.core.joran.spi.EventPlayer
1153:             1             24  ch.qos.logback.core.joran.util.beans.BeanDescriptionFactory
1154:             1             24  ch.qos.logback.core.pattern.FormatInfo
1155:             1             24  com.example.$HelloControllerDefinitionClass
1156:             1             24  com.sun.management.internal.PlatformMBeanProviderImpl$1 (jdk.management@15.0.1)
1157:             1             24  com.sun.management.internal.PlatformMBeanProviderImpl$2 (jdk.management@15.0.1)
1158:             1             24  com.sun.management.internal.PlatformMBeanProviderImpl$3 (jdk.management@15.0.1)
1159:             1             24  com.sun.management.internal.PlatformMBeanProviderImpl$4 (jdk.management@15.0.1)
1160:             1             24  com.sun.management.internal.PlatformMBeanProviderImpl$5 (jdk.management@15.0.1)
1161:             1             24  com.sun.org.apache.xerces.internal.impl.Constants$ArrayEnumeration (java.xml@15.0.1)
1162:             1             24  com.sun.org.apache.xerces.internal.jaxp.SAXParserFactoryImpl (java.xml@15.0.1)
1163:             1             24  io.micronaut.buffer.netty.$NettyByteBufferFactoryDefinitionClass
1164:             1             24  io.micronaut.context.AbstractBeanDefinition$$Lambda$195/0x0000000800d95510
1165:             1             24  io.micronaut.context.AbstractBeanDefinition$MethodKey
1166:             1             24  io.micronaut.context.AbstractExecutableMethod$MethodAnnotationMetadata
1167:             1             24  io.micronaut.context.BeanDefinitionDelegate$LifeCycleDelegate
1168:             1             24  io.micronaut.context.DefaultBeanContext$NoInjectionBeanDefinition
1169:             1             24  io.micronaut.context.DefaultCustomScopeRegistry
1170:             1             24  io.micronaut.context.env.DefaultEnvironment$EnvironmentsAndPackage
1171:             1             24  io.micronaut.context.env.DefaultPropertyPlaceholderResolver
1172:             1             24  io.micronaut.context.env.EnvironmentPropertySource
1173:             1             24  io.micronaut.context.env.SystemPropertiesPropertySource
1174:             1             24  io.micronaut.core.async.SupplierUtil$2
1175:             1             24  io.micronaut.core.convert.DefaultConversionService
1176:             1             24  io.micronaut.core.convert.DefaultConversionService$$Lambda$94/0x0000000800beac40
1177:             1             24  io.micronaut.core.io.scan.CachingClassPathAnnotationScanner
1178:             1             24  io.micronaut.core.naming.conventions.PropertyConvention
1179:             1             24  io.micronaut.core.util.clhm.ConcurrentLinkedHashMap$DiscardingListener
1180:             1             24  io.micronaut.core.util.clhm.ConcurrentLinkedHashMap$DrainStatus$1
1181:             1             24  io.micronaut.core.util.clhm.ConcurrentLinkedHashMap$DrainStatus$2
1182:             1             24  io.micronaut.core.util.clhm.ConcurrentLinkedHashMap$DrainStatus$3
1183:             1             24  io.micronaut.core.util.clhm.Weighers$SingletonEntryWeigher
1184:             1             24  io.micronaut.discovery.$DefaultCompositeDiscoveryClientDefinitionClass
1185:             1             24  io.micronaut.discovery.$DefaultServiceInstanceIdGeneratorDefinitionClass
1186:             1             24  io.micronaut.discovery.cloud.digitalocean.$DigitalOceanMetadataConfigurationDefinitionClass
1187:             1             24  io.micronaut.discovery.cloud.digitalocean.$DigitalOceanMetadataResolverDefinitionClass
1188:             1             24  io.micronaut.discovery.config.$DefaultCompositeConfigurationClientDefinitionClass
1189:             1             24  io.micronaut.health.$DefaultCurrentHealthStatusDefinitionClass
1190:             1             24  io.micronaut.health.$HeartbeatConfigurationDefinitionClass
1191:             1             24  io.micronaut.health.$HeartbeatTaskDefinitionClass
1192:             1             24  io.micronaut.http.bind.$DefaultRequestBinderRegistryDefinitionClass
1193:             1             24  io.micronaut.http.bind.binders.ParameterAnnotationBinder
1194:             1             24  io.micronaut.http.bind.binders.RequestBeanAnnotationBinder
1195:             1             24  io.micronaut.http.client.$DefaultHttpClientConfiguration$DefaultConnectionPoolConfigurationDefinitionClass
1196:             1             24  io.micronaut.http.client.$DefaultHttpClientConfigurationDefinitionClass
1197:             1             24  io.micronaut.http.client.$DefaultLoadBalancerResolverDefinitionClass
1198:             1             24  io.micronaut.http.client.$ServiceHttpClientConfiguration$ServiceConnectionPoolConfigurationDefinitionClass
1199:             1             24  io.micronaut.http.client.$ServiceHttpClientConfiguration$ServiceSslClientConfiguration$DefaultKeyConfigurationDefinitionClass
1200:             1             24  io.micronaut.http.client.$ServiceHttpClientConfiguration$ServiceSslClientConfiguration$DefaultKeyStoreConfigurationDefinitionClass
1201:             1             24  io.micronaut.http.client.$ServiceHttpClientConfiguration$ServiceSslClientConfiguration$DefaultTrustStoreConfigurationDefinitionClass
1202:             1             24  io.micronaut.http.client.$ServiceHttpClientConfiguration$ServiceSslClientConfigurationDefinitionClass
1203:             1             24  io.micronaut.http.client.$ServiceHttpClientConfigurationDefinitionClass
1204:             1             24  io.micronaut.http.client.$ServiceHttpClientFactory$HealthCheckStarter1DefinitionClass
1205:             1             24  io.micronaut.http.client.$ServiceHttpClientFactory$ServiceInstanceList0DefinitionClass
1206:             1             24  io.micronaut.http.client.$ServiceHttpClientFactoryDefinitionClass
1207:             1             24  io.micronaut.http.client.bind.$DefaultHttpClientBinderRegistryDefinitionClass
1208:             1             24  io.micronaut.http.client.filter.$DefaultHttpClientFilterResolverDefinitionClass
1209:             1             24  io.micronaut.http.client.interceptor.$HttpClientIntroductionAdviceDefinitionClass
1210:             1             24  io.micronaut.http.client.interceptor.configuration.$DefaultClientVersioningConfigurationDefinitionClass
1211:             1             24  io.micronaut.http.client.interceptor.configuration.$NamedClientVersioningConfigurationDefinitionClass
1212:             1             24  io.micronaut.http.client.loadbalance.$DiscoveryClientLoadBalancerFactoryDefinitionClass
1213:             1             24  io.micronaut.http.client.loadbalance.$LoadBalancerConvertersDefinitionClass
1214:             1             24  io.micronaut.http.client.loadbalance.$ServiceInstanceListLoadBalancerFactoryDefinitionClass
1215:             1             24  io.micronaut.http.client.netty.$RxNettyHttpClientRegistry$HttpClient0DefinitionClass
1216:             1             24  io.micronaut.http.client.netty.$RxNettyHttpClientRegistryDefinitionClass
1217:             1             24  io.micronaut.http.client.netty.ssl.$NettyClientSslBuilderDefinitionClass
1218:             1             24  io.micronaut.http.client.rxjava2.$RxReactiveClientResultTransformerDefinitionClass
1219:             1             24  io.micronaut.http.codec.$CodecConfigurationDefinitionClass
1220:             1             24  io.micronaut.http.codec.DefaultMediaTypeCodecRegistry
1221:             1             24  io.micronaut.http.converters.$HttpConverterRegistrarDefinitionClass
1222:             1             24  io.micronaut.http.netty.channel.$DefaultEventLoopGroupConfigurationDefinitionClass
1223:             1             24  io.micronaut.http.netty.channel.$DefaultEventLoopGroupFactoryDefinitionClass
1224:             1             24  io.micronaut.http.netty.channel.$DefaultEventLoopGroupRegistry$DefaultEventLoopGroup1DefinitionClass
1225:             1             24  io.micronaut.http.netty.channel.$DefaultEventLoopGroupRegistry$EventLoopGroup0DefinitionClass
1226:             1             24  io.micronaut.http.netty.channel.$DefaultEventLoopGroupRegistryDefinitionClass
1227:             1             24  io.micronaut.http.netty.channel.$EpollEventLoopGroupFactoryDefinitionClass
1228:             1             24  io.micronaut.http.netty.channel.$KQueueEventLoopGroupFactoryDefinitionClass
1229:             1             24  io.micronaut.http.netty.channel.$NettyThreadFactory$NettyThreadFactory0DefinitionClass
1230:             1             24  io.micronaut.http.netty.channel.$NettyThreadFactoryDefinitionClass
1231:             1             24  io.micronaut.http.netty.channel.$NioEventLoopGroupFactoryDefinitionClass
1232:             1             24  io.micronaut.http.netty.channel.DefaultEventLoopGroupFactory
1233:             1             24  io.micronaut.http.netty.channel.DefaultEventLoopGroupRegistry
1234:             1             24  io.micronaut.http.netty.channel.converters.$DefaultChannelOptionFactoryDefinitionClass
1235:             1             24  io.micronaut.http.netty.channel.converters.$EpollChannelOptionFactoryDefinitionClass
1236:             1             24  io.micronaut.http.netty.channel.converters.$KQueueChannelOptionFactoryDefinitionClass
1237:             1             24  io.micronaut.http.netty.stream.EmptyHttpRequest
1238:             1             24  io.micronaut.http.netty.stream.HttpStreamsHandler$$Lambda$443/0x0000000800eebc88
1239:             1             24  io.micronaut.http.netty.stream.HttpStreamsHandler$$Lambda$444/0x0000000800eebeb0
1240:             1             24  io.micronaut.http.netty.stream.HttpStreamsHandler$Outgoing
1241:             1             24  io.micronaut.http.netty.websocket.$NettyServerWebSocketBroadcasterDefinitionClass
1242:             1             24  io.micronaut.http.netty.websocket.$WebSocketMessageEncoderDefinitionClass
1243:             1             24  io.micronaut.http.resource.$ResourceLoaderFactory$FileSystemResourceLoader1DefinitionClass
1244:             1             24  io.micronaut.http.resource.$ResourceLoaderFactory$GetClassPathResourceLoader0DefinitionClass
1245:             1             24  io.micronaut.http.resource.$ResourceLoaderFactory$ResourceResolver2DefinitionClass
1246:             1             24  io.micronaut.http.resource.$ResourceLoaderFactoryDefinitionClass
1247:             1             24  io.micronaut.http.server.$HttpServerConfiguration$CorsConfigurationDefinitionClass
1248:             1             24  io.micronaut.http.server.$HttpServerConfiguration$HostResolutionConfigurationDefinitionClass
1249:             1             24  io.micronaut.http.server.$HttpServerConfiguration$HttpLocaleResolutionConfigurationPropertiesDefinitionClass
1250:             1             24  io.micronaut.http.server.$HttpServerConfiguration$MultipartConfigurationDefinitionClass
1251:             1             24  io.micronaut.http.server.$HttpServerConfigurationDefinitionClass
1252:             1             24  io.micronaut.http.server.HttpServerConfiguration$CorsConfiguration
1253:             1             24  io.micronaut.http.server.binding.$LocaleArgumentBinderDefinitionClass
1254:             1             24  io.micronaut.http.server.binding.$RequestArgumentSatisfierDefinitionClass
1255:             1             24  io.micronaut.http.server.codec.$TextStreamCodecDefinitionClass
1256:             1             24  io.micronaut.http.server.context.$ServerRequestContextFilterDefinitionClass
1257:             1             24  io.micronaut.http.server.context.$ServerRequestContextInstrumentationDefinitionClass
1258:             1             24  io.micronaut.http.server.context.ServerRequestContextFilter$$Lambda$436/0x0000000800ee3648
1259:             1             24  io.micronaut.http.server.cors.$CorsFilterDefinitionClass
1260:             1             24  io.micronaut.http.server.cors.$CorsOriginConverterDefinitionClass
1261:             1             24  io.micronaut.http.server.exceptions.$ContentLengthExceededHandlerDefinitionClass
1262:             1             24  io.micronaut.http.server.exceptions.$ConversionErrorHandlerDefinitionClass
1263:             1             24  io.micronaut.http.server.exceptions.$HttpStatusHandlerDefinitionClass
1264:             1             24  io.micronaut.http.server.exceptions.$JsonExceptionHandlerDefinitionClass
1265:             1             24  io.micronaut.http.server.exceptions.$URISyntaxHandlerDefinitionClass
1266:             1             24  io.micronaut.http.server.exceptions.$UnsatisfiedArgumentHandlerDefinitionClass
1267:             1             24  io.micronaut.http.server.netty.$DefaultHttpCompressionStrategyDefinitionClass
1268:             1             24  io.micronaut.http.server.netty.$DefaultHttpContentProcessorResolverDefinitionClass
1269:             1             24  io.micronaut.http.server.netty.$FormDataHttpContentSubscriberFactoryDefinitionClass
1270:             1             24  io.micronaut.http.server.netty.$NettyEmbeddedServerInstanceDefinitionClass
1271:             1             24  io.micronaut.http.server.netty.$NettyHttpServerDefinitionClass
1272:             1             24  io.micronaut.http.server.netty.$NettyRequestArgumentSatisfierDefinitionClass
1273:             1             24  io.micronaut.http.server.netty.DefaultHttpCompressionStrategy
1274:             1             24  io.micronaut.http.server.netty.DefaultHttpContentProcessorResolver
1275:             1             24  io.micronaut.http.server.netty.RoutingInBoundHandler$$Lambda$432/0x0000000800ee26c0
1276:             1             24  io.micronaut.http.server.netty.RoutingInBoundHandler$$Lambda$435/0x0000000800ee31f8
1277:             1             24  io.micronaut.http.server.netty.RoutingInBoundHandler$$Lambda$442/0x0000000800ee9f08
1278:             1             24  io.micronaut.http.server.netty.RoutingInBoundHandler$$Lambda$445/0x0000000800eec0d8
1279:             1             24  io.micronaut.http.server.netty.binders.$NettyBinderRegistrarDefinitionClass
1280:             1             24  io.micronaut.http.server.netty.binders.CompletableFutureBodyBinder
1281:             1             24  io.micronaut.http.server.netty.binders.MaybeBodyBinder
1282:             1             24  io.micronaut.http.server.netty.binders.ObservableBodyBinder
1283:             1             24  io.micronaut.http.server.netty.binders.SingleBodyBinder
1284:             1             24  io.micronaut.http.server.netty.configuration.$NettyHttpServerConfiguration$AccessLoggerDefinitionClass
1285:             1             24  io.micronaut.http.server.netty.configuration.$NettyHttpServerConfiguration$Http2SettingsDefinitionClass
1286:             1             24  io.micronaut.http.server.netty.configuration.$NettyHttpServerConfiguration$ParentDefinitionClass
1287:             1             24  io.micronaut.http.server.netty.configuration.$NettyHttpServerConfiguration$WorkerDefinitionClass
1288:             1             24  io.micronaut.http.server.netty.configuration.$NettyHttpServerConfigurationDefinitionClass
1289:             1             24  io.micronaut.http.server.netty.converters.$DuplicateRouteHandlerDefinitionClass
1290:             1             24  io.micronaut.http.server.netty.converters.$NettyConvertersDefinitionClass
1291:             1             24  io.micronaut.http.server.netty.converters.$UnsatisfiedRouteHandlerDefinitionClass
1292:             1             24  io.micronaut.http.server.netty.converters.NettyConverters
1293:             1             24  io.micronaut.http.server.netty.decoders.HttpRequestDecoder$$Lambda$419/0x0000000800edb568
1294:             1             24  io.micronaut.http.server.netty.jackson.$JsonHttpContentSubscriberFactoryDefinitionClass
1295:             1             24  io.micronaut.http.server.netty.jackson.$JsonViewMediaTypeCodecFactoryDefinitionClass
1296:             1             24  io.micronaut.http.server.netty.jackson.$JsonViewServerFilterDefinitionClass
1297:             1             24  io.micronaut.http.server.netty.multipart.MultipartBodyArgumentBinder
1298:             1             24  io.micronaut.http.server.netty.ssl.$CertificateProvidedSslBuilderDefinitionClass
1299:             1             24  io.micronaut.http.server.netty.ssl.$SelfSignedSslBuilderDefinitionClass
1300:             1             24  io.micronaut.http.server.netty.types.$DefaultCustomizableResponseTypeHandlerRegistryDefinitionClass
1301:             1             24  io.micronaut.http.server.netty.types.DefaultCustomizableResponseTypeHandlerRegistry
1302:             1             24  io.micronaut.http.server.netty.types.files.$FileTypeHandlerConfiguration$CacheControlConfigurationDefinitionClass
1303:             1             24  io.micronaut.http.server.netty.types.files.$FileTypeHandlerConfigurationDefinitionClass
1304:             1             24  io.micronaut.http.server.netty.types.files.$FileTypeHandlerDefinitionClass
1305:             1             24  io.micronaut.http.server.netty.types.files.FileTypeHandlerConfiguration
1306:             1             24  io.micronaut.http.server.util.$DefaultHttpClientAddressResolverDefinitionClass
1307:             1             24  io.micronaut.http.server.util.$DefaultHttpHostResolverDefinitionClass
1308:             1             24  io.micronaut.http.server.util.locale.$CompositeHttpLocaleResolverDefinitionClass
1309:             1             24  io.micronaut.http.server.util.locale.$CookieLocaleResolverDefinitionClass
1310:             1             24  io.micronaut.http.server.util.locale.$HttpFixedLocaleResolverDefinitionClass
1311:             1             24  io.micronaut.http.server.util.locale.$RequestLocaleResolverDefinitionClass
1312:             1             24  io.micronaut.http.server.util.locale.CompositeHttpLocaleResolver
1313:             1             24  io.micronaut.http.server.util.locale.RequestLocaleResolver
1314:             1             24  io.micronaut.http.server.websocket.$ServerWebSocketProcessorDefinitionClass
1315:             1             24  io.micronaut.http.ssl.$ClientSslConfiguration$DefaultKeyConfigurationDefinitionClass
1316:             1             24  io.micronaut.http.ssl.$ClientSslConfiguration$DefaultKeyStoreConfigurationDefinitionClass
1317:             1             24  io.micronaut.http.ssl.$ClientSslConfiguration$DefaultTrustStoreConfigurationDefinitionClass
1318:             1             24  io.micronaut.http.ssl.$ClientSslConfigurationDefinitionClass
1319:             1             24  io.micronaut.http.ssl.$DefaultSslConfiguration$DefaultKeyConfigurationDefinitionClass
1320:             1             24  io.micronaut.http.ssl.$DefaultSslConfiguration$DefaultKeyStoreConfigurationDefinitionClass
1321:             1             24  io.micronaut.http.ssl.$DefaultSslConfiguration$DefaultTrustStoreConfigurationDefinitionClass
1322:             1             24  io.micronaut.http.ssl.$DefaultSslConfigurationDefinitionClass
1323:             1             24  io.micronaut.http.ssl.$ServerSslConfiguration$DefaultKeyConfigurationDefinitionClass
1324:             1             24  io.micronaut.http.ssl.$ServerSslConfiguration$DefaultKeyStoreConfigurationDefinitionClass
1325:             1             24  io.micronaut.http.ssl.$ServerSslConfiguration$DefaultTrustStoreConfigurationDefinitionClass
1326:             1             24  io.micronaut.http.ssl.$ServerSslConfigurationDefinitionClass
1327:             1             24  io.micronaut.http.util.$OutgoingHttpRequestProcessorImplDefinitionClass
1328:             1             24  io.micronaut.jackson.$JacksonConfigurationDefinitionClass
1329:             1             24  io.micronaut.jackson.$ObjectMapperFactory$ObjectMapper0DefinitionClass
1330:             1             24  io.micronaut.jackson.$ObjectMapperFactoryDefinitionClass
1331:             1             24  io.micronaut.jackson.bind.$JacksonBeanPropertyBinderDefinitionClass
1332:             1             24  io.micronaut.jackson.codec.$JsonMediaTypeCodecDefinitionClass
1333:             1             24  io.micronaut.jackson.codec.$JsonStreamMediaTypeCodecDefinitionClass
1334:             1             24  io.micronaut.jackson.convert.$JacksonConverterRegistrarDefinitionClass
1335:             1             24  io.micronaut.jackson.convert.JacksonConverterRegistrar
1336:             1             24  io.micronaut.jackson.modules.$BeanIntrospectionModuleDefinitionClass
1337:             1             24  io.micronaut.jackson.serialize.$ConvertibleMultiValuesSerializerDefinitionClass
1338:             1             24  io.micronaut.jackson.serialize.$ConvertibleValuesSerializerDefinitionClass
1339:             1             24  io.micronaut.jackson.serialize.$JacksonObjectSerializerDefinitionClass
1340:             1             24  io.micronaut.jackson.serialize.$OptionalValuesSerializerDefinitionClass
1341:             1             24  io.micronaut.jackson.serialize.$ResourceModuleDefinitionClass
1342:             1             24  io.micronaut.jackson.serialize.$ResourceSerializerModifierDefinitionClass
1343:             1             24  io.micronaut.logging.$PropertiesLoggingLevelsConfigurerDefinitionClass
1344:             1             24  io.micronaut.logging.impl.$Log4jLoggingSystemDefinitionClass
1345:             1             24  io.micronaut.logging.impl.$LogbackLoggingSystemDefinitionClass
1346:             1             24  io.micronaut.reactive.flow.converters.$FlowConverterRegistrarDefinitionClass
1347:             1             24  io.micronaut.reactive.rxjava2.$RxInstrumenterFactoryDefinitionClass
1348:             1             24  io.micronaut.reactive.rxjava2.$RxJava2InstrumentationDefinitionClass
1349:             1             24  io.micronaut.reactive.rxjava2.RxInstrumentedFlowableSubscriber
1350:             1             24  io.micronaut.reactive.rxjava2.converters.$RxJavaConverterRegistrarDefinitionClass
1351:             1             24  io.micronaut.retry.intercept.$DefaultRetryInterceptorDefinitionClass
1352:             1             24  io.micronaut.retry.intercept.$RecoveryInterceptorDefinitionClass
1353:             1             24  io.micronaut.runtime.$ApplicationConfiguration$InstanceConfigurationDefinitionClass
1354:             1             24  io.micronaut.runtime.$ApplicationConfigurationDefinitionClass
1355:             1             24  io.micronaut.runtime.ApplicationConfiguration
1356:             1             24  io.micronaut.runtime.context.$CompositeMessageSourceDefinitionClass
1357:             1             24  io.micronaut.runtime.context.env.$ConfigurationIntroductionAdviceDefinitionClass
1358:             1             24  io.micronaut.runtime.context.scope.$ThreadLocalCustomScopeDefinitionClass
1359:             1             24  io.micronaut.runtime.context.scope.refresh.$RefreshInterceptorDefinitionClass
1360:             1             24  io.micronaut.runtime.context.scope.refresh.$RefreshScopeDefinitionClass
1361:             1             24  io.micronaut.runtime.converters.time.$TimeConverterRegistrarDefinitionClass
1362:             1             24  io.micronaut.runtime.http.codec.$MediaTypeCodecRegistryFactory$MediaTypeCodecRegistry0DefinitionClass
1363:             1             24  io.micronaut.runtime.http.codec.$MediaTypeCodecRegistryFactoryDefinitionClass
1364:             1             24  io.micronaut.runtime.http.codec.$TextPlainCodecDefinitionClass
1365:             1             24  io.micronaut.runtime.http.codec.TextPlainCodec
1366:             1             24  io.micronaut.runtime.http.scope.$RequestCustomScopeDefinitionClass
1367:             1             24  io.micronaut.runtime.server.watch.event.$FileWatchRestartListenerDefinitionClass
1368:             1             24  io.micronaut.scheduling.$DefaultTaskExceptionHandlerDefinitionClass
1369:             1             24  io.micronaut.scheduling.$ScheduledExecutorTaskSchedulerDefinitionClass
1370:             1             24  io.micronaut.scheduling.async.$AsyncInterceptorDefinitionClass
1371:             1             24  io.micronaut.scheduling.executor.$DefaultExecutorSelectorDefinitionClass
1372:             1             24  io.micronaut.scheduling.executor.$DefaultThreadFactory$ThreadFactory0DefinitionClass
1373:             1             24  io.micronaut.scheduling.executor.$DefaultThreadFactoryDefinitionClass
1374:             1             24  io.micronaut.scheduling.executor.$ExecutorFactory$EventLoopGroupThreadFactory0DefinitionClass
1375:             1             24  io.micronaut.scheduling.executor.$ExecutorFactory$ExecutorService1DefinitionClass
1376:             1             24  io.micronaut.scheduling.executor.$ExecutorFactoryDefinitionClass
1377:             1             24  io.micronaut.scheduling.executor.$IOExecutorServiceConfig$Configuration0DefinitionClass
1378:             1             24  io.micronaut.scheduling.executor.$IOExecutorServiceConfigDefinitionClass
1379:             1             24  io.micronaut.scheduling.executor.$ScheduledExecutorServiceConfig$Configuration0DefinitionClass
1380:             1             24  io.micronaut.scheduling.executor.$ScheduledExecutorServiceConfigDefinitionClass
1381:             1             24  io.micronaut.scheduling.executor.$UserExecutorConfigurationDefinitionClass
1382:             1             24  io.micronaut.scheduling.executor.DefaultExecutorSelector
1383:             1             24  io.micronaut.scheduling.instrument.$ExecutorServiceInstrumenterDefinitionClass
1384:             1             24  io.micronaut.scheduling.io.watch.$DefaultWatchThreadDefinitionClass
1385:             1             24  io.micronaut.scheduling.io.watch.$FileWatchConfigurationDefinitionClass
1386:             1             24  io.micronaut.scheduling.io.watch.$WatchServiceFactory$WatchService0DefinitionClass
1387:             1             24  io.micronaut.scheduling.io.watch.$WatchServiceFactoryDefinitionClass
1388:             1             24  io.micronaut.scheduling.processor.$ScheduledMethodProcessorDefinitionClass
1389:             1             24  io.micronaut.validation.$ValidatingInterceptorDefinitionClass
1390:             1             24  io.micronaut.validation.exceptions.$ConstraintExceptionHandlerDefinitionClass
1391:             1             24  io.micronaut.validation.exceptions.$ValidationExceptionHandlerDefinitionClass
1392:             1             24  io.micronaut.validation.validator.$DefaultClockProviderDefinitionClass
1393:             1             24  io.micronaut.validation.validator.$DefaultValidatorConfigurationDefinitionClass
1394:             1             24  io.micronaut.validation.validator.$DefaultValidatorDefinitionClass
1395:             1             24  io.micronaut.validation.validator.$DefaultValidatorFactoryDefinitionClass
1396:             1             24  io.micronaut.validation.validator.constraints.$DefaultConstraintValidatorsDefinitionClass
1397:             1             24  io.micronaut.validation.validator.constraints.$EmailValidatorDefinitionClass
1398:             1             24  io.micronaut.validation.validator.constraints.$PatternValidatorDefinitionClass
1399:             1             24  io.micronaut.validation.validator.extractors.$DefaultValueExtractorsDefinitionClass
1400:             1             24  io.micronaut.validation.validator.messages.$DefaultValidationMessagesDefinitionClass
1401:             1             24  io.micronaut.validation.validator.resolver.$CompositeTraversableResolverDefinitionClass
1402:             1             24  io.micronaut.web.router.$AnnotatedFilterRouteBuilderDefinitionClass
1403:             1             24  io.micronaut.web.router.$AnnotatedMethodRouteBuilderDefinitionClass
1404:             1             24  io.micronaut.web.router.$DefaultRouterDefinitionClass
1405:             1             24  io.micronaut.web.router.AnnotatedMethodRouteBuilder$$Lambda$333/0x0000000800e135e0
1406:             1             24  io.micronaut.web.router.AnnotatedMethodRouteBuilder$$Lambda$334/0x0000000800e13a18
1407:             1             24  io.micronaut.web.router.AnnotatedMethodRouteBuilder$$Lambda$335/0x0000000800e13e50
1408:             1             24  io.micronaut.web.router.AnnotatedMethodRouteBuilder$$Lambda$336/0x0000000800e14288
1409:             1             24  io.micronaut.web.router.AnnotatedMethodRouteBuilder$$Lambda$337/0x0000000800e146c0
1410:             1             24  io.micronaut.web.router.AnnotatedMethodRouteBuilder$$Lambda$338/0x0000000800e14af8
1411:             1             24  io.micronaut.web.router.AnnotatedMethodRouteBuilder$$Lambda$339/0x0000000800e14f30
1412:             1             24  io.micronaut.web.router.AnnotatedMethodRouteBuilder$$Lambda$340/0x0000000800e15368
1413:             1             24  io.micronaut.web.router.AnnotatedMethodRouteBuilder$$Lambda$341/0x0000000800e157a0
1414:             1             24  io.micronaut.web.router.BeanDefinitionFilterRoute$$Lambda$358/0x0000000800e1e760
1415:             1             24  io.micronaut.web.router.naming.$ConfigurableUriNamingStrategyDefinitionClass
1416:             1             24  io.micronaut.web.router.naming.$HyphenatedUriNamingStrategyDefinitionClass
1417:             1             24  io.micronaut.web.router.resource.$StaticResourceConfigurationDefinitionClass
1418:             1             24  io.micronaut.web.router.resource.$StaticResourceResolverDefinitionClass
1419:             1             24  io.micronaut.web.router.resource.StaticResourceResolver
1420:             1             24  io.micronaut.web.router.version.$ConfigurationDefaultVersionProviderDefinitionClass
1421:             1             24  io.micronaut.web.router.version.$RouteVersionFilterDefinitionClass
1422:             1             24  io.micronaut.web.router.version.$RoutesVersioningConfigurationDefinitionClass
1423:             1             24  io.micronaut.web.router.version.$VersionAwareRouterListenerDefinitionClass
1424:             1             24  io.micronaut.web.router.version.resolution.$HeaderVersionResolverConfigurationDefinitionClass
1425:             1             24  io.micronaut.web.router.version.resolution.$HeaderVersionResolverDefinitionClass
1426:             1             24  io.micronaut.web.router.version.resolution.$ParameterVersionResolverConfigurationDefinitionClass
1427:             1             24  io.micronaut.web.router.version.resolution.$ParameterVersionResolverDefinitionClass
1428:             1             24  io.micronaut.websocket.context.DefaultWebSocketBeanRegistry
1429:             1             24  io.micronaut.websocket.interceptor.$ClientWebSocketInterceptorDefinitionClass
1430:             1             24  io.netty.bootstrap.ServerBootstrap$ServerBootstrapAcceptor$1
1431:             1             24  io.netty.bootstrap.ServerBootstrap$ServerBootstrapAcceptor$2
1432:             1             24  io.netty.buffer.PooledByteBufAllocator$PoolThreadLocalCache
1433:             1             24  io.netty.buffer.UnpooledByteBufAllocator
1434:             1             24  io.netty.buffer.UnpooledByteBufAllocator$UnpooledByteBufAllocatorMetric
1435:             1             24  io.netty.channel.AbstractChannel$AbstractUnsafe$1
1436:             1             24  io.netty.channel.AbstractChannel$AbstractUnsafe$8
1437:             1             24  io.netty.channel.ChannelOption$1
1438:             1             24  io.netty.channel.CombinedChannelDuplexHandler$DelegatingChannelHandlerContext
1439:             1             24  io.netty.channel.DefaultChannelPipeline$PendingHandlerAddedTask
1440:             1             24  io.netty.channel.WriteBufferWaterMark
1441:             1             24  io.netty.handler.codec.DefaultHeaders$HeaderIterator
1442:             1             24  io.netty.handler.codec.MessageToMessageCodec$1
1443:             1             24  io.netty.handler.codec.MessageToMessageCodec$2
1444:             1             24  io.netty.handler.codec.http.HttpMethod$EnumNameMap
1445:             1             24  io.netty.handler.codec.http.HttpObjectDecoder$HeaderParser
1446:             1             24  io.netty.handler.codec.http.HttpServerKeepAliveHandler
1447:             1             24  io.netty.handler.flow.FlowControlHandler
1448:             1             24  io.netty.handler.stream.ChunkedWriteHandler
1449:             1             24  io.netty.handler.stream.ChunkedWriteHandler$PendingWrite
1450:             1             24  io.netty.handler.timeout.IdleStateHandler$AllIdleTimeoutTask
1451:             1             24  io.netty.handler.timeout.IdleStateHandler$ReaderIdleTimeoutTask
1452:             1             24  io.netty.handler.timeout.IdleStateHandler$WriterIdleTimeoutTask
1453:             1             24  io.netty.util.AttributeKey$1
1454:             1             24  io.netty.util.DefaultAttributeMap$DefaultAttribute
1455:             1             24  io.netty.util.ResourceLeakDetectorFactory$DefaultResourceLeakDetectorFactory
1456:             1             24  io.netty.util.Signal$1
1457:             1             24  io.netty.util.concurrent.FailedFuture
1458:             1             24  io.netty.util.internal.AppendableCharSequence
1459:             1             24  io.netty.util.internal.ThreadExecutorMap$3
1460:             1             24  io.reactivex.internal.subscriptions.ScalarSubscription
1461:             1             24  io.reactivex.internal.subscriptions.SubscriptionHelper
1462:             1             24  java.lang.Class$1 (java.base@15.0.1)
1463:             1             24  java.lang.Class$3 (java.base@15.0.1)
1464:             1             24  java.lang.ClassValue$Version (java.base@15.0.1)
1465:             1             24  java.lang.Double (java.base@15.0.1)
1466:             1             24  java.lang.ProcessEnvironment$StringEnvironment (java.base@15.0.1)
1467:             1             24  java.lang.StringCoding$Result (java.base@15.0.1)
1468:             1             24  java.lang.invoke.MethodType$ConcurrentWeakInternSet (java.base@15.0.1)
1469:             1             24  java.lang.invoke.VarHandles$1 (java.base@15.0.1)
1470:             1             24  java.lang.management.DefaultPlatformMBeanProvider$1 (java.management@15.0.1)
1471:             1             24  java.lang.management.DefaultPlatformMBeanProvider$10 (java.management@15.0.1)
1472:             1             24  java.lang.management.DefaultPlatformMBeanProvider$11 (java.management@15.0.1)
1473:             1             24  java.lang.management.DefaultPlatformMBeanProvider$2 (java.management@15.0.1)
1474:             1             24  java.lang.management.DefaultPlatformMBeanProvider$3 (java.management@15.0.1)
1475:             1             24  java.lang.management.DefaultPlatformMBeanProvider$4 (java.management@15.0.1)
1476:             1             24  java.lang.management.DefaultPlatformMBeanProvider$5 (java.management@15.0.1)
1477:             1             24  java.lang.management.DefaultPlatformMBeanProvider$6 (java.management@15.0.1)
1478:             1             24  java.lang.management.DefaultPlatformMBeanProvider$7 (java.management@15.0.1)
1479:             1             24  java.lang.management.DefaultPlatformMBeanProvider$8 (java.management@15.0.1)
1480:             1             24  java.lang.management.DefaultPlatformMBeanProvider$9 (java.management@15.0.1)
1481:             1             24  java.net.Inet6AddressImpl (java.base@15.0.1)
1482:             1             24  java.net.Proxy (java.base@15.0.1)
1483:             1             24  java.net.SocketPermissionCollection (java.base@15.0.1)
1484:             1             24  java.security.Policy$PolicyInfo (java.base@15.0.1)
1485:             1             24  java.security.Policy$UnsupportedEmptyCollection (java.base@15.0.1)
1486:             1             24  java.security.ProtectionDomain$JavaSecurityAccessImpl$1 (java.base@15.0.1)
1487:             1             24  java.time.format.DateTimePrintContext (java.base@15.0.1)
1488:             1             24  java.time.format.DecimalStyle (java.base@15.0.1)
1489:             1             24  java.time.temporal.IsoFields$Field$1 (java.base@15.0.1)
1490:             1             24  java.time.temporal.IsoFields$Field$2 (java.base@15.0.1)
1491:             1             24  java.time.temporal.IsoFields$Field$3 (java.base@15.0.1)
1492:             1             24  java.time.temporal.IsoFields$Field$4 (java.base@15.0.1)
1493:             1             24  java.time.zone.TzdbZoneRulesProvider (java.base@15.0.1)
1494:             1             24  java.util.Collections$3 (java.base@15.0.1)
1495:             1             24  java.util.Collections$EmptyMap (java.base@15.0.1)
1496:             1             24  java.util.Collections$SynchronizedCollection (java.base@15.0.1)
1497:             1             24  java.util.Comparators$NaturalOrderComparator (java.base@15.0.1)
1498:             1             24  java.util.Locale$Cache (java.base@15.0.1)
1499:             1             24  java.util.OptionalInt (java.base@15.0.1)
1500:             1             24  java.util.PropertyPermissionCollection (java.base@15.0.1)
1501:             1             24  java.util.ResourceBundle$Control$CandidateListCache (java.base@15.0.1)
1502:             1             24  java.util.concurrent.Executors$RunnableAdapter (java.base@15.0.1)
1503:             1             24  java.util.concurrent.atomic.AtomicIntegerFieldUpdater$AtomicIntegerFieldUpdaterImpl$1 (java.base@15.0.1)
1504:             1             24  java.util.concurrent.atomic.AtomicReferenceFieldUpdater$AtomicReferenceFieldUpdaterImpl$1 (java.base@15.0.1)
1505:             1             24  java.util.jar.Manifest (java.base@15.0.1)
1506:             1             24  java.util.logging.LogManager$LoggerContext (java.logging@15.0.1)
1507:             1             24  java.util.zip.ZipFile$Source$Key (java.base@15.0.1)
1508:             1             24  jdk.internal.jimage.ImageReader (java.base@15.0.1)
1509:             1             24  jdk.internal.logger.BootstrapLogger$RedirectedLoggers (java.base@15.0.1)
1510:             1             24  jdk.internal.module.ModuleHashes (java.base@15.0.1)
1511:             1             24  jdk.internal.module.SystemModuleFinders$SystemModuleFinder (java.base@15.0.1)
1512:             1             24  jdk.internal.reflect.Label$PatchInfo (java.base@15.0.1)
1513:             1             24  jdk.management.jfr.internal.FlightRecorderMXBeanProvider$SingleMBeanComponent (jdk.management.jfr@15.0.1)
1514:             1             24  jdk.nio.zipfs.ZipCoder$UTF8 (jdk.zipfs@15.0.1)
1515:             1             24  org.slf4j.helpers.SubstituteLoggerFactory
1516:             1             24  org.slf4j.impl.StaticLoggerBinder
1517:             1             24  org.yaml.snakeyaml.external.com.google.gdata.util.common.base.PercentEscaper
1518:             1             24  sun.management.RuntimeImpl (java.management@15.0.1)
1519:             1             24  sun.management.VMManagementImpl (java.management@15.0.1)
1520:             1             24  sun.net.sdp.SdpProvider (java.base@15.0.1)
1521:             1             24  sun.net.www.protocol.http.Handler (java.base@15.0.1)
1522:             1             24  sun.nio.ch.Util$BufferCache (java.base@15.0.1)
1523:             1             24  sun.nio.cs.ISO_8859_1 (java.base@15.0.1)
1524:             1             24  sun.nio.cs.StandardCharsets (java.base@15.0.1)
1525:             1             24  sun.nio.cs.US_ASCII (java.base@15.0.1)
1526:             1             24  sun.nio.cs.UTF_16 (java.base@15.0.1)
1527:             1             24  sun.nio.cs.UTF_16BE (java.base@15.0.1)
1528:             1             24  sun.nio.cs.UTF_16LE (java.base@15.0.1)
1529:             1             24  sun.nio.cs.UTF_8 (java.base@15.0.1)
1530:             1             24  sun.nio.fs.NativeBuffer$Deallocator (java.base@15.0.1)
1531:             1             24  sun.util.cldr.CLDRCalendarDataProviderImpl (java.base@15.0.1)
1532:             1             24  sun.util.locale.BaseLocale$Cache (java.base@15.0.1)
1533:             1             24  sun.util.locale.provider.CalendarProviderImpl (java.base@15.0.1)
1534:             1             24  sun.util.locale.provider.DateFormatSymbolsProviderImpl (java.base@15.0.1)
1535:             1             24  sun.util.locale.provider.DecimalFormatSymbolsProviderImpl (java.base@15.0.1)
1536:             1             24  sun.util.locale.provider.LocaleServiceProviderPool (java.base@15.0.1)
1537:             1             24  sun.util.locale.provider.NumberFormatProviderImpl (java.base@15.0.1)
1538:             1             16  [Lch.qos.logback.core.filter.Filter;
1539:             1             16  [Lio.micronaut.discovery.DiscoveryClient;
1540:             1             16  [Lio.netty.util.AsciiString;
1541:             1             16  [Ljava.lang.Throwable; (java.base@15.0.1)
1542:             1             16  [Ljava.lang.constant.ClassDesc; (java.base@15.0.1)
1543:             1             16  [Ljava.lang.reflect.AnnotatedElement; (java.base@15.0.1)
1544:             1             16  [Ljava.net.NetworkInterface; (java.base@15.0.1)
1545:             1             16  [Ljava.nio.file.attribute.FileAttribute; (java.base@15.0.1)
1546:             1             16  [Ljava.security.cert.X509Certificate; (java.base@15.0.1)
1547:             1             16  [Ljava.text.FieldPosition; (java.base@15.0.1)
1548:             1             16  [Ljava.time.zone.ZoneOffsetTransitionRule; (java.base@15.0.1)
1549:             1             16  [Ljava.util.logging.Handler; (java.logging@15.0.1)
1550:             1             16  [Ljava.util.regex.IntHashSet; (java.base@15.0.1)
1551:             1             16  [Ljavax.management.ObjectName$Property; (java.management@15.0.1)
1552:             1             16  [Ljavax.security.cert.X509Certificate; (java.base@15.0.1)
1553:             1             16  ch.qos.logback.classic.pattern.EnsureExceptionHandling
1554:             1             16  ch.qos.logback.classic.pattern.TargetLengthBasedClassNameAbbreviator
1555:             1             16  ch.qos.logback.classic.selector.DefaultContextSelector
1556:             1             16  ch.qos.logback.core.joran.spi.ConsoleTarget$1
1557:             1             16  ch.qos.logback.core.joran.spi.ConsoleTarget$2
1558:             1             16  ch.qos.logback.core.joran.spi.DefaultNestedComponentRegistry
1559:             1             16  ch.qos.logback.core.joran.util.ConfigurationWatchListUtil
1560:             1             16  ch.qos.logback.core.spi.AppenderAttachableImpl
1561:             1             16  ch.qos.logback.core.spi.FilterAttachableImpl
1562:             1             16  com.example.HelloController
1563:             1             16  com.example.HelloController$Hello
1564:             1             16  com.sun.management.internal.PlatformMBeanProviderImpl (jdk.management@15.0.1)
1565:             1             16  com.sun.management.internal.PlatformMBeanProviderImpl$$Lambda$375/0x0000000800e408c0 (jdk.management@15.0.1)
1566:             1             16  com.sun.org.apache.xerces.internal.impl.dv.dtd.IDDatatypeValidator (java.xml@15.0.1)
1567:             1             16  com.sun.org.apache.xerces.internal.impl.dv.dtd.IDREFDatatypeValidator (java.xml@15.0.1)
1568:             1             16  com.sun.org.apache.xerces.internal.impl.dv.dtd.NMTOKENDatatypeValidator (java.xml@15.0.1)
1569:             1             16  com.sun.org.apache.xerces.internal.impl.dv.dtd.NOTATIONDatatypeValidator (java.xml@15.0.1)
1570:             1             16  com.sun.org.apache.xerces.internal.impl.dv.dtd.StringDatatypeValidator (java.xml@15.0.1)
1571:             1             16  com.sun.proxy.$Proxy10
1572:             1             16  com.sun.proxy.$Proxy11
1573:             1             16  com.sun.proxy.$Proxy14
1574:             1             16  com.sun.proxy.$Proxy15
1575:             1             16  com.sun.proxy.$Proxy20
1576:             1             16  com.sun.proxy.$Proxy7
1577:             1             16  io.micronaut.buffer.netty.NettyByteBufferFactory$$Lambda$388/0x0000000800e37ce8
1578:             1             16  io.micronaut.buffer.netty.NettyByteBufferFactory$$Lambda$389/0x0000000800e589a8
1579:             1             16  io.micronaut.context.AbstractExecutableMethod$ReturnTypeImpl
1580:             1             16  io.micronaut.context.AbstractParametrizedBeanDefinition$$Lambda$316/0x0000000800e08b48
1581:             1             16  io.micronaut.context.AbstractParametrizedBeanDefinition$$Lambda$318/0x0000000800e08d98
1582:             1             16  io.micronaut.context.AnnotationProcessorListener
1583:             1             16  io.micronaut.context.DefaultBeanContext$$Lambda$153/0x0000000800c28d18
1584:             1             16  io.micronaut.context.DefaultBeanContext$$Lambda$154/0x0000000800c28f68
1585:             1             16  io.micronaut.context.DefaultBeanContext$$Lambda$158/0x0000000800c777c8
1586:             1             16  io.micronaut.context.DefaultBeanContext$$Lambda$159/0x0000000800c77a18
1587:             1             16  io.micronaut.context.DefaultBeanContext$$Lambda$160/0x0000000800c77c58
1588:             1             16  io.micronaut.context.DefaultBeanContext$$Lambda$197/0x0000000800d96cc0
1589:             1             16  io.micronaut.context.DefaultBeanContext$$Lambda$199/0x0000000800d97568
1590:             1             16  io.micronaut.context.DefaultBeanContext$$Lambda$204/0x0000000800d98288
1591:             1             16  io.micronaut.context.DefaultBeanContext$$Lambda$205/0x0000000800d99038
1592:             1             16  io.micronaut.context.DefaultBeanContext$$Lambda$206/0x0000000800d99288
1593:             1             16  io.micronaut.context.DefaultBeanContext$$Lambda$307/0x0000000800dfae00
1594:             1             16  io.micronaut.context.DefaultBeanContext$$Lambda$35/0x0000000800bdfce8
1595:             1             16  io.micronaut.context.DefaultBeanContext$$Lambda$36/0x0000000800be1090
1596:             1             16  io.micronaut.context.DefaultBeanContext$$Lambda$361/0x0000000800e1f3e8
1597:             1             16  io.micronaut.context.DefaultBeanContext$$Lambda$362/0x0000000800d9fc00
1598:             1             16  io.micronaut.context.DefaultBeanContext$$Lambda$37/0x0000000800be12d0
1599:             1             16  io.micronaut.context.DefaultBeanContext$1
1600:             1             16  io.micronaut.context.DefaultBeanContext$NoInjectionBeanDefinition$$Lambda$207/0x0000000800d996e0
1601:             1             16  io.micronaut.context.ExecutionHandleLocator$1
1602:             1             16  io.micronaut.context.env.DefaultEnvironment$$Lambda$108/0x0000000800bef2a8
1603:             1             16  io.micronaut.context.env.DefaultEnvironment$$Lambda$109/0x0000000800bef4f8
1604:             1             16  io.micronaut.context.env.DefaultEnvironment$$Lambda$110/0x0000000800bef738
1605:             1             16  io.micronaut.context.env.PropertiesPropertySourceLoader
1606:             1             16  io.micronaut.context.env.PropertySourcePropertyResolver$$Lambda$149/0x0000000800c1c6e8
1607:             1             16  io.micronaut.context.env.yaml.YamlPropertySourceLoader
1608:             1             16  io.micronaut.core.annotation.AnnotationMetadataResolver$1
1609:             1             16  io.micronaut.core.annotation.AnnotationSource$1
1610:             1             16  io.micronaut.core.annotation.AnnotationUtil$$Lambda$161/0x0000000800c78040
1611:             1             16  io.micronaut.core.annotation.AnnotationUtil$1
1612:             1             16  io.micronaut.core.annotation.AnnotationValue$$Lambda$181/0x0000000800d841f8
1613:             1             16  io.micronaut.core.annotation.AnnotationValue$$Lambda$182/0x0000000800d84438
1614:             1             16  io.micronaut.core.annotation.AnnotationValue$$Lambda$215/0x0000000800d9d560
1615:             1             16  io.micronaut.core.annotation.AnnotationValue$$Lambda$216/0x0000000800d9d7a0
1616:             1             16  io.micronaut.core.annotation.AnnotationValue$$Lambda$217/0x0000000800d9d9c0
1617:             1             16  io.micronaut.core.annotation.EmptyAnnotationMetadata
1618:             1             16  io.micronaut.core.async.SupplierUtil$2$$Lambda$418/0x0000000800edb340
1619:             1             16  io.micronaut.core.async.publisher.Publishers$$Lambda$356/0x0000000800e1d630
1620:             1             16  io.micronaut.core.async.publisher.Publishers$$Lambda$357/0x0000000800e1d860
1621:             1             16  io.micronaut.core.beans.DefaultBeanIntrospector
1622:             1             16  io.micronaut.core.beans.DefaultBeanIntrospector$$Lambda$310/0x0000000800e04440
1623:             1             16  io.micronaut.core.convert.ConversionContext$1
1624:             1             16  io.micronaut.core.convert.DefaultConversionService$$Lambda$100/0x0000000800beb988
1625:             1             16  io.micronaut.core.convert.DefaultConversionService$$Lambda$101/0x0000000800bebbc0
1626:             1             16  io.micronaut.core.convert.DefaultConversionService$$Lambda$102/0x0000000800bebdf8
1627:             1             16  io.micronaut.core.convert.DefaultConversionService$$Lambda$103/0x0000000800bec228
1628:             1             16  io.micronaut.core.convert.DefaultConversionService$$Lambda$38/0x0000000800be2030
1629:             1             16  io.micronaut.core.convert.DefaultConversionService$$Lambda$39/0x0000000800be2260
1630:             1             16  io.micronaut.core.convert.DefaultConversionService$$Lambda$40/0x0000000800be28a0
1631:             1             16  io.micronaut.core.convert.DefaultConversionService$$Lambda$41/0x0000000800be2ad0
1632:             1             16  io.micronaut.core.convert.DefaultConversionService$$Lambda$42/0x0000000800be2d08
1633:             1             16  io.micronaut.core.convert.DefaultConversionService$$Lambda$43/0x0000000800be31c0
1634:             1             16  io.micronaut.core.convert.DefaultConversionService$$Lambda$44/0x0000000800be33f0
1635:             1             16  io.micronaut.core.convert.DefaultConversionService$$Lambda$45/0x0000000800be3a10
1636:             1             16  io.micronaut.core.convert.DefaultConversionService$$Lambda$46/0x0000000800be3c40
1637:             1             16  io.micronaut.core.convert.DefaultConversionService$$Lambda$47/0x0000000800be3e70
1638:             1             16  io.micronaut.core.convert.DefaultConversionService$$Lambda$49/0x0000000800be42e8
1639:             1             16  io.micronaut.core.convert.DefaultConversionService$$Lambda$50/0x0000000800be4518
1640:             1             16  io.micronaut.core.convert.DefaultConversionService$$Lambda$51/0x0000000800be4748
1641:             1             16  io.micronaut.core.convert.DefaultConversionService$$Lambda$52/0x0000000800be4978
1642:             1             16  io.micronaut.core.convert.DefaultConversionService$$Lambda$53/0x0000000800be4ba8
1643:             1             16  io.micronaut.core.convert.DefaultConversionService$$Lambda$54/0x0000000800be4dd8
1644:             1             16  io.micronaut.core.convert.DefaultConversionService$$Lambda$55/0x0000000800be5008
1645:             1             16  io.micronaut.core.convert.DefaultConversionService$$Lambda$56/0x0000000800be5238
1646:             1             16  io.micronaut.core.convert.DefaultConversionService$$Lambda$57/0x0000000800be5468
1647:             1             16  io.micronaut.core.convert.DefaultConversionService$$Lambda$58/0x0000000800be56a0
1648:             1             16  io.micronaut.core.convert.DefaultConversionService$$Lambda$59/0x0000000800be58d0
1649:             1             16  io.micronaut.core.convert.DefaultConversionService$$Lambda$60/0x0000000800be5b00
1650:             1             16  io.micronaut.core.convert.DefaultConversionService$$Lambda$61/0x0000000800be5d38
1651:             1             16  io.micronaut.core.convert.DefaultConversionService$$Lambda$62/0x0000000800be63d8
1652:             1             16  io.micronaut.core.convert.DefaultConversionService$$Lambda$63/0x0000000800be6610
1653:             1             16  io.micronaut.core.convert.DefaultConversionService$$Lambda$64/0x0000000800be6848
1654:             1             16  io.micronaut.core.convert.DefaultConversionService$$Lambda$65/0x0000000800be6a78
1655:             1             16  io.micronaut.core.convert.DefaultConversionService$$Lambda$66/0x0000000800be6ca8
1656:             1             16  io.micronaut.core.convert.DefaultConversionService$$Lambda$67/0x0000000800be6ed8
1657:             1             16  io.micronaut.core.convert.DefaultConversionService$$Lambda$68/0x0000000800be7108
1658:             1             16  io.micronaut.core.convert.DefaultConversionService$$Lambda$69/0x0000000800be7338
1659:             1             16  io.micronaut.core.convert.DefaultConversionService$$Lambda$70/0x0000000800be7568
1660:             1             16  io.micronaut.core.convert.DefaultConversionService$$Lambda$71/0x0000000800be7798
1661:             1             16  io.micronaut.core.convert.DefaultConversionService$$Lambda$72/0x0000000800be79c8
1662:             1             16  io.micronaut.core.convert.DefaultConversionService$$Lambda$73/0x0000000800be7bf8
1663:             1             16  io.micronaut.core.convert.DefaultConversionService$$Lambda$74/0x0000000800be8040
1664:             1             16  io.micronaut.core.convert.DefaultConversionService$$Lambda$75/0x0000000800be8270
1665:             1             16  io.micronaut.core.convert.DefaultConversionService$$Lambda$76/0x0000000800be84a0
1666:             1             16  io.micronaut.core.convert.DefaultConversionService$$Lambda$77/0x0000000800be86e0
1667:             1             16  io.micronaut.core.convert.DefaultConversionService$$Lambda$78/0x0000000800be8910
1668:             1             16  io.micronaut.core.convert.DefaultConversionService$$Lambda$79/0x0000000800be8b40
1669:             1             16  io.micronaut.core.convert.DefaultConversionService$$Lambda$80/0x0000000800be8d70
1670:             1             16  io.micronaut.core.convert.DefaultConversionService$$Lambda$81/0x0000000800be8fa0
1671:             1             16  io.micronaut.core.convert.DefaultConversionService$$Lambda$82/0x0000000800be91d0
1672:             1             16  io.micronaut.core.convert.DefaultConversionService$$Lambda$83/0x0000000800be9408
1673:             1             16  io.micronaut.core.convert.DefaultConversionService$$Lambda$84/0x0000000800be9640
1674:             1             16  io.micronaut.core.convert.DefaultConversionService$$Lambda$85/0x0000000800be9870
1675:             1             16  io.micronaut.core.convert.DefaultConversionService$$Lambda$86/0x0000000800be9aa0
1676:             1             16  io.micronaut.core.convert.DefaultConversionService$$Lambda$87/0x0000000800be9cd0
1677:             1             16  io.micronaut.core.convert.DefaultConversionService$$Lambda$88/0x0000000800be9f00
1678:             1             16  io.micronaut.core.convert.DefaultConversionService$$Lambda$89/0x0000000800bea130
1679:             1             16  io.micronaut.core.convert.DefaultConversionService$$Lambda$90/0x0000000800bea368
1680:             1             16  io.micronaut.core.convert.DefaultConversionService$$Lambda$91/0x0000000800bea5a0
1681:             1             16  io.micronaut.core.convert.DefaultConversionService$$Lambda$92/0x0000000800bea7d8
1682:             1             16  io.micronaut.core.convert.DefaultConversionService$$Lambda$93/0x0000000800beaa10
1683:             1             16  io.micronaut.core.convert.DefaultConversionService$$Lambda$95/0x0000000800beae78
1684:             1             16  io.micronaut.core.convert.DefaultConversionService$$Lambda$96/0x0000000800beb0b0
1685:             1             16  io.micronaut.core.convert.DefaultConversionService$$Lambda$97/0x0000000800beb2e0
1686:             1             16  io.micronaut.core.convert.DefaultConversionService$$Lambda$98/0x0000000800beb518
1687:             1             16  io.micronaut.core.convert.DefaultConversionService$$Lambda$99/0x0000000800beb750
1688:             1             16  io.micronaut.core.convert.format.ReadableBytesTypeConverter
1689:             1             16  io.micronaut.core.io.ResourceResolver
1690:             1             16  io.micronaut.core.io.file.DefaultFileSystemResourceLoader
1691:             1             16  io.micronaut.core.io.service.DefaultServiceDefinition$$Lambda$128/0x0000000800bf2818
1692:             1             16  io.micronaut.core.io.service.SoftServiceLoader$$Lambda$125/0x0000000800bf1410
1693:             1             16  io.micronaut.core.io.service.SoftServiceLoader$ServiceLoaderIterator$$Lambda$126/0x0000000800bf1b18
1694:             1             16  io.micronaut.core.io.service.SoftServiceLoader$ServiceLoaderIterator$$Lambda$127/0x0000000800bf1d68
1695:             1             16  io.micronaut.core.order.OrderUtil$$Lambda$148/0x0000000800c1bba0
1696:             1             16  io.micronaut.core.util.AntPathMatcher
1697:             1             16  io.micronaut.core.util.StreamUtils$$Lambda$200/0x0000000800d979b0
1698:             1             16  io.micronaut.core.util.StreamUtils$$Lambda$201/0x0000000800d97bd0
1699:             1             16  io.micronaut.core.util.StreamUtils$$Lambda$202/0x0000000800d98040
1700:             1             16  io.micronaut.core.util.StreamUtils$$Lambda$203/0x0000000800d3f980
1701:             1             16  io.micronaut.core.util.clhm.ConcurrentLinkedHashMap$DiscardingQueue
1702:             1             16  io.micronaut.discovery.DefaultCompositeDiscoveryClient
1703:             1             16  io.micronaut.discovery.cloud.digitalocean.$DigitalOceanInstanceMetadata$IntrospectionRef
1704:             1             16  io.micronaut.health.$HealthStatus$IntrospectionRef
1705:             1             16  io.micronaut.health.$HeartbeatDiscoveryClientCondition$IntrospectionRef
1706:             1             16  io.micronaut.http.MediaType$$Lambda$332/0x0000000800e13190
1707:             1             16  io.micronaut.http.MediaType$$Lambda$350/0x0000000800e18b90
1708:             1             16  io.micronaut.http.MediaType$$Lambda$351/0x0000000800e18dd0
1709:             1             16  io.micronaut.http.MediaType$$Lambda$420/0x0000000800edb790
1710:             1             16  io.micronaut.http.bind.DefaultRequestBinderRegistry$$Lambda$363/0x0000000800e20638
1711:             1             16  io.micronaut.http.bind.DefaultRequestBinderRegistry$$Lambda$364/0x0000000800e23c88
1712:             1             16  io.micronaut.http.bind.DefaultRequestBinderRegistry$$Lambda$365/0x0000000800e23eb8
1713:             1             16  io.micronaut.http.bind.DefaultRequestBinderRegistry$$Lambda$366/0x0000000800e242e8
1714:             1             16  io.micronaut.http.bind.DefaultRequestBinderRegistry$$Lambda$367/0x0000000800e24718
1715:             1             16  io.micronaut.http.bind.DefaultRequestBinderRegistry$$Lambda$368/0x0000000800e24b48
1716:             1             16  io.micronaut.http.bind.binders.CookieAnnotationBinder
1717:             1             16  io.micronaut.http.bind.binders.DefaultBodyAnnotationBinder
1718:             1             16  io.micronaut.http.bind.binders.HeaderAnnotationBinder
1719:             1             16  io.micronaut.http.bind.binders.PathVariableAnnotationBinder
1720:             1             16  io.micronaut.http.bind.binders.QueryValueArgumentBinder
1721:             1             16  io.micronaut.http.bind.binders.RequestAttributeAnnotationBinder
1722:             1             16  io.micronaut.http.client.$ServiceHttpClientCondition$IntrospectionRef
1723:             1             16  io.micronaut.http.client.loadbalance.LoadBalancerConverters
1724:             1             16  io.micronaut.http.client.loadbalance.LoadBalancerConverters$$Lambda$235/0x0000000800dacd18
1725:             1             16  io.micronaut.http.client.loadbalance.LoadBalancerConverters$$Lambda$236/0x0000000800dad410
1726:             1             16  io.micronaut.http.client.loadbalance.LoadBalancerConverters$$Lambda$237/0x0000000800dad650
1727:             1             16  io.micronaut.http.client.netty.NettyClientHttpRequestFactory
1728:             1             16  io.micronaut.http.context.event.HttpRequestReceivedEvent
1729:             1             16  io.micronaut.http.context.event.HttpRequestTerminatedEvent
1730:             1             16  io.micronaut.http.converters.HttpConverterRegistrar
1731:             1             16  io.micronaut.http.converters.HttpConverterRegistrar$$Lambda$283/0x0000000800df54a8
1732:             1             16  io.micronaut.http.converters.HttpConverterRegistrar$$Lambda$284/0x0000000800df56e8
1733:             1             16  io.micronaut.http.converters.HttpConverterRegistrar$$Lambda$285/0x0000000800df5b28
1734:             1             16  io.micronaut.http.converters.HttpConverterRegistrar$$Lambda$286/0x0000000800df6040
1735:             1             16  io.micronaut.http.converters.HttpConverterRegistrar$$Lambda$287/0x0000000800df6520
1736:             1             16  io.micronaut.http.converters.HttpConverterRegistrar$$Lambda$288/0x0000000800df6750
1737:             1             16  io.micronaut.http.converters.HttpConverterRegistrar$$Lambda$289/0x0000000800df6980
1738:             1             16  io.micronaut.http.hateoas.$AbstractResource$IntrospectionRef
1739:             1             16  io.micronaut.http.hateoas.$DefaultLink$IntrospectionRef
1740:             1             16  io.micronaut.http.hateoas.$JsonError$IntrospectionRef
1741:             1             16  io.micronaut.http.hateoas.$VndError$IntrospectionRef
1742:             1             16  io.micronaut.http.netty.channel.$EpollAvailabilityCondition$IntrospectionRef
1743:             1             16  io.micronaut.http.netty.channel.$KQueueAvailabilityCondition$IntrospectionRef
1744:             1             16  io.micronaut.http.netty.channel.NettyThreadFactory
1745:             1             16  io.micronaut.http.netty.channel.NioEventLoopGroupFactory
1746:             1             16  io.micronaut.http.netty.channel.converters.DefaultChannelOptionFactory
1747:             1             16  io.micronaut.http.resource.ResourceLoaderFactory
1748:             1             16  io.micronaut.http.server.binding.LocaleArgumentBinder
1749:             1             16  io.micronaut.http.server.context.ServerRequestContextFilter
1750:             1             16  io.micronaut.http.server.context.ServerRequestContextInstrumentation
1751:             1             16  io.micronaut.http.server.context.ServerRequestContextInstrumentation$$Lambda$401/0x0000000800e70478
1752:             1             16  io.micronaut.http.server.cors.$BeanConfiguration
1753:             1             16  io.micronaut.http.server.netty.NettyHttpRequest$$Lambda$417/0x0000000800edaef0
1754:             1             16  io.micronaut.http.server.netty.NettyHttpResponseFactory
1755:             1             16  io.micronaut.http.server.netty.NettyHttpServer$$Lambda$400/0x0000000800e6a4a0
1756:             1             16  io.micronaut.http.server.netty.NettyHttpServer$$Lambda$402/0x0000000800e706b8
1757:             1             16  io.micronaut.http.server.netty.NettyHttpServer$$Lambda$413/0x0000000800ea6e38
1758:             1             16  io.micronaut.http.server.netty.NettyHttpServer$Http2OrHttpHandler$$Lambda$416/0x0000000800ec2bf0
1759:             1             16  io.micronaut.http.server.netty.NettyRequestArgumentSatisfier
1760:             1             16  io.micronaut.http.server.netty.RoutingInBoundHandler$$Lambda$425/0x0000000800ee0240
1761:             1             16  io.micronaut.http.server.netty.RoutingInBoundHandler$$Lambda$438/0x0000000800ee5090
1762:             1             16  io.micronaut.http.server.netty.binders.BasicAuthArgumentBinder
1763:             1             16  io.micronaut.http.server.netty.configuration.NettyHttpServerConfiguration$Http2Settings
1764:             1             16  io.micronaut.http.server.netty.converters.NettyConverters$$Lambda$219/0x0000000800d9eac0
1765:             1             16  io.micronaut.http.server.netty.converters.NettyConverters$$Lambda$220/0x0000000800d9f780
1766:             1             16  io.micronaut.http.server.netty.converters.NettyConverters$$Lambda$221/0x0000000800da95c0
1767:             1             16  io.micronaut.http.server.netty.converters.NettyConverters$$Lambda$222/0x0000000800da97f0
1768:             1             16  io.micronaut.http.server.netty.converters.NettyConverters$$Lambda$223/0x0000000800da9a20
1769:             1             16  io.micronaut.http.server.netty.converters.NettyConverters$$Lambda$224/0x0000000800da9c50
1770:             1             16  io.micronaut.http.server.netty.converters.NettyConverters$$Lambda$225/0x0000000800daae88
1771:             1             16  io.micronaut.http.server.netty.converters.NettyConverters$$Lambda$226/0x0000000800dab2b8
1772:             1             16  io.micronaut.http.server.netty.converters.NettyConverters$$Lambda$227/0x0000000800dab4e8
1773:             1             16  io.micronaut.http.server.netty.converters.NettyConverters$$Lambda$228/0x0000000800dab720
1774:             1             16  io.micronaut.http.server.netty.converters.NettyConverters$$Lambda$229/0x0000000800dab958
1775:             1             16  io.micronaut.http.server.netty.converters.NettyConverters$$Lambda$230/0x0000000800dabdf8
1776:             1             16  io.micronaut.http.server.netty.converters.NettyConverters$$Lambda$231/0x0000000800dac028
1777:             1             16  io.micronaut.http.server.netty.converters.NettyConverters$$Lambda$232/0x0000000800dac260
1778:             1             16  io.micronaut.http.server.netty.converters.NettyConverters$$Lambda$233/0x0000000800dac498
1779:             1             16  io.micronaut.http.server.netty.converters.NettyConverters$$Lambda$234/0x0000000800dac8e8
1780:             1             16  io.micronaut.http.server.netty.ssl.HttpRequestCertificateHandler
1781:             1             16  io.micronaut.http.server.netty.types.files.FileTypeHandler
1782:             1             16  io.micronaut.http.server.netty.types.files.FileTypeHandlerConfiguration$CacheControlConfiguration
1783:             1             16  io.micronaut.http.uri.UriTemplate$$Lambda$354/0x0000000800e19bd0
1784:             1             16  io.micronaut.http.util.HttpUtil$$Lambda$421/0x0000000800edbc30
1785:             1             16  io.micronaut.http.util.HttpUtil$$Lambda$422/0x0000000800edbe70
1786:             1             16  io.micronaut.inject.BeanDefinition$$Lambda$193/0x0000000800d94908
1787:             1             16  io.micronaut.inject.BeanDefinition$$Lambda$194/0x0000000800d94b48
1788:             1             16  io.micronaut.inject.annotation.AnnotationMetadataHierarchy$$Lambda$349/0x0000000800e184c0
1789:             1             16  io.micronaut.inject.annotation.AnnotationMetadataSupport$$Lambda$157/0x0000000800c39240
1790:             1             16  io.micronaut.inject.annotation.AnnotationMetadataSupport$$Lambda$190/0x0000000800d90930
1791:             1             16  io.micronaut.inject.annotation.DefaultAnnotationMetadata$$Lambda$155/0x0000000800c2ade8
1792:             1             16  io.micronaut.inject.annotation.DefaultAnnotationMetadata$$Lambda$156/0x0000000800c2b600
1793:             1             16  io.micronaut.inject.qualifiers.NameQualifier$$Lambda$395/0x0000000800d67978
1794:             1             16  io.micronaut.inject.qualifiers.TypeArgumentQualifier$$Lambda$325/0x0000000800e0a3d8
1795:             1             16  io.micronaut.jackson.$BeanConfiguration
1796:             1             16  io.micronaut.jackson.convert.JacksonConverterRegistrar$$Lambda$238/0x0000000800daf6f0
1797:             1             16  io.micronaut.jackson.convert.JacksonConverterRegistrar$$Lambda$239/0x0000000800daf928
1798:             1             16  io.micronaut.jackson.convert.JacksonConverterRegistrar$$Lambda$240/0x0000000800dafb60
1799:             1             16  io.micronaut.jackson.convert.JacksonConverterRegistrar$$Lambda$241/0x0000000800db0850
1800:             1             16  io.micronaut.jackson.convert.JacksonConverterRegistrar$$Lambda$242/0x0000000800db0a88
1801:             1             16  io.micronaut.jackson.convert.JacksonConverterRegistrar$$Lambda$243/0x0000000800db0cc0
1802:             1             16  io.micronaut.jackson.convert.JacksonConverterRegistrar$$Lambda$244/0x0000000800db0ef8
1803:             1             16  io.micronaut.jackson.env.CloudFoundryVcapApplicationPropertySourceLoader
1804:             1             16  io.micronaut.jackson.env.CloudFoundryVcapServicesPropertySourceLoader
1805:             1             16  io.micronaut.jackson.env.EnvJsonPropertySourceLoader
1806:             1             16  io.micronaut.jackson.env.JsonPropertySourceLoader
1807:             1             16  io.micronaut.reactive.rxjava2.RxInstrumenterFactory
1808:             1             16  io.micronaut.reactive.rxjava2.RxJava2Instrumentation$$Lambda$291/0x0000000800df8240
1809:             1             16  io.micronaut.reactive.rxjava2.RxJava2Instrumentation$$Lambda$292/0x0000000800df8468
1810:             1             16  io.micronaut.reactive.rxjava2.RxJava2Instrumentation$$Lambda$293/0x0000000800df8690
1811:             1             16  io.micronaut.reactive.rxjava2.RxJava2Instrumentation$$Lambda$294/0x0000000800df88b8
1812:             1             16  io.micronaut.reactive.rxjava2.RxJava2Instrumentation$$Lambda$295/0x0000000800df8ae0
1813:             1             16  io.micronaut.reactive.rxjava2.RxJava2Instrumentation$$Lambda$296/0x0000000800df8f08
1814:             1             16  io.micronaut.reactive.rxjava2.RxJava2Instrumentation$$Lambda$297/0x0000000800df9130
1815:             1             16  io.micronaut.reactive.rxjava2.RxJava2Instrumentation$$Lambda$298/0x0000000800df9358
1816:             1             16  io.micronaut.reactive.rxjava2.RxJava2Instrumentation$$Lambda$299/0x0000000800df9580
1817:             1             16  io.micronaut.reactive.rxjava2.RxJava2Instrumentation$$Lambda$300/0x0000000800df97a8
1818:             1             16  io.micronaut.reactive.rxjava2.RxJava2Instrumentation$$Lambda$301/0x0000000800df9c28
1819:             1             16  io.micronaut.reactive.rxjava2.RxJava2Instrumentation$$Lambda$302/0x0000000800dfa0a0
1820:             1             16  io.micronaut.reactive.rxjava2.RxJava2Instrumentation$$Lambda$303/0x0000000800dfa4e0
1821:             1             16  io.micronaut.reactive.rxjava2.converters.RxJavaConverterRegistrar
1822:             1             16  io.micronaut.reactive.rxjava2.converters.RxJavaConverterRegistrar$$Lambda$245/0x0000000800db8270
1823:             1             16  io.micronaut.reactive.rxjava2.converters.RxJavaConverterRegistrar$$Lambda$246/0x0000000800db84b0
1824:             1             16  io.micronaut.reactive.rxjava2.converters.RxJavaConverterRegistrar$$Lambda$247/0x0000000800db86f0
1825:             1             16  io.micronaut.reactive.rxjava2.converters.RxJavaConverterRegistrar$$Lambda$248/0x0000000800db8930
1826:             1             16  io.micronaut.reactive.rxjava2.converters.RxJavaConverterRegistrar$$Lambda$249/0x0000000800db8b70
1827:             1             16  io.micronaut.reactive.rxjava2.converters.RxJavaConverterRegistrar$$Lambda$250/0x0000000800dc31e0
1828:             1             16  io.micronaut.reactive.rxjava2.converters.RxJavaConverterRegistrar$$Lambda$251/0x0000000800dc3420
1829:             1             16  io.micronaut.reactive.rxjava2.converters.RxJavaConverterRegistrar$$Lambda$252/0x0000000800dc3660
1830:             1             16  io.micronaut.reactive.rxjava2.converters.RxJavaConverterRegistrar$$Lambda$253/0x0000000800dc38a0
1831:             1             16  io.micronaut.reactive.rxjava2.converters.RxJavaConverterRegistrar$$Lambda$254/0x0000000800dc3ae0
1832:             1             16  io.micronaut.reactive.rxjava2.converters.RxJavaConverterRegistrar$$Lambda$255/0x0000000800dc3d20
1833:             1             16  io.micronaut.reactive.rxjava2.converters.RxJavaConverterRegistrar$$Lambda$256/0x0000000800dd6f98
1834:             1             16  io.micronaut.reactive.rxjava2.converters.RxJavaConverterRegistrar$$Lambda$257/0x0000000800dd71d8
1835:             1             16  io.micronaut.reactive.rxjava2.converters.RxJavaConverterRegistrar$$Lambda$258/0x0000000800dd7418
1836:             1             16  io.micronaut.reactive.rxjava2.converters.RxJavaConverterRegistrar$$Lambda$259/0x0000000800dd7658
1837:             1             16  io.micronaut.reactive.rxjava2.converters.RxJavaConverterRegistrar$$Lambda$260/0x0000000800ddf008
1838:             1             16  io.micronaut.reactive.rxjava2.converters.RxJavaConverterRegistrar$$Lambda$261/0x0000000800ddf248
1839:             1             16  io.micronaut.reactive.rxjava2.converters.RxJavaConverterRegistrar$$Lambda$262/0x0000000800ddf488
1840:             1             16  io.micronaut.reactive.rxjava2.converters.RxJavaConverterRegistrar$$Lambda$263/0x0000000800ddf6c8
1841:             1             16  io.micronaut.reactive.rxjava2.converters.RxJavaConverterRegistrar$$Lambda$264/0x0000000800ddf908
1842:             1             16  io.micronaut.reactive.rxjava2.converters.RxJavaConverterRegistrar$$Lambda$265/0x0000000800df2c70
1843:             1             16  io.micronaut.reactive.rxjava2.converters.RxJavaConverterRegistrar$$Lambda$266/0x0000000800df2eb0
1844:             1             16  io.micronaut.reactive.rxjava2.converters.RxJavaConverterRegistrar$$Lambda$267/0x0000000800df30f0
1845:             1             16  io.micronaut.reactive.rxjava2.converters.RxJavaConverterRegistrar$$Lambda$268/0x0000000800df3330
1846:             1             16  io.micronaut.reactive.rxjava2.converters.RxJavaConverterRegistrar$$Lambda$269/0x0000000800df3570
1847:             1             16  io.micronaut.reactive.rxjava2.converters.RxJavaConverterRegistrar$$Lambda$270/0x0000000800df37b0
1848:             1             16  io.micronaut.reactive.rxjava2.converters.RxJavaConverterRegistrar$$Lambda$271/0x0000000800df39f0
1849:             1             16  io.micronaut.reactive.rxjava2.converters.RxJavaConverterRegistrar$$Lambda$272/0x0000000800df3c30
1850:             1             16  io.micronaut.reactive.rxjava2.converters.RxJavaConverterRegistrar$$Lambda$273/0x0000000800df3e70
1851:             1             16  io.micronaut.reactive.rxjava2.converters.RxJavaConverterRegistrar$$Lambda$274/0x0000000800df40b0
1852:             1             16  io.micronaut.retry.annotation.$DefaultRetryPredicate$IntrospectionRef
1853:             1             16  io.micronaut.runtime.converters.time.TimeConverterRegistrar
1854:             1             16  io.micronaut.runtime.converters.time.TimeConverterRegistrar$$Lambda$275/0x0000000800df42f0
1855:             1             16  io.micronaut.runtime.converters.time.TimeConverterRegistrar$$Lambda$276/0x0000000800df4520
1856:             1             16  io.micronaut.runtime.converters.time.TimeConverterRegistrar$$Lambda$277/0x0000000800df4758
1857:             1             16  io.micronaut.runtime.converters.time.TimeConverterRegistrar$$Lambda$278/0x0000000800df4990
1858:             1             16  io.micronaut.runtime.converters.time.TimeConverterRegistrar$$Lambda$279/0x0000000800df4bc8
1859:             1             16  io.micronaut.runtime.converters.time.TimeConverterRegistrar$$Lambda$280/0x0000000800df4e00
1860:             1             16  io.micronaut.runtime.converters.time.TimeConverterRegistrar$$Lambda$281/0x0000000800df5038
1861:             1             16  io.micronaut.runtime.converters.time.TimeConverterRegistrar$$Lambda$282/0x0000000800df5270
1862:             1             16  io.micronaut.runtime.http.codec.MediaTypeCodecRegistryFactory
1863:             1             16  io.micronaut.runtime.http.scope.RequestCustomScope
1864:             1             16  io.micronaut.runtime.http.scope.RequestCustomScope$$Lambda$446/0x0000000800eec520
1865:             1             16  io.micronaut.scheduling.executor.$UserExecutorConfiguration$IntrospectionRef
1866:             1             16  io.micronaut.scheduling.executor.DefaultExecutorSelector$$Lambda$397/0x0000000800e621d0
1867:             1             16  io.micronaut.scheduling.instrument.ExecutorServiceInstrumenter
1868:             1             16  io.micronaut.scheduling.instrument.InvocationInstrumenter$$Lambda$433/0x0000000800ee2d78
1869:             1             16  io.micronaut.scheduling.instrument.MultipleInvocationInstrumenter
1870:             1             16  io.micronaut.scheduling.instrument.MultipleInvocationInstrumenter$$Lambda$437/0x0000000800ee4958
1871:             1             16  io.micronaut.scheduling.io.watch.$FileWatchCondition$IntrospectionRef
1872:             1             16  io.micronaut.validation.validator.constraints.$DefaultConstraintValidators$IntrospectionRef
1873:             1             16  io.micronaut.validation.validator.extractors.$DefaultValueExtractors$IntrospectionRef
1874:             1             16  io.micronaut.web.router.AnnotatedMethodRouteBuilder$$Lambda$342/0x0000000800e15bd8
1875:             1             16  io.micronaut.web.router.DefaultRouteBuilder$1
1876:             1             16  io.micronaut.web.router.DefaultRouteBuilder$DefaultUriRoute$$Lambda$423/0x0000000800edc548
1877:             1             16  io.micronaut.web.router.DefaultRouter$$Lambda$359/0x0000000800e1e988
1878:             1             16  io.micronaut.web.router.DefaultRouter$$Lambda$428/0x0000000800ee1bd0
1879:             1             16  io.micronaut.web.router.DefaultRouter$$Lambda$429/0x0000000800ee1e28
1880:             1             16  io.micronaut.web.router.DefaultRouter$$Lambda$430/0x0000000800ee2080
1881:             1             16  io.micronaut.web.router.naming.HyphenatedUriNamingStrategy
1882:             1             16  io.micronaut.websocket.context.WebSocketBeanRegistry$1
1883:             1             16  io.netty.buffer.AbstractReferenceCountedByteBuf$1
1884:             1             16  io.netty.buffer.ByteBufUtil$1
1885:             1             16  io.netty.buffer.ByteBufUtil$2
1886:             1             16  io.netty.buffer.PoolThreadCache$MemoryRegionCache$1
1887:             1             16  io.netty.buffer.PooledByteBufAllocator$1
1888:             1             16  io.netty.buffer.PooledByteBufAllocatorMetric
1889:             1             16  io.netty.buffer.PooledUnsafeDirectByteBuf$1
1890:             1             16  io.netty.channel.ChannelFutureListener$1
1891:             1             16  io.netty.channel.ChannelFutureListener$2
1892:             1             16  io.netty.channel.ChannelFutureListener$3
1893:             1             16  io.netty.channel.ChannelHandlerMask$1
1894:             1             16  io.netty.channel.ChannelOutboundBuffer$1
1895:             1             16  io.netty.channel.ChannelOutboundBuffer$Entry$1
1896:             1             16  io.netty.channel.DefaultChannelPipeline$1
1897:             1             16  io.netty.channel.DefaultMessageSizeEstimator
1898:             1             16  io.netty.channel.DefaultMessageSizeEstimator$HandleImpl
1899:             1             16  io.netty.channel.DefaultSelectStrategy
1900:             1             16  io.netty.channel.DefaultSelectStrategyFactory
1901:             1             16  io.netty.channel.group.DefaultChannelGroup$1
1902:             1             16  io.netty.channel.group.VoidChannelGroupFuture
1903:             1             16  io.netty.channel.nio.AbstractNioByteChannel$1
1904:             1             16  io.netty.handler.codec.ByteToMessageDecoder$1
1905:             1             16  io.netty.handler.codec.ByteToMessageDecoder$2
1906:             1             16  io.netty.handler.codec.CharSequenceValueConverter
1907:             1             16  io.netty.handler.codec.CodecOutputList$1
1908:             1             16  io.netty.handler.codec.CodecOutputList$2
1909:             1             16  io.netty.handler.codec.http.DefaultHttpHeaders$1
1910:             1             16  io.netty.handler.codec.http.DefaultHttpHeaders$2
1911:             1             16  io.netty.handler.codec.http.DefaultHttpHeaders$HeaderValueConverter
1912:             1             16  io.netty.handler.codec.http.DefaultHttpHeaders$HeaderValueConverterAndValidator
1913:             1             16  io.netty.handler.codec.http.EmptyHttpHeaders
1914:             1             16  io.netty.handler.codec.http.LastHttpContent$1
1915:             1             16  io.netty.handler.flow.FlowControlHandler$RecyclableArrayDeque$1
1916:             1             16  io.netty.handler.timeout.IdleStateHandler$1
1917:             1             16  io.netty.util.AsciiString$1
1918:             1             16  io.netty.util.AsciiString$2
1919:             1             16  io.netty.util.NettyRuntime$AvailableProcessorsHolder
1920:             1             16  io.netty.util.Recycler$1
1921:             1             16  io.netty.util.Recycler$3
1922:             1             16  io.netty.util.collection.CharObjectHashMap$1
1923:             1             16  io.netty.util.collection.CharObjectHashMap$EntrySet
1924:             1             16  io.netty.util.collection.CharObjectHashMap$KeySet
1925:             1             16  io.netty.util.concurrent.AbstractScheduledEventExecutor$1
1926:             1             16  io.netty.util.concurrent.AbstractScheduledEventExecutor$2
1927:             1             16  io.netty.util.concurrent.DefaultEventExecutorChooserFactory
1928:             1             16  io.netty.util.concurrent.DefaultPromise$CauseHolder
1929:             1             16  io.netty.util.concurrent.FastThreadLocal
1930:             1             16  io.netty.util.concurrent.GlobalEventExecutor$1
1931:             1             16  io.netty.util.concurrent.GlobalEventExecutor$TaskRunner
1932:             1             16  io.netty.util.concurrent.RejectedExecutionHandlers$1
1933:             1             16  io.netty.util.concurrent.SingleThreadEventExecutor$1
1934:             1             16  io.netty.util.internal.CleanerJava9
1935:             1             16  io.netty.util.internal.PlatformDependent$1
1936:             1             16  io.netty.util.internal.PlatformDependent$2
1937:             1             16  io.netty.util.internal.SocketUtils$5
1938:             1             16  io.netty.util.internal.TypeParameterMatcher$1
1939:             1             16  io.reactivex.internal.functions.ObjectHelper$BiObjectPredicate
1940:             1             16  io.reactivex.internal.operators.flowable.FlowableFromPublisher
1941:             1             16  io.reactivex.internal.operators.flowable.FlowableJust
1942:             1             16  io.reactivex.internal.operators.single.SingleJust
1943:             1             16  io.reactivex.internal.util.AtomicThrowable
1944:             1             16  java.io.FileDescriptor$1 (java.base@15.0.1)
1945:             1             16  java.io.FilePermission$1 (java.base@15.0.1)
1946:             1             16  java.io.RandomAccessFile$2 (java.base@15.0.1)
1947:             1             16  java.lang.ApplicationShutdownHooks$1 (java.base@15.0.1)
1948:             1             16  java.lang.CharacterData00 (java.base@15.0.1)
1949:             1             16  java.lang.CharacterDataLatin1 (java.base@15.0.1)
1950:             1             16  java.lang.Class$$Lambda$9/0x0000000800b72fb8 (java.base@15.0.1)
1951:             1             16  java.lang.ClassValue$Identity (java.base@15.0.1)
1952:             1             16  java.lang.Float (java.base@15.0.1)
1953:             1             16  java.lang.ProcessEnvironment$StringEntrySet (java.base@15.0.1)
1954:             1             16  java.lang.Runtime (java.base@15.0.1)
1955:             1             16  java.lang.String$CaseInsensitiveComparator (java.base@15.0.1)
1956:             1             16  java.lang.StringCoding$1 (java.base@15.0.1)
1957:             1             16  java.lang.System$2 (java.base@15.0.1)
1958:             1             16  java.lang.System$LoggerFinder$$Lambda$146/0x0000000800c029e0 (java.base@15.0.1)
1959:             1             16  java.lang.Terminator$1 (java.base@15.0.1)
1960:             1             16  java.lang.invoke.ClassSpecializer$1 (java.base@15.0.1)
1961:             1             16  java.lang.invoke.MemberName$Factory (java.base@15.0.1)
1962:             1             16  java.lang.invoke.MethodHandleImpl$1 (java.base@15.0.1)
1963:             1             16  java.lang.invoke.StringConcatFactory$1 (java.base@15.0.1)
1964:             1             16  java.lang.invoke.StringConcatFactory$2 (java.base@15.0.1)
1965:             1             16  java.lang.invoke.StringConcatFactory$3 (java.base@15.0.1)
1966:             1             16  java.lang.invoke.VarHandle$1 (java.base@15.0.1)
1967:             1             16  java.lang.management.DefaultPlatformMBeanProvider (java.management@15.0.1)
1968:             1             16  java.lang.management.ManagementFactory$$Lambda$371/0x0000000800da5d00 (java.management@15.0.1)
1969:             1             16  java.lang.management.ManagementFactory$PlatformMBeanFinder$$Lambda$373/0x0000000800e40040 (java.management@15.0.1)
1970:             1             16  java.lang.management.ManagementFactory$PlatformMBeanFinder$$Lambda$376/0x0000000800e45368 (java.management@15.0.1)
1971:             1             16  java.lang.management.ManagementFactory$PlatformMBeanFinder$$Lambda$377/0x0000000800e455a8 (java.management@15.0.1)
1972:             1             16  java.lang.management.ManagementFactory$PlatformMBeanFinder$$Lambda$378/0x0000000800e457e8 (java.management@15.0.1)
1973:             1             16  java.lang.management.ManagementFactory$PlatformMBeanFinder$$Lambda$382/0x0000000800e460d8 (java.management@15.0.1)
1974:             1             16  java.lang.management.ManagementFactory$PlatformMBeanFinder$$Lambda$383/0x0000000800e46318 (java.management@15.0.1)
1975:             1             16  java.lang.module.ModuleDescriptor$1 (java.base@15.0.1)
1976:             1             16  java.lang.ref.Cleaner (java.base@15.0.1)
1977:             1             16  java.lang.ref.Cleaner$1 (java.base@15.0.1)
1978:             1             16  java.lang.ref.Reference$1 (java.base@15.0.1)
1979:             1             16  java.lang.reflect.Proxy$$Lambda$175/0x0000000800d88f38 (java.base@15.0.1)
1980:             1             16  java.lang.reflect.ProxyGenerator$$Lambda$177/0x0000000800d89ac8 (java.base@15.0.1)
1981:             1             16  java.lang.reflect.ProxyGenerator$$Lambda$178/0x0000000800d89d08 (java.base@15.0.1)
1982:             1             16  java.lang.reflect.ReflectAccess (java.base@15.0.1)
1983:             1             16  java.math.BigDecimal$1 (java.base@15.0.1)
1984:             1             16  java.net.InetAddress$1 (java.base@15.0.1)
1985:             1             16  java.net.InetAddress$PlatformNameService (java.base@15.0.1)
1986:             1             16  java.net.SocketImpl$$Lambda$123/0x0000000800b8da00 (java.base@15.0.1)
1987:             1             16  java.net.URI$1 (java.base@15.0.1)
1988:             1             16  java.net.URL$3 (java.base@15.0.1)
1989:             1             16  java.net.URL$DefaultFactory (java.base@15.0.1)
1990:             1             16  java.nio.Bits$1 (java.base@15.0.1)
1991:             1             16  java.nio.Buffer$1 (java.base@15.0.1)
1992:             1             16  java.nio.channels.spi.SelectorProvider$Holder$$Lambda$404/0x0000000800e4c7c0 (java.base@15.0.1)
1993:             1             16  java.security.AllPermission (java.base@15.0.1)
1994:             1             16  java.security.ProtectionDomain$JavaSecurityAccessImpl (java.base@15.0.1)
1995:             1             16  java.text.DecimalFormatSymbols$$Lambda$28/0x0000000800b78d30 (java.base@15.0.1)
1996:             1             16  java.text.DontCareFieldPosition$1 (java.base@15.0.1)
1997:             1             16  java.time.chrono.IsoChronology (java.base@15.0.1)
1998:             1             16  java.time.format.DateTimeFormatter$$Lambda$440/0x0000000800ed2350 (java.base@15.0.1)
1999:             1             16  java.time.format.DateTimeFormatter$$Lambda$441/0x0000000800ed2570 (java.base@15.0.1)
2000:             1             16  java.time.format.DateTimeFormatterBuilder$$Lambda$439/0x0000000800ed1170 (java.base@15.0.1)
2001:             1             16  java.time.format.DateTimeFormatterBuilder$2 (java.base@15.0.1)
2002:             1             16  java.time.format.DateTimeFormatterBuilder$InstantPrinterParser (java.base@15.0.1)
2003:             1             16  java.time.format.DateTimeTextProvider (java.base@15.0.1)
2004:             1             16  java.time.format.DateTimeTextProvider$1 (java.base@15.0.1)
2005:             1             16  java.time.temporal.TemporalQueries$1 (java.base@15.0.1)
2006:             1             16  java.time.temporal.TemporalQueries$2 (java.base@15.0.1)
2007:             1             16  java.time.temporal.TemporalQueries$3 (java.base@15.0.1)
2008:             1             16  java.time.temporal.TemporalQueries$4 (java.base@15.0.1)
2009:             1             16  java.time.temporal.TemporalQueries$5 (java.base@15.0.1)
2010:             1             16  java.time.temporal.TemporalQueries$6 (java.base@15.0.1)
2011:             1             16  java.time.temporal.TemporalQueries$7 (java.base@15.0.1)
2012:             1             16  java.util.Collections$EmptyEnumeration (java.base@15.0.1)
2013:             1             16  java.util.Collections$EmptyIterator (java.base@15.0.1)
2014:             1             16  java.util.Collections$EmptyList (java.base@15.0.1)
2015:             1             16  java.util.Collections$EmptySet (java.base@15.0.1)
2016:             1             16  java.util.Collections$ReverseComparator (java.base@15.0.1)
2017:             1             16  java.util.Collections$ReverseComparator2 (java.base@15.0.1)
2018:             1             16  java.util.Collections$UnmodifiableMap$UnmodifiableEntrySet (java.base@15.0.1)
2019:             1             16  java.util.EnumMap$1 (java.base@15.0.1)
2020:             1             16  java.util.IdentityHashMap$Values (java.base@15.0.1)
2021:             1             16  java.util.Locale$Builder (java.base@15.0.1)
2022:             1             16  java.util.ResourceBundle$1 (java.base@15.0.1)
2023:             1             16  java.util.ResourceBundle$Control (java.base@15.0.1)
2024:             1             16  java.util.Spliterators$EmptySpliterator$OfDouble (java.base@15.0.1)
2025:             1             16  java.util.Spliterators$EmptySpliterator$OfInt (java.base@15.0.1)
2026:             1             16  java.util.Spliterators$EmptySpliterator$OfLong (java.base@15.0.1)
2027:             1             16  java.util.Spliterators$EmptySpliterator$OfRef (java.base@15.0.1)
2028:             1             16  java.util.concurrent.ConcurrentSkipListMap$KeySet (java.base@15.0.1)
2029:             1             16  java.util.concurrent.ConcurrentSkipListSet (java.base@15.0.1)
2030:             1             16  java.util.concurrent.ForkJoinPool$DefaultForkJoinWorkerThreadFactory (java.base@15.0.1)
2031:             1             16  java.util.function.Function$$Lambda$132/0x0000000800b97c08 (java.base@15.0.1)
2032:             1             16  java.util.jar.Attributes (java.base@15.0.1)
2033:             1             16  java.util.jar.JavaUtilJarAccessImpl (java.base@15.0.1)
2034:             1             16  java.util.logging.Level$$Lambda$140/0x0000000800c01c80 (java.logging@15.0.1)
2035:             1             16  java.util.logging.Level$KnownLevel$$Lambda$138/0x0000000800c01218 (java.logging@15.0.1)
2036:             1             16  java.util.logging.Level$KnownLevel$$Lambda$139/0x0000000800c01458 (java.logging@15.0.1)
2037:             1             16  java.util.logging.Level$KnownLevel$$Lambda$141/0x0000000800c01ec0 (java.logging@15.0.1)
2038:             1             16  java.util.logging.LogManager$LoggingProviderAccess (java.logging@15.0.1)
2039:             1             16  java.util.logging.LogManager$VisitedLoggers (java.logging@15.0.1)
2040:             1             16  java.util.regex.CharPredicates$$Lambda$105/0x0000000800b80a70 (java.base@15.0.1)
2041:             1             16  java.util.regex.CharPredicates$$Lambda$114/0x0000000800b828a8 (java.base@15.0.1)
2042:             1             16  java.util.regex.CharPredicates$$Lambda$119/0x0000000800b84278 (java.base@15.0.1)
2043:             1             16  java.util.regex.CharPredicates$$Lambda$121/0x0000000800b84740 (java.base@15.0.1)
2044:             1             16  java.util.regex.Pattern$$Lambda$107/0x0000000800b81350 (java.base@15.0.1)
2045:             1             16  java.util.regex.Pattern$LastNode (java.base@15.0.1)
2046:             1             16  java.util.regex.Pattern$Node (java.base@15.0.1)
2047:             1             16  java.util.stream.Collectors$$Lambda$11/0x0000000800b73810 (java.base@15.0.1)
2048:             1             16  java.util.stream.Collectors$$Lambda$111/0x0000000800b82210 (java.base@15.0.1)
2049:             1             16  java.util.stream.Collectors$$Lambda$112/0x0000000800b82430 (java.base@15.0.1)
2050:             1             16  java.util.stream.Collectors$$Lambda$113/0x0000000800b82660 (java.base@15.0.1)
2051:             1             16  java.util.stream.Collectors$$Lambda$12/0x0000000800b73a40 (java.base@15.0.1)
2052:             1             16  java.util.stream.Collectors$$Lambda$13/0x0000000800b73c88 (java.base@15.0.1)
2053:             1             16  java.util.stream.Collectors$$Lambda$186/0x0000000800d8c2f0 (java.base@15.0.1)
2054:             1             16  java.util.stream.Collectors$$Lambda$187/0x0000000800d8c510 (java.base@15.0.1)
2055:             1             16  java.util.stream.Collectors$$Lambda$188/0x0000000800d8c740 (java.base@15.0.1)
2056:             1             16  java.util.stream.Collectors$$Lambda$23/0x0000000800b78228 (java.base@15.0.1)
2057:             1             16  java.util.stream.Collectors$$Lambda$25/0x0000000800b78680 (java.base@15.0.1)
2058:             1             16  java.util.stream.Collectors$$Lambda$26/0x0000000800b788c8 (java.base@15.0.1)
2059:             1             16  java.util.stream.Collectors$$Lambda$379/0x0000000800e45a30 (java.base@15.0.1)
2060:             1             16  java.util.stream.FindOps$FindSink$OfInt$$Lambda$29/0x0000000800b78f80 (java.base@15.0.1)
2061:             1             16  java.util.stream.FindOps$FindSink$OfInt$$Lambda$30/0x0000000800b791d0 (java.base@15.0.1)
2062:             1             16  java.util.stream.FindOps$FindSink$OfInt$$Lambda$31/0x0000000800b793f0 (java.base@15.0.1)
2063:             1             16  java.util.stream.FindOps$FindSink$OfInt$$Lambda$32/0x0000000800b79640 (java.base@15.0.1)
2064:             1             16  java.util.stream.FindOps$FindSink$OfRef$$Lambda$142/0x0000000800c02100 (java.base@15.0.1)
2065:             1             16  java.util.stream.FindOps$FindSink$OfRef$$Lambda$143/0x0000000800c02350 (java.base@15.0.1)
2066:             1             16  java.util.stream.FindOps$FindSink$OfRef$$Lambda$144/0x0000000800c02570 (java.base@15.0.1)
2067:             1             16  java.util.stream.FindOps$FindSink$OfRef$$Lambda$145/0x0000000800c027c0 (java.base@15.0.1)
2068:             1             16  java.util.stream.IntPipeline$$Lambda$150/0x0000000800c20c10 (java.base@15.0.1)
2069:             1             16  java.util.stream.Nodes$EmptyNode$OfDouble (java.base@15.0.1)
2070:             1             16  java.util.stream.Nodes$EmptyNode$OfInt (java.base@15.0.1)
2071:             1             16  java.util.stream.Nodes$EmptyNode$OfLong (java.base@15.0.1)
2072:             1             16  java.util.stream.Nodes$EmptyNode$OfRef (java.base@15.0.1)
2073:             1             16  java.util.stream.SortedOps$RefSortingSink$$Lambda$431/0x0000000800ed0f38 (java.base@15.0.1)
2074:             1             16  java.util.zip.ZipFile$1 (java.base@15.0.1)
2075:             1             16  jdk.internal.jimage.ImageBufferCache$1 (java.base@15.0.1)
2076:             1             16  jdk.internal.jimage.ImageBufferCache$2 (java.base@15.0.1)
2077:             1             16  jdk.internal.jimage.ImageReaderFactory$1 (java.base@15.0.1)
2078:             1             16  jdk.internal.jimage.ImageStringsReader (java.base@15.0.1)
2079:             1             16  jdk.internal.jimage.decompressor.Decompressor (java.base@15.0.1)
2080:             1             16  jdk.internal.jrtfs.JrtFileSystemProvider (java.base@15.0.1)
2081:             1             16  jdk.internal.logger.LazyLoggers$1 (java.base@15.0.1)
2082:             1             16  jdk.internal.logger.LazyLoggers$JdkLazyLogger (java.base@15.0.1)
2083:             1             16  jdk.internal.logger.LazyLoggers$LazyLoggerFactories (java.base@15.0.1)
2084:             1             16  jdk.internal.misc.TerminatingThreadLocal$1 (java.base@15.0.1)
2085:             1             16  jdk.internal.misc.Unsafe (java.base@15.0.1)
2086:             1             16  jdk.internal.module.ModuleLoaderMap$Mapper (java.base@15.0.1)
2087:             1             16  jdk.internal.module.ModulePatcher (java.base@15.0.1)
2088:             1             16  jdk.internal.module.ModuleTarget (java.base@15.0.1)
2089:             1             16  jdk.internal.perf.Perf (java.base@15.0.1)
2090:             1             16  jdk.internal.reflect.ClassDefiner$1 (java.base@15.0.1)
2091:             1             16  jdk.internal.reflect.GeneratedConstructorAccessor1 (java.base@15.0.1)
2092:             1             16  jdk.internal.reflect.GeneratedConstructorAccessor2 (java.base@15.0.1)
2093:             1             16  jdk.internal.reflect.GeneratedConstructorAccessor3 (java.base@15.0.1)
2094:             1             16  jdk.internal.reflect.GeneratedConstructorAccessor4
2095:             1             16  jdk.internal.reflect.Label (java.base@15.0.1)
2096:             1             16  jdk.internal.reflect.ReflectionFactory (java.base@15.0.1)
2097:             1             16  jdk.internal.util.Preconditions$1 (java.base@15.0.1)
2098:             1             16  jdk.net.LinuxSocketOptions (jdk.net@15.0.1)
2099:             1             16  jdk.nio.zipfs.ZipFileSystem$$Lambda$131/0x0000000800bf9410 (jdk.zipfs@15.0.1)
2100:             1             16  jdk.nio.zipfs.ZipFileSystemProvider (jdk.zipfs@15.0.1)
2101:             1             16  jdk.xml.internal.SecuritySupport$$Lambda$6/0x0000000800b56bd0 (java.xml@15.0.1)
2102:             1             16  org.slf4j.helpers.NOPLoggerFactory
2103:             1             16  org.slf4j.impl.StaticMDCBinder
2104:             1             16  org.yaml.snakeyaml.constructor.SafeConstructor$ConstructUndefined
2105:             1             16  org.yaml.snakeyaml.external.com.google.gdata.util.common.base.UnicodeEscaper$2
2106:             1             16  sun.misc.Unsafe (jdk.unsupported@15.0.1)
2107:             1             16  sun.net.spi.DefaultProxySelector (java.base@15.0.1)
2108:             1             16  sun.net.www.protocol.file.Handler (java.base@15.0.1)
2109:             1             16  sun.net.www.protocol.jar.Handler (java.base@15.0.1)
2110:             1             16  sun.net.www.protocol.jar.JarFileFactory (java.base@15.0.1)
2111:             1             16  sun.net.www.protocol.jrt.Handler (java.base@15.0.1)
2112:             1             16  sun.net.www.protocol.jrt.JavaRuntimeURLConnection$$Lambda$130/0x0000000800b95560 (java.base@15.0.1)
2113:             1             16  sun.nio.ch.DefaultSelectorProvider$$Lambda$405/0x0000000800e4d098 (java.base@15.0.1)
2114:             1             16  sun.nio.ch.EPollSelectorProvider (java.base@15.0.1)
2115:             1             16  sun.nio.ch.ExtendedSocketOption$1 (java.base@15.0.1)
2116:             1             16  sun.nio.ch.Net$1 (java.base@15.0.1)
2117:             1             16  sun.nio.ch.SocketAdaptor$$Lambda$415/0x0000000800e86798 (java.base@15.0.1)
2118:             1             16  sun.nio.ch.Util$1 (java.base@15.0.1)
2119:             1             16  sun.nio.fs.LinuxFileSystemProvider (java.base@15.0.1)
2120:             1             16  sun.nio.fs.NativeBuffers$1 (java.base@15.0.1)
2121:             1             16  sun.nio.fs.UnixFileAttributes$UnixAsBasicFileAttributes (java.base@15.0.1)
2122:             1             16  sun.reflect.generics.tree.BottomSignature (java.base@15.0.1)
2123:             1             16  sun.util.calendar.Gregorian (java.base@15.0.1)
2124:             1             16  sun.util.cldr.CLDRBaseLocaleDataMetaInfo (java.base@15.0.1)
2125:             1             16  sun.util.locale.InternalLocaleBuilder$CaseInsensitiveChar (java.base@15.0.1)
2126:             1             16  sun.util.locale.provider.CalendarDataUtility$CalendarWeekParameterGetter (java.base@15.0.1)
2127:             1             16  sun.util.locale.provider.NumberFormatProviderImpl$$Lambda$21/0x0000000800b77da8 (java.base@15.0.1)
2128:             1             16  sun.util.locale.provider.NumberFormatProviderImpl$$Lambda$22/0x0000000800b77fe8 (java.base@15.0.1)
2129:             1             16  sun.util.logging.PlatformLogger (java.base@15.0.1)
2130:             1             16  sun.util.logging.internal.LoggingProviderImpl (java.logging@15.0.1)
2131:             1             16  sun.util.logging.internal.LoggingProviderImpl$JULWrapper (java.logging@15.0.1)
2132:             1             16  sun.util.resources.LocaleData (java.base@15.0.1)
2133:             1             16  sun.util.resources.LocaleData$LocaleDataStrategy (java.base@15.0.1)
2134:             1             16  sun.util.resources.cldr.provider.CLDRLocaleDataMetaInfo (jdk.localedata@15.0.1)
Total        183896       14951560
