No dump file specified
 num     #instances         #bytes  class name (module)
-------------------------------------------------------
   1:        132124       25021408  [B (java.base@15.0.1)
   2:          6960        6063336  [I (java.base@15.0.1)
   3:         89916        2157984  java.lang.String (java.base@15.0.1)
   4:          8854        1379064  [Ljava.lang.Object; (java.base@15.0.1)
   5:         24887        1194576  java.util.HashMap (java.base@15.0.1)
   6:          4185         502016  java.lang.Class (java.base@15.0.1)
   7:         12229         391328  java.util.concurrent.ConcurrentHashMap$Node (java.base@15.0.1)
   8:         24310         388960  java.util.HashSet (java.base@15.0.1)
   9:          1596         379680  [C (java.base@15.0.1)
  10:          6750         378000  jdk.internal.org.objectweb.asm.SymbolTable$Entry (java.base@15.0.1)
  11:          1469         341384  [J (java.base@15.0.1)
  12:         13925         334200  java.lang.StringBuilder (java.base@15.0.1)
  13:           380         246240  io.netty.util.internal.shaded.org.jctools.queues.MpscArrayQueue
  14:          6852         219264  java.util.HashMap$Node (java.base@15.0.1)
  15:          2336         205568  java.lang.reflect.Method (java.base@15.0.1)
  16:           244         191616  [Ljdk.internal.org.objectweb.asm.SymbolTable$Entry; (java.base@15.0.1)
  17:           262         159840  [Ljava.util.concurrent.ConcurrentHashMap$Node; (java.base@15.0.1)
  18:          2312         147968  io.netty.buffer.PoolSubpage
  19:          1082         134432  [Ljava.util.HashMap$Node; (java.base@15.0.1)
  20:          4875         132648  [Ljava.lang.Class; (java.base@15.0.1)
  21:          1251         120096  java.util.jar.JarFile$JarFileEntry (java.base@15.0.1)
  22:          1785         114240  java.net.URL (java.base@15.0.1)
  23:          1154          92200  [S (java.base@15.0.1)
  24:          1840          88320  java.lang.invoke.MemberName (java.base@15.0.1)
  25:          2125          85000  java.lang.invoke.MethodType (java.base@15.0.1)
  26:           377          84448  jdk.internal.org.objectweb.asm.MethodWriter (java.base@15.0.1)
  27:          1671          80208  jdk.internal.ref.CleanerImpl$PhantomCleanableRef (java.base@15.0.1)
  28:          4672          74752  java.lang.Object (java.base@15.0.1)
  29:            26          70120  [Ljava.nio.channels.SelectionKey; (java.base@15.0.1)
  30:          1186          66416  java.util.zip.ZipFile$ZipFileInflaterInputStream (java.base@15.0.1)
  31:          1186          66416  java.util.zip.ZipFile$ZipFileInputStream (java.base@15.0.1)
  32:          1562          62480  sun.util.locale.LocaleObjectCache$CacheEntry (java.base@15.0.1)
  33:          1442          60504  [Ljava.lang.String; (java.base@15.0.1)
  34:          1403          56120  java.util.LinkedHashMap$Entry (java.base@15.0.1)
  35:          1380          55200  java.util.WeakHashMap$Entry (java.base@15.0.1)
  36:          1350          54000  java.lang.ref.SoftReference (java.base@15.0.1)
  37:          1588          50816  sun.util.locale.BaseLocale (java.base@15.0.1)
  38:          1569          50208  sun.util.locale.BaseLocale$Key (java.base@15.0.1)
  39:          1206          48240  java.security.CodeSource (java.base@15.0.1)
  40:           269          45136  [Lorg.jboss.logmanager.FastCopyHashMap$Entry;
  41:           626          45072  java.util.regex.Matcher (java.base@15.0.1)
  42:          1729          41496  java.lang.ProcessEnvironment$Variable (java.base@15.0.1)
  43:           676          37856  jdk.internal.org.objectweb.asm.Label (java.base@15.0.1)
  44:          1168          37376  jdk.internal.loader.URLClassPath$JarLoader$2 (java.base@15.0.1)
  45:           575          36800  java.nio.DirectByteBufferR (java.base@15.0.1)
  46:           804          32160  sun.util.locale.LanguageTag (java.base@15.0.1)
  47:           802          32080  sun.util.locale.InternalLocaleBuilder (java.base@15.0.1)
  48:           801          32040  sun.util.locale.StringTokenIterator (java.base@15.0.1)
  49:           443          31896  java.lang.reflect.Field (java.base@15.0.1)
  50:           427          30744  java.lang.reflect.Constructor (java.base@15.0.1)
  51:           957          30624  java.lang.invoke.MethodType$ConcurrentWeakInternSet$WeakEntry (java.base@15.0.1)
  52:          1259          30216  java.util.zip.ZipFile$InflaterCleanupAction (java.base@15.0.1)
  53:          1252          30048  java.util.ArrayList (java.base@15.0.1)
  54:          1195          28680  java.util.LinkedList$Node (java.base@15.0.1)
  55:          1161          27864  java.security.SecureClassLoader$1 (java.base@15.0.1)
  56:           175          26600  jdk.internal.org.objectweb.asm.ClassWriter (java.base@15.0.1)
  57:          1093          26232  io.quarkus.runtime.configuration.NameIterator
  58:           800          25600  java.util.Locale (java.base@15.0.1)
  59:           412          23072  java.util.LinkedHashMap (java.base@15.0.1)
  60:           359          22976  java.lang.Class$ReflectionData (java.base@15.0.1)
  61:           708          22656  java.util.LinkedList (java.base@15.0.1)
  62:           932          22368  jdk.internal.org.objectweb.asm.ByteVector (java.base@15.0.1)
  63:           331          21184  java.util.concurrent.ConcurrentHashMap (java.base@15.0.1)
  64:             6          20576  [Ljava.nio.ByteBuffer; (java.base@15.0.1)
  65:           296          20128  [Ljava.lang.ref.SoftReference; (java.base@15.0.1)
  66:           801          19224  sun.util.locale.ParseStatus (java.base@15.0.1)
  67:           599          19168  java.util.Collections$UnmodifiableMap (java.base@15.0.1)
  68:          1197          19152  java.security.SecureClassLoader$CodeSourceKey (java.base@15.0.1)
  69:            34          19040  io.netty.util.internal.shaded.org.jctools.queues.MpscUnboundedArrayQueue
  70:           472          18880  java.security.PrivilegedActionException (java.base@15.0.1)
  71:           581          18592  java.util.ArrayList$Itr (java.base@15.0.1)
  72:           384          18432  io.netty.buffer.PoolChunkList
  73:            70          18312  [Z (java.base@15.0.1)
  74:           737          17688  java.lang.invoke.ResolvedMethodName (java.base@15.0.1)
  75:           272          17408  jdk.internal.org.objectweb.asm.FieldWriter (java.base@15.0.1)
  76:           543          17376  java.lang.invoke.LambdaForm$Name (java.base@15.0.1)
  77:           350          16800  jdk.internal.org.objectweb.asm.Frame (java.base@15.0.1)
  78:           491          15712  jdk.internal.org.objectweb.asm.Type (java.base@15.0.1)
  79:           315          15416  [Ljava.lang.invoke.LambdaForm$Name; (java.base@15.0.1)
  80:           126          15120  org.jboss.logmanager.ExtLogRecord
  81:           269          15064  org.jboss.logmanager.FastCopyHashMap
  82:           302          14496  jdk.internal.loader.URLClassPath$JarLoader (java.base@15.0.1)
  83:            20          14080  [Lio.netty.util.Recycler$DefaultHandle;
  84:           423          13536  io.smallrye.config.ConfigValue
  85:           423          13536  io.smallrye.config.ConfigValue$ConfigValueBuilder
  86:           420          13440  java.lang.invoke.MethodHandles$Lookup (java.base@15.0.1)
  87:           207          13248  org.jboss.logmanager.Logger
  88:           540          12960  java.util.jar.Attributes$Name (java.base@15.0.1)
  89:           255          12800  [Ljava.lang.reflect.Method; (java.base@15.0.1)
  90:           118          12272  java.lang.invoke.InnerClassLambdaMetafactory (java.base@15.0.1)
  91:           499          11976  java.lang.PublicMethods$MethodList (java.base@15.0.1)
  92:           360          11520  io.netty.buffer.PoolThreadCache$SubPageMemoryRegionCache
  93:           179          11456  jdk.internal.org.objectweb.asm.SymbolTable (java.base@15.0.1)
  94:           133          11384  [Lio.netty.buffer.PoolSubpage;
  95:           355          11360  java.io.File (java.base@15.0.1)
  96:           133          10640  org.jboss.logmanager.LoggerNode
  97:           324          10368  io.netty.util.internal.LongAdderCounter
  98:           427          10248  io.netty.channel.ChannelHandlerMask$2
  99:           626          10016  [Ljava.util.regex.IntHashSet; (java.base@15.0.1)
 100:           405           9720  io.smallrye.config.NameIterator
 101:           400           9600  java.util.ImmutableCollections$Set12 (java.base@15.0.1)
 102:            74           9472  sun.nio.fs.UnixFileAttributes (java.base@15.0.1)
 103:           236           9440  java.io.FileNotFoundException (java.base@15.0.1)
 104:            17           9112  io.vertx.core.impl.VertxThread
 105:           111           8960  [Ljava.util.WeakHashMap$Entry; (java.base@15.0.1)
 106:           552           8832  io.smallrye.config.SysPropConfigSource$$Lambda$43/0x0000000800bc0040
 107:           138           8832  java.util.zip.Inflater (java.base@15.0.1)
 108:           356           8544  java.lang.module.ModuleDescriptor$Exports (java.base@15.0.1)
 109:           209           8360  java.util.logging.Logger$ConfigurationData (java.logging@15.0.1)
 110:           174           8352  java.lang.invoke.LambdaForm (java.base@15.0.1)
 111:           171           8208  jdk.internal.org.objectweb.asm.AnnotationWriter (java.base@15.0.1)
 112:           247           7904  sun.security.util.KnownOIDs (java.base@15.0.1)
 113:           188           7520  java.util.HashMap$KeyIterator (java.base@15.0.1)
 114:           310           7440  java.util.concurrent.CopyOnWriteArrayList (java.base@15.0.1)
 115:           464           7424  java.lang.Integer (java.base@15.0.1)
 116:           180           7200  java.lang.invoke.DirectMethodHandle$Constructor (java.base@15.0.1)
 117:           432           6912  java.lang.Byte (java.base@15.0.1)
 118:           214           6848  io.netty.util.AsciiString
 119:           284           6816  sun.reflect.generics.tree.SimpleClassTypeSignature (java.base@15.0.1)
 120:           207           6624  java.lang.invoke.LambdaForm$NamedFunction (java.base@15.0.1)
 121:           272           6560  [Ljava.lang.reflect.Constructor; (java.base@15.0.1)
 122:           158           6320  java.lang.Package$VersionInfo (java.base@15.0.1)
 123:           195           6240  java.lang.invoke.MethodHandleNatives$CallSiteContext (java.base@15.0.1)
 124:           258           6192  java.lang.Long (java.base@15.0.1)
 125:           186           5952  java.lang.invoke.MethodTypeForm (java.base@15.0.1)
 126:           179           5728  java.lang.invoke.DirectMethodHandle (java.base@15.0.1)
 127:           236           5664  jdk.internal.loader.FileURLMapper (java.base@15.0.1)
 128:           236           5664  jdk.internal.loader.URLClassPath$JarLoader$3 (java.base@15.0.1)
 129:           118           5664  jdk.internal.org.objectweb.asm.ClassReader (java.base@15.0.1)
 130:           176           5632  java.lang.Package (java.base@15.0.1)
 131:           175           5600  java.lang.invoke.MethodHandles$Lookup$ClassDefiner (java.base@15.0.1)
 132:           110           5280  java.util.WeakHashMap$EntryIterator (java.base@15.0.1)
 133:            66           5280  java.util.zip.ZipFile$Source (java.base@15.0.1)
 134:           219           5256  java.util.Collections$UnmodifiableCollection$1 (java.base@15.0.1)
 135:            65           5200  java.net.URI (java.base@15.0.1)
 136:           292           5136  [Lsun.reflect.generics.tree.TypeArgument; (java.base@15.0.1)
 137:           157           5024  io.smallrye.common.expression.LiteralNode
 138:           154           4928  java.io.CharArrayWriter (java.base@15.0.1)
 139:           153           4896  java.util.RegularEnumSet (java.base@15.0.1)
 140:           121           4840  java.math.BigInteger (java.base@15.0.1)
 141:            99           4752  java.util.WeakHashMap (java.base@15.0.1)
 142:           147           4704  io.smallrye.config.ExpressionConfigSourceInterceptor$$Lambda$53/0x0000000800bc9748
 143:            32           4608  io.netty.buffer.PoolArena$DirectArena
 144:            32           4608  io.netty.buffer.PoolArena$HeapArena
 145:           282           4512  sun.reflect.generics.tree.ClassTypeSignature (java.base@15.0.1)
 146:            51           4488  java.util.regex.Pattern (java.base@15.0.1)
 147:            12           4416  java.lang.Thread (java.base@15.0.1)
 148:           108           4320  java.util.HashMap$EntryIterator (java.base@15.0.1)
 149:           179           4296  jdk.internal.reflect.NativeConstructorAccessorImpl (java.base@15.0.1)
 150:           175           4200  java.lang.invoke.MethodHandles$Lookup$ClassFile (java.base@15.0.1)
 151:            75           4200  java.nio.HeapByteBuffer (java.base@15.0.1)
 152:           175           4176  [Ljava.lang.reflect.Type; (java.base@15.0.1)
 153:            74           4144  java.util.concurrent.ConcurrentHashMap$ValueIterator (java.base@15.0.1)
 154:           256           4096  java.lang.Short (java.base@15.0.1)
 155:           128           4096  java.lang.module.ModuleDescriptor$Requires (java.base@15.0.1)
 156:            73           4088  java.io.FileCleanable (java.base@15.0.1)
 157:            72           4032  java.lang.Module (java.base@15.0.1)
 158:           168           4032  java.util.ImmutableCollections$SetN (java.base@15.0.1)
 159:           164           3936  jdk.internal.module.ServicesCatalog$ServiceProvider (java.base@15.0.1)
 160:            55           3928  [Ljava.lang.invoke.MethodHandle; (java.base@15.0.1)
 161:           161           3864  java.util.ImmutableCollections$List12 (java.base@15.0.1)
 162:            60           3840  java.lang.module.ModuleDescriptor (java.base@15.0.1)
 163:           120           3840  java.lang.ref.ReferenceQueue (java.base@15.0.1)
 164:           140           3832  [Ljdk.internal.org.objectweb.asm.Type; (java.base@15.0.1)
 165:            66           3696  java.util.jar.JarFile (java.base@15.0.1)
 166:           149           3640  [Lio.smallrye.common.expression.Expression$Flag;
 167:           148           3552  io.smallrye.common.expression.Expression
 168:           148           3552  sun.reflect.generics.factory.CoreReflectionFactory (java.base@15.0.1)
 169:           148           3552  sun.reflect.generics.scope.ClassScope (java.base@15.0.1)
 170:           147           3528  io.smallrye.common.expression.Expression$Itr
 171:           147           3528  io.smallrye.common.expression.ResolveContext
 172:            87           3480  java.lang.ref.Finalizer (java.base@15.0.1)
 173:           217           3472  java.util.Collections$UnmodifiableSet (java.base@15.0.1)
 174:           142           3408  sun.reflect.annotation.AnnotationInvocationHandler (java.base@15.0.1)
 175:           210           3360  jdk.internal.loader.URLClassPath$JarLoader$1 (java.base@15.0.1)
 176:            60           3360  jdk.internal.module.ModuleReferenceImpl (java.base@15.0.1)
 177:           138           3312  java.util.zip.Inflater$InflaterZStreamRef (java.base@15.0.1)
 178:            82           3280  java.io.FileDescriptor (java.base@15.0.1)
 179:            77           3216  [Ljava.security.ProtectionDomain; (java.base@15.0.1)
 180:             1           3208  [Ljava.util.Locale; (java.base@15.0.1)
 181:           100           3200  java.lang.invoke.BoundMethodHandle$Species_L (java.base@15.0.1)
 182:            57           3192  java.lang.invoke.InvokerBytecodeGenerator (java.base@15.0.1)
 183:           133           3192  org.jboss.logmanager.CopyOnWriteMap
 184:           133           3192  org.wildfly.common.lock.SpinLock
 185:           132           3168  org.jboss.logmanager.FastCopyHashMap$Entry
 186:            98           3136  java.lang.ref.WeakReference (java.base@15.0.1)
 187:           129           3096  java.time.Instant (java.base@15.0.1)
 188:           127           3048  java.util.ArrayDeque (java.base@15.0.1)
 189:           123           2952  java.util.regex.Pattern$BmpCharProperty (java.base@15.0.1)
 190:           182           2912  jdk.internal.reflect.DelegatingConstructorAccessorImpl (java.base@15.0.1)
 191:            18           2880  io.vertx.core.http.HttpServerOptions
 192:            90           2880  java.util.LinkedHashMap$LinkedKeyIterator (java.base@15.0.1)
 193:           119           2856  [Ljava.lang.invoke.MethodHandles$Lookup$ClassOption; (java.base@15.0.1)
 194:           119           2856  java.lang.invoke.ConstantCallSite (java.base@15.0.1)
 195:           118           2832  java.lang.invoke.InfoFromMemberName (java.base@15.0.1)
 196:           118           2832  java.lang.invoke.InnerClassLambdaMetafactory$ForwardingMethodGenerator (java.base@15.0.1)
 197:           118           2832  java.util.ImmutableCollections$Set12$1 (java.base@15.0.1)
 198:            59           2832  java.util.TreeMap (java.base@15.0.1)
 199:            86           2752  sun.nio.fs.UnixPath (java.base@15.0.1)
 200:            71           2696  [Ljava.lang.reflect.Field; (java.base@15.0.1)
 201:           108           2592  java.util.Collections$1 (java.base@15.0.1)
 202:            17           2584  io.netty.channel.nio.NioEventLoop
 203:           157           2512  jdk.internal.logger.DefaultLoggerFinder$1 (java.base@15.0.1)
 204:           104           2496  java.security.Provider$ServiceKey (java.base@15.0.1)
 205:            62           2480  jdk.internal.org.objectweb.asm.Handler (java.base@15.0.1)
 206:           103           2472  [[C (java.base@15.0.1)
 207:            44           2464  java.nio.HeapCharBuffer (java.base@15.0.1)
 208:            18           2448  io.netty.util.internal.InternalThreadLocalMap
 209:           102           2448  java.util.Collections$SetFromMap (java.base@15.0.1)
 210:            60           2400  java.io.ObjectStreamField (java.base@15.0.1)
 211:           100           2400  java.util.concurrent.ConcurrentHashMap$MapEntry (java.base@15.0.1)
 212:            75           2400  java.util.zip.ZipFile$CleanableResource (java.base@15.0.1)
 213:            59           2360  java.security.ProtectionDomain (java.base@15.0.1)
 214:           147           2352  io.smallrye.common.expression.Expression$$Lambda$54/0x0000000800bc9980
 215:            97           2328  sun.reflect.generics.visitor.Reifier (java.base@15.0.1)
 216:            28           2304  [Ljava.lang.ThreadLocal$ThreadLocalMap$Entry; (java.base@15.0.1)
 217:            96           2304  sun.reflect.generics.parser.SignatureParser (java.base@15.0.1)
 218:            41           2296  java.security.Provider$Service (java.base@15.0.1)
 219:           142           2272  java.util.concurrent.atomic.AtomicInteger (java.base@15.0.1)
 220:            39           2184  [Ljava.util.regex.Pattern$GroupHead; (java.base@15.0.1)
 221:            38           2128  io.netty.channel.DefaultChannelHandlerContext
 222:            38           2128  java.util.stream.ReferencePipeline$Head (java.base@15.0.1)
 223:            53           2120  java.lang.invoke.MethodHandleImpl$IntrinsicMethodHandle (java.base@15.0.1)
 224:            66           2112  java.io.RandomAccessFile (java.base@15.0.1)
 225:            66           2112  java.lang.invoke.LambdaForm$Kind (java.base@15.0.1)
 226:            88           2112  java.util.regex.Pattern$GroupHead (java.base@15.0.1)
 227:            88           2112  java.util.regex.Pattern$GroupTail (java.base@15.0.1)
 228:            88           2112  jdk.internal.loader.AbstractClassLoaderValue$Sub (java.base@15.0.1)
 229:            88           2112  jdk.internal.org.objectweb.asm.Edge (java.base@15.0.1)
 230:             2           2096  [Lsun.security.util.KnownOIDs; (java.base@15.0.1)
 231:            64           2048  io.netty.handler.codec.CodecOutputList
 232:           128           2048  java.lang.Character (java.base@15.0.1)
 233:            64           2048  sun.reflect.generics.repository.ClassRepository (java.base@15.0.1)
 234:            85           2040  java.util.Collections$UnmodifiableRandomAccessList (java.base@15.0.1)
 235:            30           2000  [Lio.netty.buffer.PoolThreadCache$MemoryRegionCache;
 236:           125           2000  jdk.internal.reflect.ConstantPool (java.base@15.0.1)
 237:            49           1960  org.jboss.logmanager.FastCopyHashMap$ValueIterator
 238:           122           1952  java.lang.ref.ReferenceQueue$Lock (java.base@15.0.1)
 239:           121           1936  java.util.LinkedHashSet (java.base@15.0.1)
 240:            60           1920  java.lang.ThreadLocal$ThreadLocalMap$Entry (java.base@15.0.1)
 241:            79           1896  java.lang.Class$AnnotationData (java.base@15.0.1)
 242:            59           1888  jdk.internal.loader.BuiltinClassLoader$LoadedModule (java.base@15.0.1)
 243:            47           1880  java.util.TreeMap$Entry (java.base@15.0.1)
 244:            26           1872  io.vertx.ext.web.impl.RouteState
 245:            56           1792  io.netty.handler.codec.http.HttpResponseStatus
 246:            74           1776  java.util.zip.ZipFile$Source$Key (java.base@15.0.1)
 247:            55           1760  java.nio.file.attribute.FileTime (java.base@15.0.1)
 248:            55           1760  java.util.concurrent.ConcurrentHashMap$ForwardingNode (java.base@15.0.1)
 249:            27           1728  java.nio.DirectByteBuffer (java.base@15.0.1)
 250:            43           1720  java.lang.invoke.DirectMethodHandle$Special (java.base@15.0.1)
 251:            41           1640  java.security.AccessControlContext (java.base@15.0.1)
 252:            51           1632  io.smallrye.config.SmallRyeConfig$ConfigSourceInterceptorWithPriority
 253:            51           1632  java.lang.invoke.SimpleMethodHandle (java.base@15.0.1)
 254:            67           1608  java.lang.RuntimePermission (java.base@15.0.1)
 255:            66           1584  java.lang.ProcessEnvironment$Value (java.base@15.0.1)
 256:             1           1568  [[B (java.base@15.0.1)
 257:            98           1568  io.smallrye.config.SmallRyeConfig$$Lambda$75/0x0000000800bf94d0
 258:            48           1536  jdk.internal.loader.BuiltinClassLoader$1 (java.base@15.0.1)
 259:            48           1536  org.jboss.resteasy.core.providerfactory.SortedKey
 260:            64           1536  sun.reflect.generics.tree.ClassSignature (java.base@15.0.1)
 261:            38           1520  java.util.IdentityHashMap (java.base@15.0.1)
 262:            17           1496  sun.nio.ch.EPollSelectorImpl (java.base@15.0.1)
 263:            60           1440  java.lang.module.ResolvedModule (java.base@15.0.1)
 264:            60           1440  java.util.ImmutableCollections$SetN$SetNIterator (java.base@15.0.1)
 265:            60           1440  jdk.internal.module.SystemModuleFinders$2 (java.base@15.0.1)
 266:            60           1440  jdk.internal.module.SystemModuleFinders$SystemModuleReader (java.base@15.0.1)
 267:            59           1416  java.lang.invoke.InvokerBytecodeGenerator$ClassData (java.base@15.0.1)
 268:            59           1416  java.lang.invoke.LambdaFormEditor$TransformKey (java.base@15.0.1)
 269:            16           1408  io.vertx.core.http.impl.HttpServerImpl
 270:            44           1408  java.util.ImmutableCollections$ListItr (java.base@15.0.1)
 271:            64           1400  [Lsun.reflect.generics.tree.ClassTypeSignature; (java.base@15.0.1)
 272:             3           1400  [[Ljava.lang.Object; (java.base@15.0.1)
 273:            35           1400  java.math.BigDecimal (java.base@15.0.1)
 274:            87           1392  java.util.Collections$SingletonSet (java.base@15.0.1)
 275:            58           1392  sun.reflect.generics.reflectiveObjects.ParameterizedTypeImpl (java.base@15.0.1)
 276:            42           1344  io.quarkus.arc.impl.RemovedBeanImpl
 277:            21           1344  io.vertx.core.impl.EventLoopContext
 278:            59           1312  [Ljava.lang.annotation.Annotation; (java.base@15.0.1)
 279:             9           1296  [Ljava.lang.invoke.MemberName; (java.base@15.0.1)
 280:            54           1296  io.smallrye.config.SmallRyeConfigSourceInterceptorContext
 281:            54           1296  java.lang.module.ModuleDescriptor$Provides (java.base@15.0.1)
 282:            54           1296  sun.reflect.annotation.AnnotationParser$1 (java.base@15.0.1)
 283:            39           1280  [Ljava.math.BigInteger; (java.base@15.0.1)
 284:            16           1280  io.vertx.core.net.impl.SSLHelper
 285:            40           1280  javax.ws.rs.core.Response$Status
 286:            79           1264  java.util.HashMap$KeySet (java.base@15.0.1)
 287:            12           1248  sun.net.www.protocol.file.FileURLConnection (java.base@15.0.1)
 288:            76           1216  java.util.WeakHashMap$KeySet (java.base@15.0.1)
 289:            30           1200  java.lang.invoke.DirectMethodHandle$Accessor (java.base@15.0.1)
 290:            37           1184  java.util.TreeMap$EntryIterator (java.base@15.0.1)
 291:            74           1184  sun.nio.fs.UnixFileAttributes$UnixAsBasicFileAttributes (java.base@15.0.1)
 292:            49           1176  java.security.Permissions (java.base@15.0.1)
 293:            73           1168  java.util.HashMap$EntrySet (java.base@15.0.1)
 294:            64           1152  [Lsun.reflect.generics.tree.FormalTypeParameter; (java.base@15.0.1)
 295:            48           1152  java.lang.invoke.InnerClassLambdaMetafactory$1 (java.base@15.0.1)
 296:            48           1152  java.security.BasicPermissionCollection (java.base@15.0.1)
 297:            48           1152  java.security.Provider$UString (java.base@15.0.1)
 298:            48           1152  sun.security.util.LazyCodeSourcePermissionCollection (java.base@15.0.1)
 299:            47           1128  java.util.regex.Pattern$$Lambda$13/0x0000000800b56980 (java.base@15.0.1)
 300:            28           1120  io.vertx.core.http.impl.headers.VertxHttpHeaders$MapEntry
 301:            46           1104  java.util.jar.Manifest (java.base@15.0.1)
 302:            67           1072  java.util.regex.Pattern$BitClass (java.base@15.0.1)
 303:            66           1056  [Ljava.lang.reflect.Parameter; (java.base@15.0.1)
 304:            44           1056  java.util.Arrays$ArrayList (java.base@15.0.1)
 305:             1           1040  [Ljava.lang.Byte; (java.base@15.0.1)
 306:             1           1040  [Ljava.lang.Integer; (java.base@15.0.1)
 307:             1           1040  [Ljava.lang.Long; (java.base@15.0.1)
 308:             1           1040  [Ljava.lang.Short; (java.base@15.0.1)
 309:            16           1024  io.quarkus.vertx.http.runtime.VertxHttpRecorder$WebDeploymentVerticle
 310:            32           1024  io.vertx.core.http.impl.HttpServerImpl$HttpStreamHandler
 311:            47           1008  [Ljava.lang.reflect.TypeVariable; (java.base@15.0.1)
 312:            18           1008  io.vertx.core.http.Http2Settings
 313:            42           1008  io.vertx.core.impl.TaskQueue
 314:            18           1008  java.util.ServiceLoader (java.base@15.0.1)
 315:            42           1008  java.util.regex.Pattern$BmpCharPropertyGreedy (java.base@15.0.1)
 316:            42           1008  org.jboss.resteasy.core.MediaTypeMap$Entry
 317:            42           1008  sun.nio.ch.SocketOptionRegistry$RegistryKey (java.base@15.0.1)
 318:            31            992  java.lang.invoke.VarHandle$AccessMode (java.base@15.0.1)
 319:            31            992  java.util.regex.Pattern$Branch (java.base@15.0.1)
 320:            30            960  java.security.Provider$EngineDescription (java.base@15.0.1)
 321:            30            960  java.util.concurrent.ConcurrentHashMap$ReservationNode (java.base@15.0.1)
 322:            59            944  [Ljava.security.Principal; (java.base@15.0.1)
 323:            59            944  java.lang.invoke.LambdaFormEditor (java.base@15.0.1)
 324:            59            944  java.security.ProtectionDomain$Key (java.base@15.0.1)
 325:            39            936  io.quarkus.arc.impl.LazyValue
 326:            39            936  java.util.regex.Pattern$Start (java.base@15.0.1)
 327:            39            936  jdk.internal.util.jar.JarIndex (java.base@15.0.1)
 328:            58            928  jdk.internal.module.SystemModuleFinders$3 (java.base@15.0.1)
 329:            38            904  [Lsun.reflect.generics.tree.FieldTypeSignature; (java.base@15.0.1)
 330:            28            896  io.netty.channel.ChannelOption
 331:            16            896  io.vertx.core.impl.DeploymentManager$$Lambda$133/0x0000000800c97648
 332:            16            896  io.vertx.core.impl.DeploymentManager$$Lambda$160/0x0000000800cc7028
 333:            34            864  [Ljava.util.regex.Pattern$Node; (java.base@15.0.1)
 334:            36            864  io.netty.util.internal.logging.LocationAwareSlf4JLogger
 335:            27            864  java.net.InetAddress$InetAddressHolder (java.base@15.0.1)
 336:            36            864  java.util.regex.Pattern$CharProperty (java.base@15.0.1)
 337:            36            864  org.slf4j.impl.Slf4jLogger
 338:            36            864  org.slf4j.impl.Slf4jLoggerFactory$1
 339:             9            864  sun.net.www.protocol.jar.URLJarFile$URLJarFileEntry (java.base@15.0.1)
 340:             2            856  [[Ljava.lang.String; (java.base@15.0.1)
 341:             6            840  [D (java.base@15.0.1)
 342:            35            840  java.util.concurrent.atomic.AtomicLong (java.base@15.0.1)
 343:            35            840  java.util.regex.Pattern$BmpCharPredicate$$Lambda$14/0x0000000800b56c08 (java.base@15.0.1)
 344:             8            832  io.netty.handler.timeout.IdleStateHandler
 345:            13            832  io.netty.util.Recycler$Stack
 346:            34            816  io.vertx.core.impl.EventLoopContext$$Lambda$134/0x0000000800c97870
 347:            17            816  java.lang.invoke.LambdaFormEditor$Transform (java.base@15.0.1)
 348:            33            792  io.quarkus.arc.impl.ArcContainerImpl$Resolvable
 349:            33            792  io.quarkus.arc.impl.ComputingCache$1
 350:            33            792  java.time.Duration (java.base@15.0.1)
 351:            33            792  java.util.regex.Pattern$CharPropertyGreedy (java.base@15.0.1)
 352:            33            792  java.util.regex.Pattern$TreeInfo (java.base@15.0.1)
 353:             9            792  sun.net.www.protocol.jar.JarURLConnection (java.base@15.0.1)
 354:            49            784  java.util.Collections$UnmodifiableCollection (java.base@15.0.1)
 355:            49            784  java.util.regex.Pattern$$Lambda$9/0x0000000800b52b68 (java.base@15.0.1)
 356:            32            768  [Ljava.util.Enumeration; (java.base@15.0.1)
 357:            32            768  io.vertx.core.net.impl.VertxEventLoopGroup$EventLoopHolder
 358:            32            768  java.lang.CompoundEnumeration (java.base@15.0.1)
 359:            12            768  java.util.stream.IntPipeline$9 (java.base@15.0.1)
 360:            32            768  jdk.internal.reflect.NativeMethodAccessorImpl (java.base@15.0.1)
 361:            24            768  org.jboss.logmanager.handlers.SyslogHandler$Facility
 362:            19            760  java.util.StringJoiner (java.base@15.0.1)
 363:            47            752  java.util.jar.Attributes (java.base@15.0.1)
 364:            18            720  java.lang.invoke.VarHandleReferences$FieldInstanceReadWrite (java.base@15.0.1)
 365:            22            704  io.netty.util.Recycler$DefaultHandle
 366:            22            704  io.netty.util.concurrent.DefaultPromise
 367:             4            704  java.lang.reflect.ProxyGenerator (java.base@15.0.1)
 368:            22            704  java.util.ServiceLoader$ProviderImpl (java.base@15.0.1)
 369:            22            704  java.util.concurrent.locks.ReentrantLock$NonfairSync (java.base@15.0.1)
 370:            29            696  java.util.regex.Pattern$Ques (java.base@15.0.1)
 371:            17            680  java.lang.NoSuchMethodError (java.base@15.0.1)
 372:            42            672  io.vertx.core.impl.TaskQueue$$Lambda$132/0x0000000800c963f8
 373:            28            672  java.lang.ThreadLocal$ThreadLocalMap (java.base@15.0.1)
 374:            12            672  java.util.stream.IntPipeline$Head (java.base@15.0.1)
 375:            27            648  java.lang.invoke.Invokers (java.base@15.0.1)
 376:            27            648  javax.ws.rs.core.MediaType
 377:            27            648  org.jboss.logging.JBossLogManagerLogger
 378:             9            648  sun.net.www.protocol.jar.URLJarFile (java.base@15.0.1)
 379:             8            640  [Lio.vertx.core.http.impl.headers.VertxHttpHeaders$MapEntry;
 380:            20            640  io.netty.buffer.PoolThreadCache$NormalMemoryRegionCache
 381:            16            640  java.util.ServiceLoader$LazyClassPathLookupIterator (java.base@15.0.1)
 382:            20            640  org.jboss.logmanager.formatters.ColorPatternFormatter$ColorStep
 383:             3            624  [Ljava.lang.invoke.LambdaForm; (java.base@15.0.1)
 384:            39            624  java.util.Optional (java.base@15.0.1)
 385:            26            624  java.util.concurrent.ConcurrentHashMap$KeySetView (java.base@15.0.1)
 386:            13            624  sun.nio.cs.StreamDecoder (java.base@15.0.1)
 387:             7            616  java.text.DecimalFormatSymbols (java.base@15.0.1)
 388:            19            608  java.util.Spliterators$ArraySpliterator (java.base@15.0.1)
 389:            25            600  org.jboss.logmanager.formatters.FormatStep$ItemType
 390:            19            592  [Ljava.io.ObjectStreamField; (java.base@15.0.1)
 391:            37            592  org.slf4j.impl.Slf4jLoggerFactory
 392:             4            576  [Ljava.lang.invoke.VarHandle$AccessMode; (java.base@15.0.1)
 393:             9            576  io.netty.util.concurrent.ScheduledFutureTask
 394:            18            576  java.lang.StringBuffer (java.base@15.0.1)
 395:             6            576  org.jboss.threads.EnhancedQueueExecutor$PoolThreadNode
 396:            18            576  sun.reflect.annotation.AnnotationType (java.base@15.0.1)
 397:             7            560  java.util.concurrent.TimeUnit (java.base@15.0.1)
 398:            10            560  sun.invoke.util.Wrapper (java.base@15.0.1)
 399:             8            552  [Lsun.invoke.util.Wrapper; (java.base@15.0.1)
 400:            17            544  io.netty.channel.nio.NioEventLoop$4
 401:            17            544  io.vertx.core.impl.FutureImpl
 402:            17            544  java.util.concurrent.CountDownLatch$Sync (java.base@15.0.1)
 403:            34            544  jdk.internal.reflect.DelegatingMethodAccessorImpl (java.base@15.0.1)
 404:            17            544  org.eclipse.microprofile.config.inject.ConfigProperty_Shared_AnnotationLiteral
 405:             1            528  [Ljava.lang.Character; (java.base@15.0.1)
 406:             1            528  [Ljava.util.TimerTask; (java.base@15.0.1)
 407:             6            528  io.netty.buffer.PooledUnsafeDirectByteBuf
 408:            22            528  io.quarkus.arc.impl.ParameterizedTypeImpl
 409:            22            528  io.vertx.core.impl.CloseHooks
 410:            11            528  java.io.BufferedReader (java.base@15.0.1)
 411:            11            528  java.lang.invoke.LambdaFormBuffer (java.base@15.0.1)
 412:            22            528  java.util.ServiceLoader$1 (java.base@15.0.1)
 413:            16            512  io.quarkus.vertx.http.runtime.VertxHttpRecorder$WebDeploymentVerticle$$Lambda$137/0x0000000800c9cb90
 414:            16            512  io.vertx.core.http.impl.HttpHandlers
 415:            16            512  java.time.temporal.ChronoUnit (java.base@15.0.1)
 416:            16            512  java.util.LinkedHashMap$LinkedValueIterator (java.base@15.0.1)
 417:            16            512  java.util.ServiceLoader$ModuleServicesLookupIterator (java.base@15.0.1)
 418:            16            512  jdk.internal.loader.URLClassPath$1 (java.base@15.0.1)
 419:            32            512  org.wildfly.common.format.NumericFlags
 420:            16            512  sun.reflect.generics.reflectiveObjects.TypeVariableImpl (java.base@15.0.1)
 421:            21            504  java.util.concurrent.CompletableFuture (java.base@15.0.1)
 422:            21            504  jdk.internal.loader.BuiltinClassLoader$2 (java.base@15.0.1)
 423:            31            496  java.util.ImmutableCollections$ListN (java.base@15.0.1)
 424:            31            496  java.util.regex.Pattern$BranchConn (java.base@15.0.1)
 425:            31            496  java.util.regex.Pattern$CharPredicate$$Lambda$15/0x0000000800b56e98 (java.base@15.0.1)
 426:            12            488  [Ljava.lang.invoke.MethodType; (java.base@15.0.1)
 427:            20            480  io.quarkus.arc.impl.CreationalContextImpl
 428:             4            480  io.vertx.ext.web.impl.RoutingContextImpl
 429:            30            480  java.util.LinkedHashMap$LinkedKeySet (java.base@15.0.1)
 430:            15            480  java.util.logging.Level (java.logging@15.0.1)
 431:            15            480  java.util.logging.Level$KnownLevel (java.logging@15.0.1)
 432:            12            480  jdk.internal.ref.Cleaner (java.base@15.0.1)
 433:             6            480  jdk.internal.reflect.DelegatingClassLoader (java.base@15.0.1)
 434:            12            480  sun.nio.cs.UTF_8$Decoder (java.base@15.0.1)
 435:            15            480  sun.nio.fs.UnixFileKey (java.base@15.0.1)
 436:             9            464  [Ljava.lang.Thread; (java.base@15.0.1)
 437:            29            464  org.jboss.logmanager.FastCopyHashMap$Values
 438:            19            456  io.smallrye.config.SmallRyeConfigBuilder$ConverterWithPriority
 439:            19            456  java.net.Inet4Address (java.base@15.0.1)
 440:            19            456  java.util.ServiceLoader$3 (java.base@15.0.1)
 441:            19            456  java.util.regex.Pattern$Slice (java.base@15.0.1)
 442:             8            448  io.netty.util.Recycler$WeakOrderQueue
 443:             4            448  io.vertx.core.http.impl.Http1xServerConnection
 444:             4            448  io.vertx.core.http.impl.HttpServerRequestImpl
 445:             4            448  sun.nio.ch.SocketChannelImpl (java.base@15.0.1)
 446:             8            448  sun.util.calendar.ZoneInfo (java.base@15.0.1)
 447:             5            440  io.netty.buffer.PoolChunk
 448:            11            440  java.lang.OutOfMemoryError (java.base@15.0.1)
 449:            13            432  [Ljava.lang.annotation.ElementType; (java.base@15.0.1)
 450:             1            432  [[[C (java.base@15.0.1)
 451:            27            432  io.smallrye.config.ConfigValueConfigSourceWrapper
 452:            27            432  io.smallrye.config.SmallRyeConfigSourceInterceptor
 453:            18            432  java.lang.PublicMethods$Key (java.base@15.0.1)
 454:             9            432  java.lang.invoke.BoundMethodHandle$SpeciesData (java.base@15.0.1)
 455:            18            432  java.text.DateFormat$Field (java.base@15.0.1)
 456:            27            432  java.util.TreeMap$EntrySet (java.base@15.0.1)
 457:            10            416  [Ljava.lang.invoke.LambdaForm$NamedFunction; (java.base@15.0.1)
 458:             8            416  [Lorg.jboss.logmanager.formatters.FormatStep;
 459:             4            416  io.netty.channel.socket.nio.NioSocketChannel
 460:             4            416  io.vertx.core.http.impl.HttpServerResponseImpl
 461:            13            416  java.lang.invoke.VarHandle$AccessDescriptor (java.base@15.0.1)
 462:            13            416  java.util.stream.Collectors$CollectorImpl (java.base@15.0.1)
 463:            13            416  java.util.stream.ReduceOps$3 (java.base@15.0.1)
 464:            13            416  java.util.stream.ReduceOps$3ReducingSink (java.base@15.0.1)
 465:             4            416  org.jboss.resteasy.specimpl.ResteasyUriInfo
 466:            13            416  sun.util.resources.Bundles$CacheKey (java.base@15.0.1)
 467:            17            408  io.netty.channel.nio.NioEventLoop$SelectorTuple
 468:            17            408  io.netty.channel.nio.SelectedSelectionKeySet
 469:            17            408  io.netty.channel.nio.SelectedSelectionKeySetSelector
 470:            17            408  io.netty.util.internal.ThreadExecutorMap$1
 471:            17            408  io.netty.util.internal.ThreadExecutorMap$2
 472:            17            408  io.smallrye.config.Converters$BuiltInConverter
 473:            17            408  java.util.OptionalInt (java.base@15.0.1)
 474:            17            408  sun.nio.ch.OptionKey (java.base@15.0.1)
 475:            17            408  sun.reflect.generics.tree.FormalTypeParameter (java.base@15.0.1)
 476:            25            400  io.netty.channel.$Proxy17
 477:             7            392  io.smallrye.config.KeyMap
 478:             7            392  java.util.Properties (java.base@15.0.1)
 479:            24            384  com.sun.proxy.$Proxy5
 480:            12            384  io.netty.buffer.PoolThreadCache$MemoryRegionCache$Entry
 481:            16            384  io.vertx.core.http.impl.HttpServerImpl$$Lambda$159/0x0000000800cc68b0
 482:            16            384  io.vertx.core.http.impl.HttpServerImpl$$Lambda$164/0x0000000800cdd370
 483:            16            384  io.vertx.core.impl.DeploymentManager$VerticleHolder
 484:            16            384  io.vertx.core.net.impl.HandlerHolder
 485:            16            384  io.vertx.core.net.impl.HandlerManager
 486:            16            384  io.vertx.core.net.impl.HandlerManager$Handlers
 487:            16            384  io.vertx.core.net.impl.ServerID
 488:            16            384  io.vertx.core.net.impl.SocketAddressImpl
 489:            16            384  io.vertx.core.net.impl.VertxEventLoopGroup
 490:            12            384  io.vertx.ext.web.impl.RouterState
 491:            12            384  java.nio.DirectByteBuffer$Deallocator (java.base@15.0.1)
 492:            16            384  java.util.ServiceLoader$2 (java.base@15.0.1)
 493:            24            384  java.util.concurrent.atomic.AtomicBoolean (java.base@15.0.1)
 494:            12            384  java.util.jar.Manifest$FastInputStream (java.base@15.0.1)
 495:             1            384  org.jboss.threads.JBossThread
 496:            12            384  sun.security.jca.ProviderConfig (java.base@15.0.1)
 497:             1            376  java.lang.ref.Finalizer$FinalizerThread (java.base@15.0.1)
 498:             1            376  java.util.TimerThread (java.base@15.0.1)
 499:             1            376  java.util.logging.LogManager$Cleaner (java.logging@15.0.1)
 500:             1            376  jdk.internal.misc.InnocuousThread (java.base@15.0.1)
 501:             1            368  io.quarkus.runtime.ApplicationLifecycleManager$ShutdownHookThread
 502:             1            368  java.lang.ref.Reference$ReferenceHandler (java.base@15.0.1)
 503:             1            368  org.jboss.threads.EnhancedQueueExecutor
 504:             9            360  [Ljava.lang.invoke.BoundMethodHandle$SpeciesData; (java.base@15.0.1)
 505:             5            360  io.netty.channel.AdaptiveRecvByteBufAllocator$HandleImpl
 506:             9            360  io.netty.channel.DefaultChannelPromise
 507:             9            360  java.lang.reflect.ProxyGenerator$ProxyMethod (java.base@15.0.1)
 508:            15            360  java.util.Collections$UnmodifiableMap$UnmodifiableEntrySet$1 (java.base@15.0.1)
 509:             4            352  io.vertx.core.http.impl.VertxHttpRequestDecoder
 510:             6            336  [Lio.netty.util.internal.PriorityQueueNode;
 511:            14            336  io.netty.channel.VoidChannelPromise
 512:            14            336  java.net.InetSocketAddress$InetSocketAddressHolder (java.base@15.0.1)
 513:             6            336  java.nio.DirectLongBufferU (java.base@15.0.1)
 514:            21            336  java.util.IdentityHashMap$KeySet (java.base@15.0.1)
 515:             7            336  java.util.StringTokenizer (java.base@15.0.1)
 516:             7            336  sun.nio.cs.UTF_8$Encoder (java.base@15.0.1)
 517:             1            328  java.util.concurrent.ForkJoinPool (java.base@15.0.1)
 518:             4            320  [Lio.netty.buffer.PoolArena;
 519:             4            320  [Lio.netty.handler.codec.CodecOutputList;
 520:             6            320  [Ljava.util.Hashtable$Entry; (java.base@15.0.1)
 521:             5            320  io.netty.buffer.PoolThreadCache
 522:             5            320  io.netty.channel.ChannelOutboundBuffer
 523:             5            320  io.netty.channel.DefaultChannelPipeline$HeadContext
 524:             4            320  io.quarkus.resteasy.runtime.standalone.VertxHttpRequest$VertxExecutionContext$VertxHttpAsyncResponse
 525:             8            320  java.lang.invoke.DirectMethodHandle$Interface (java.base@15.0.1)
 526:             5            320  java.text.DateFormatSymbols (java.base@15.0.1)
 527:            10            320  java.util.ArrayList$ArrayListSpliterator (java.base@15.0.1)
 528:             8            320  java.util.HashMap$ValueIterator (java.base@15.0.1)
 529:            10            320  java.util.LinkedList$ListItr (java.base@15.0.1)
 530:            20            320  java.util.concurrent.locks.ReentrantLock (java.base@15.0.1)
 531:             5            320  java.util.stream.ReferencePipeline$2 (java.base@15.0.1)
 532:             5            320  java.util.stream.ReferencePipeline$3 (java.base@15.0.1)
 533:            10            320  jdk.internal.loader.NativeLibraries (java.base@15.0.1)
 534:             3            312  [Ljava.lang.ClassValue$Entry; (java.base@15.0.1)
 535:            13            312  io.smallrye.config.Converters$EmptyValueConverter
 536:            13            312  java.security.Permissions$1 (java.base@15.0.1)
 537:            13            312  java.util.Spliterators$1Adapter (java.base@15.0.1)
 538:             2            304  io.vertx.core.eventbus.EventBusOptions
 539:            19            304  io.vertx.core.impl.SucceededFuture
 540:            19            304  io.vertx.core.logging.JULLogDelegate
 541:            19            304  io.vertx.core.logging.Logger
 542:            12            288  [Ljava.net.InetAddress; (java.base@15.0.1)
 543:             4            288  io.quarkus.resteasy.runtime.standalone.VertxHttpRequest
 544:            12            288  io.vertx.core.http.impl.headers.VertxHttpHeaders$1$1
 545:             9            288  java.io.FileInputStream (java.base@15.0.1)
 546:            12            288  java.lang.annotation.ElementType (java.base@15.0.1)
 547:            12            288  java.net.StandardSocketOptions$StdSocketOption (java.base@15.0.1)
 548:             2            288  java.text.DecimalFormat (java.base@15.0.1)
 549:            12            288  java.util.Arrays$ArrayItr (java.base@15.0.1)
 550:             6            288  java.util.Hashtable (java.base@15.0.1)
 551:             9            288  java.util.Hashtable$Entry (java.base@15.0.1)
 552:             9            288  java.util.TreeMap$KeyIterator (java.base@15.0.1)
 553:             6            288  java.util.concurrent.ConcurrentHashMap$Traverser (java.base@15.0.1)
 554:            12            288  java.util.stream.FindOps$FindSink$OfInt (java.base@15.0.1)
 555:            12            288  java.util.stream.IntPipeline$9$1 (java.base@15.0.1)
 556:            12            288  org.jboss.resteasy.core.MediaTypeMap$CachedMediaTypeAndClass
 557:             4            288  org.jboss.resteasy.core.interception.jaxrs.ServerWriterInterceptorContext
 558:            12            288  org.jboss.resteasy.specimpl.UnmodifiableMultivaluedMap$1
 559:            12            288  org.jboss.resteasy.util.snapshot.SnapshotMap
 560:            12            288  sun.net.www.MessageHeader (java.base@15.0.1)
 561:             1            280  [Ljava.lang.invoke.LambdaForm$Kind; (java.base@15.0.1)
 562:             5            280  io.netty.channel.DefaultChannelPipeline$TailContext
 563:             7            280  io.quarkus.arc.impl.InstanceHandleImpl
 564:             7            280  java.lang.invoke.BoundMethodHandle$Species_LL (java.base@15.0.1)
 565:             7            280  jdk.internal.loader.NativeLibraries$NativeLibraryImpl (java.base@15.0.1)
 566:            17            272  com.sun.proxy.$Proxy1
 567:            17            272  io.netty.channel.nio.NioEventLoop$1
 568:            17            272  io.netty.channel.nio.NioEventLoop$3
 569:            17            272  io.netty.util.concurrent.FastThreadLocalRunnable
 570:            17            272  io.netty.util.concurrent.SingleThreadEventExecutor$4
 571:            17            272  java.nio.channels.spi.AbstractSelector$1 (java.base@15.0.1)
 572:            17            272  java.util.concurrent.CountDownLatch (java.base@15.0.1)
 573:            17            272  javax.ws.rs.core.MediaType$2
 574:            17            272  sun.nio.ch.Util$2 (java.base@15.0.1)
 575:            11            264  io.netty.handler.codec.http.HttpObjectDecoder$State
 576:            11            264  java.io.InputStreamReader (java.base@15.0.1)
 577:            11            264  java.lang.invoke.MethodHandleImpl$Intrinsic (java.base@15.0.1)
 578:            11            264  java.util.concurrent.locks.AbstractQueuedSynchronizer$ConditionObject (java.base@15.0.1)
 579:             4            256  io.netty.channel.ChannelOutboundBuffer$Entry
 580:             4            256  io.netty.channel.socket.nio.NioSocketChannel$NioSocketChannelConfig
 581:            16            256  io.vertx.core.net.JdkSSLEngineOptions
 582:            16            256  io.vertx.core.net.impl.VertxEventLoopGroup$1
 583:             8            256  java.lang.StringLatin1$CharsSpliterator (java.base@15.0.1)
 584:            16            256  java.lang.ThreadLocal (java.base@15.0.1)
 585:             8            256  java.lang.reflect.ProxyGenerator$PrimitiveTypeInfo (java.base@15.0.1)
 586:             8            256  java.net.Inet6Address$Inet6AddressHolder (java.base@15.0.1)
 587:             8            256  java.util.ImmutableCollections$MapN (java.base@15.0.1)
 588:             8            256  java.util.concurrent.atomic.AtomicReferenceFieldUpdater$AtomicReferenceFieldUpdaterImpl (java.base@15.0.1)
 589:            16            256  java.util.regex.Pattern$$Lambda$55/0x0000000800b66d60 (java.base@15.0.1)
 590:             8            256  org.jboss.resteasy.specimpl.PathSegmentImpl
 591:            10            240  [Lio.netty.channel.ChannelHandler;
 592:             2            240  [Lorg.jboss.logmanager.formatters.FormatStep$ItemType;
 593:            15            240  com.sun.proxy.$Proxy0
 594:            15            240  com.sun.proxy.$Proxy7
 595:             5            240  io.netty.channel.DefaultChannelPipeline
 596:             6            240  io.quarkus.arc.impl.ContextInstanceHandleImpl
 597:            15            240  io.smallrye.config.SmallRyeConfig$ConfigSourceInterceptorWithPriority$$Lambda$39/0x0000000800bbebd0
 598:            10            240  io.vertx.core.http.HttpMethod
 599:             6            240  java.lang.ClassNotFoundException (java.base@15.0.1)
 600:            10            240  java.nio.charset.CoderResult (java.base@15.0.1)
 601:            10            240  java.nio.file.StandardOpenOption (java.base@15.0.1)
 602:             6            240  java.util.EnumMap (java.base@15.0.1)
 603:            15            240  java.util.LinkedHashMap$LinkedValues (java.base@15.0.1)
 604:            10            240  java.util.regex.Pattern$Dollar (java.base@15.0.1)
 605:             6            240  org.jboss.resteasy.core.MediaTypeMap$SubtypeMap
 606:             5            240  sun.nio.ch.SelectionKeyImpl (java.base@15.0.1)
 607:             2            224  [Lorg.jboss.logmanager.handlers.SyslogHandler$Facility;
 608:             7            224  io.netty.util.Recycler$WeakOrderQueue$Link
 609:             4            224  io.quarkus.resteasy.runtime.standalone.VertxHttpResponse
 610:             4            224  io.vertx.core.streams.impl.InboundBuffer
 611:             7            224  java.lang.invoke.VarHandleInts$FieldInstanceReadWrite (java.base@15.0.1)
 612:            14            224  java.net.InetSocketAddress (java.base@15.0.1)
 613:            14            224  java.util.HashMap$Values (java.base@15.0.1)
 614:             4            224  java.util.concurrent.ConcurrentHashMap$EntryIterator (java.base@15.0.1)
 615:             7            224  java.util.regex.Pattern$Curly (java.base@15.0.1)
 616:             4            224  org.jboss.resteasy.core.interception.jaxrs.ContainerResponseContextImpl
 617:             4            224  org.jboss.resteasy.specimpl.BuiltResponse
 618:             9            216  io.netty.handler.codec.http.HttpMethod$EnumNameMap$Node
 619:             9            216  io.smallrye.common.expression.Expression$Flag
 620:             9            216  java.lang.invoke.VarForm (java.base@15.0.1)
 621:             9            216  java.util.concurrent.CopyOnWriteArrayList$COWIterator (java.base@15.0.1)
 622:             3            216  java.util.concurrent.ThreadPoolExecutor (java.base@15.0.1)
 623:             9            216  sun.net.www.protocol.jar.JarURLConnection$JarURLInputStream (java.base@15.0.1)
 624:             3            216  sun.security.provider.NativePRNG$RandomIO (java.base@15.0.1)
 625:            10            208  [Ljava.util.logging.Handler; (java.logging@15.0.1)
 626:            13            208  io.smallrye.config.Converters$TrimmingConverter
 627:            13            208  java.text.NumberFormat$Field (java.base@15.0.1)
 628:            13            208  java.util.Formatter$Flags (java.base@15.0.1)
 629:             2            200  [Ljava.text.DateFormat$Field; (java.base@15.0.1)
 630:             5            200  io.netty.channel.AbstractChannel$CloseFuture
 631:             5            200  java.util.HashMap$ValueSpliterator (java.base@15.0.1)
 632:             5            200  java.util.stream.StreamOpFlag (java.base@15.0.1)
 633:             3            192  io.netty.buffer.UnpooledByteBufAllocator$InstrumentedUnpooledUnsafeDirectByteBuf
 634:             6            192  io.netty.channel.AdaptiveRecvByteBufAllocator
 635:             6            192  io.netty.channel.DefaultChannelId
 636:             8            192  io.netty.handler.timeout.IdleStateHandler$AllIdleTimeoutTask
 637:             8            192  io.netty.util.Recycler$WeakOrderQueue$Head
 638:             6            192  io.quarkus.arc.impl.EventImpl$Notifier
 639:             8            192  io.quarkus.arc.impl.TypeVariableImpl
 640:             4            192  io.quarkus.resteasy.runtime.standalone.VertxHttpRequest$VertxExecutionContext
 641:             4            192  io.quarkus.resteasy.runtime.standalone.VertxOutputStream
 642:             8            192  io.quarkus.runtime.configuration.HyphenateEnumConverter
 643:             8            192  io.quarkus.runtime.util.StringUtil$1
 644:             8            192  io.vertx.core.http.impl.headers.VertxHttpHeaders
 645:             4            192  io.vertx.ext.web.impl.HttpServerRequestWrapper
 646:             6            192  java.lang.ClassValue$Entry (java.base@15.0.1)
 647:             4            192  java.lang.ThreadGroup (java.base@15.0.1)
 648:             8            192  java.lang.WeakPairMap$Pair$Lookup (java.base@15.0.1)
 649:             6            192  java.lang.invoke.LambdaForm$BasicType (java.base@15.0.1)
 650:             8            192  java.math.RoundingMode (java.base@15.0.1)
 651:             8            192  java.net.Inet6Address (java.base@15.0.1)
 652:             8            192  java.net.NetPermission (java.base@15.0.1)
 653:             6            192  org.jboss.logmanager.Level
 654:            12            192  org.jboss.resteasy.core.Headers
 655:             4            192  org.jboss.resteasy.core.interception.jaxrs.PostMatchContainerRequestContext
 656:             4            192  org.jboss.resteasy.core.interception.jaxrs.PreMatchContainerRequestContext
 657:             4            192  org.jboss.resteasy.core.interception.jaxrs.ResponseContainerRequestContext
 658:             4            192  org.jboss.resteasy.specimpl.MultivaluedMapImpl
 659:             4            192  org.jboss.resteasy.specimpl.ResteasyUriBuilderImpl
 660:             4            192  sun.nio.ch.SocketAdaptor (java.base@15.0.1)
 661:             8            192  sun.nio.fs.UnixFileAttributeViews$Basic (java.base@15.0.1)
 662:             1            176  [Ljavax.ws.rs.core.Response$Status;
 663:            11            176  com.sun.proxy.$Proxy3
 664:            11            176  com.sun.proxy.$Proxy4
 665:            11            176  javax.ws.rs.core.MediaType$1
 666:             2            176  org.jboss.resteasy.core.providerfactory.ResteasyProviderFactoryImpl
 667:             1            168  [[Ljava.math.BigInteger; (java.base@15.0.1)
 668:             7            168  io.quarkus.arc.impl.ComputingCache
 669:             3            168  io.quarkus.arc.impl.InstanceImpl
 670:             7            168  jdk.internal.loader.NativeLibraries$1 (java.base@15.0.1)
 671:             2            160  [Lio.vertx.core.eventbus.MessageCodec;
 672:             4            160  [Ljava.lang.invoke.VarHandle$AccessType; (java.base@15.0.1)
 673:             2            160  [Ljava.time.temporal.ChronoUnit; (java.base@15.0.1)
 674:             4            160  io.netty.channel.socket.nio.NioSocketChannel$NioSocketChannelUnsafe
 675:             5            160  io.netty.handler.codec.http.HttpStatusClass
 676:             5            160  io.quarkus.arc.impl.EventImpl
 677:             5            160  io.quarkus.arc.impl.HierarchyDiscovery
 678:             4            160  io.quarkus.vertx.http.runtime.VertxInputStream
 679:             4            160  io.quarkus.vertx.http.runtime.VertxInputStream$VertxBlockingInput
 680:             4            160  io.vertx.core.http.impl.AssembledFullHttpResponse
 681:             4            160  io.vertx.core.http.impl.HttpServerChannelInitializer$1
 682:             4            160  io.vertx.core.http.impl.VertxHttpResponseEncoder
 683:             4            160  io.vertx.core.impl.VertxThreadFactory
 684:             4            160  io.vertx.core.net.impl.VertxHandler
 685:             4            160  java.lang.invoke.MethodHandleImpl$AsVarargsCollector (java.base@15.0.1)
 686:             5            160  java.lang.invoke.VarHandle$AccessType (java.base@15.0.1)
 687:             5            160  java.net.URI$Parser (java.base@15.0.1)
 688:             4            160  java.nio.channels.ClosedChannelException (java.base@15.0.1)
 689:             5            160  java.util.LinkedHashMap$LinkedEntryIterator (java.base@15.0.1)
 690:             5            160  java.util.concurrent.atomic.AtomicIntegerFieldUpdater$AtomicIntegerFieldUpdaterImpl (java.base@15.0.1)
 691:             5            160  java.util.concurrent.atomic.LongAdder (java.base@15.0.1)
 692:             4            160  jdk.internal.loader.AbstractClassLoaderValue$Memoizer (java.base@15.0.1)
 693:             5            160  org.jboss.resteasy.core.PropertyInjectorImpl
 694:             4            160  org.jboss.resteasy.core.ServerResponseWriter$$Lambda$187/0x0000000800d2cc78
 695:             4            160  org.jboss.resteasy.core.ServerResponseWriter$$Lambda$191/0x0000000800d2e920
 696:             4            160  org.jboss.resteasy.specimpl.ResteasyUriInfo$InitData
 697:             4            160  org.jboss.resteasy.spi.metadata.DefaultResourceClass
 698:             5            160  sun.nio.ch.DummySocketImpl (java.base@15.0.1)
 699:             5            160  sun.reflect.annotation.AnnotationParser$$Lambda$66/0x0000000800b6aac8 (java.base@15.0.1)
 700:             5            160  sun.util.locale.provider.LocaleProviderAdapter$Type (java.base@15.0.1)
 701:             4            160  sun.util.locale.provider.LocaleResources$ResourceReference (java.base@15.0.1)
 702:             4            160  sun.util.resources.Bundles$BundleReference (java.base@15.0.1)
 703:             1            152  io.quarkus.resteasy.server.common.runtime.QuarkusResteasyDeployment
 704:             3            144  [F (java.base@15.0.1)
 705:             3            144  [Lio.vertx.core.http.HttpMethod;
 706:             2            144  [Ljava.math.BigDecimal; (java.base@15.0.1)
 707:             9            144  [Ljava.nio.file.LinkOption; (java.base@15.0.1)
 708:             1            144  [Ljava.util.concurrent.ForkJoinTask$ExceptionNode; (java.base@15.0.1)
 709:             1            144  [Lorg.wildfly.common.format.NumericFlags;
 710:             9            144  io.netty.handler.codec.http.HttpMethod
 711:             6            144  io.quarkus.arc.impl.EventImpl$EventMetadataImpl
 712:             6            144  io.quarkus.arc.runtime.BeanContainerImpl$1$1
 713:             9            144  io.smallrye.config.Converters$OptionalConverter
 714:             1            144  io.vertx.core.impl.VertxImpl
 715:             6            144  java.lang.module.ModuleDescriptor$Requires$Modifier (java.base@15.0.1)
 716:             9            144  java.util.Collections$UnmodifiableMap$UnmodifiableEntrySet (java.base@15.0.1)
 717:             3            144  java.util.concurrent.LinkedBlockingQueue (java.base@15.0.1)
 718:             6            144  java.util.regex.Pattern$$Lambda$56/0x0000000800b673c8 (java.base@15.0.1)
 719:             6            144  java.util.stream.MatchOps$$Lambda$68/0x0000000800b6bcd8 (java.base@15.0.1)
 720:             6            144  java.util.stream.MatchOps$1MatchSink (java.base@15.0.1)
 721:             6            144  java.util.stream.MatchOps$MatchOp (java.base@15.0.1)
 722:             6            144  javax.ws.rs.core.Response$Status$Family
 723:             6            144  jdk.internal.perf.PerfCounter (java.base@15.0.1)
 724:             1            144  jdk.internal.reflect.MethodAccessorGenerator (java.base@15.0.1)
 725:             6            144  org.jboss.logging.Logger$Level
 726:             2            144  org.jboss.resteasy.core.providerfactory.ServerHelper
 727:             6            144  org.jboss.resteasy.util.snapshot.SnapshotSet
 728:             3            144  sun.nio.cs.StreamEncoder (java.base@15.0.1)
 729:             2            136  [Lio.netty.handler.codec.http.HttpMethod$EnumNameMap$Node;
 730:             2            128  [Lio.netty.handler.codec.http.HttpObjectDecoder$State;
 731:             8            128  [[Ljava.lang.annotation.Annotation; (java.base@15.0.1)
 732:             4            128  io.netty.buffer.EmptyByteBuf
 733:             2            128  io.netty.buffer.PooledByteBufAllocator
 734:             4            128  io.netty.handler.codec.CodecOutputList$CodecOutputLists
 735:             4            128  io.netty.handler.codec.http.DefaultHttpRequest
 736:             4            128  io.netty.handler.codec.http.HttpObjectDecoder$LineParser
 737:             4            128  io.netty.handler.codec.http.websocketx.extensions.compression.PerMessageDeflateServerExtensionHandshaker
 738:             8            128  io.netty.handler.timeout.IdleStateHandler$1
 739:             8            128  io.quarkus.runtime.util.StringUtil$2
 740:             2            128  io.vertx.core.dns.AddressResolverOptions
 741:             4            128  io.vertx.core.http.impl.Http1xUpgradeToH2CHandler
 742:             2            128  java.lang.ClassValue$ClassValueMap (java.base@15.0.1)
 743:             4            128  java.lang.StringUTF16$CharsSpliterator (java.base@15.0.1)
 744:             4            128  java.util.TreeMap$ValueIterator (java.base@15.0.1)
 745:             8            128  java.util.regex.Pattern$Begin (java.base@15.0.1)
 746:             4            128  java.util.regex.Pattern$BnM (java.base@15.0.1)
 747:             4            128  java.util.stream.FindOps$FindOp (java.base@15.0.1)
 748:             2            128  java.util.stream.ReferencePipeline$7 (java.base@15.0.1)
 749:             4            128  javax.enterprise.context.BeforeDestroyed$Literal
 750:             4            128  javax.enterprise.context.Destroyed$Literal
 751:             4            128  javax.enterprise.context.Initialized$Literal
 752:             4            128  jdk.internal.reflect.ClassFileAssembler (java.base@15.0.1)
 753:             8            128  org.jboss.logmanager.formatters.Formatters$2
 754:             4            128  org.jboss.resteasy.core.MediaTypeMap
 755:             4            128  org.jboss.resteasy.core.ResourceMethodInvoker$$Lambda$184/0x0000000800d28040
 756:             4            128  org.jboss.resteasy.core.registry.MatchCache$Key
 757:             4            128  org.jboss.resteasy.specimpl.RequestImpl
 758:             4            128  org.jboss.resteasy.specimpl.ResponseBuilderImpl
 759:             4            128  org.jboss.resteasy.specimpl.ResteasyHttpHeaders
 760:             2            128  org.jboss.resteasy.spi.metadata.DefaultResourceMethod
 761:             4            128  org.jboss.resteasy.spi.metadata.ResourceBuilder$ResourceClassBuilder
 762:             8            128  org.wildfly.common.format.GeneralFlags
 763:             6            120  [Ljava.lang.StackTraceElement; (java.base@15.0.1)
 764:             3            120  [Ljava.lang.invoke.LambdaForm$BasicType; (java.base@15.0.1)
 765:             5            120  io.netty.buffer.UnreleasableByteBuf
 766:             5            120  io.netty.channel.AbstractChannel$AbstractUnsafe$1
 767:             5            120  io.netty.channel.DefaultChannelPipeline$PendingHandlerAddedTask
 768:             5            120  io.netty.channel.SucceededChannelFuture
 769:             5            120  io.netty.util.internal.DefaultPriorityQueue
 770:             3            120  io.netty.util.internal.ObjectPool$RecyclerObjectPool$1
 771:             5            120  io.quarkus.arc.InjectableBean$Kind
 772:             5            120  io.quarkus.arc.impl.AbstractSharedContext$1
 773:             5            120  io.vertx.ext.web.impl.RouteImpl
 774:             3            120  java.io.BufferedInputStream (java.base@15.0.1)
 775:             3            120  java.io.BufferedWriter (java.base@15.0.1)
 776:             5            120  java.net.NetworkInterface$1 (java.base@15.0.1)
 777:             5            120  java.util.Collections$SingletonList (java.base@15.0.1)
 778:             3            120  java.util.Collections$SingletonMap (java.base@15.0.1)
 779:             3            120  java.util.Formatter$FormatSpecifier (java.base@15.0.1)
 780:             3            120  java.util.Properties$LineReader (java.base@15.0.1)
 781:             5            120  java.util.concurrent.atomic.AtomicIntegerFieldUpdater$AtomicIntegerFieldUpdaterImpl$1 (java.base@15.0.1)
 782:             5            120  java.util.concurrent.atomic.AtomicReferenceFieldUpdater$AtomicReferenceFieldUpdaterImpl$1 (java.base@15.0.1)
 783:             5            120  java.util.regex.Pattern$$Lambda$57/0x0000000800b67650 (java.base@15.0.1)
 784:             5            120  java.util.stream.ReferencePipeline$2$1 (java.base@15.0.1)
 785:             5            120  java.util.stream.ReferencePipeline$3$1 (java.base@15.0.1)
 786:             5            120  java.util.stream.StreamOpFlag$Type (java.base@15.0.1)
 787:             5            120  jdk.internal.math.FloatingDecimal$PreparedASCIIToBinaryBuffer (java.base@15.0.1)
 788:             5            120  jdk.net.ExtendedSocketOptions$ExtSocketOption (jdk.net@15.0.1)
 789:             5            120  org.wildfly.common.format.NumericFlag
 790:             5            120  sun.util.resources.LocaleData$1 (java.base@15.0.1)
 791:             4            112  [Lio.vertx.core.http.HttpVersion;
 792:             4            112  [Lorg.eclipse.microprofile.config.spi.ConfigSource;
 793:             7            112  com.sun.proxy.$Proxy8
 794:             7            112  io.quarkus.resteasy.common.runtime.QuarkusInjectorFactory$UnwrappingPropertyInjector
 795:             2            112  java.lang.invoke.BoundMethodHandle$Species_LLLLLLL (java.base@15.0.1)
 796:             2            112  java.nio.DirectIntBufferRU (java.base@15.0.1)
 797:             1            112  java.util.GregorianCalendar (java.base@15.0.1)
 798:             1            112  jdk.internal.loader.ClassLoaders$AppClassLoader (java.base@15.0.1)
 799:             2            104  [Lio.netty.util.concurrent.EventExecutor;
 800:             1            104  io.netty.channel.socket.nio.NioServerSocketChannel
 801:             1            104  io.quarkus.vertx.http.runtime.HttpConfiguration
 802:             1            104  io.vertx.core.VertxOptions
 803:             1            104  jdk.internal.loader.ClassLoaders$BootClassLoader (java.base@15.0.1)
 804:             1            104  jdk.internal.loader.ClassLoaders$PlatformClassLoader (java.base@15.0.1)
 805:             1            104  sun.security.jca.ProviderList$1 (java.base@15.0.1)
 806:             1            104  sun.security.provider.Sun (java.base@15.0.1)
 807:             4             96  [Lio.netty.handler.codec.http.websocketx.extensions.WebSocketServerExtensionHandshaker;
 808:             3             96  [Lio.netty.util.ResourceLeakDetector$Level;
 809:             4             96  [Ljava.net.InetSocketAddress; (java.base@15.0.1)
 810:             2             96  [Ljava.util.concurrent.TimeUnit; (java.base@15.0.1)
 811:             5             96  [Lorg.jboss.resteasy.spi.metadata.ResourceMethod;
 812:             1             96  [Lsun.util.locale.BaseLocale; (java.base@15.0.1)
 813:             1             96  [[J (java.base@15.0.1)
 814:             4             96  io.netty.bootstrap.ServerBootstrap$ServerBootstrapAcceptor$2
 815:             4             96  io.netty.channel.AbstractChannel$AbstractUnsafe$8
 816:             4             96  io.netty.handler.codec.http.HttpObjectDecoder$HeaderParser
 817:             4             96  io.netty.handler.codec.http.websocketx.extensions.WebSocketServerExtensionHandler
 818:             4             96  io.netty.handler.codec.http.websocketx.extensions.compression.DeflateFrameServerExtensionHandshaker
 819:             4             96  io.netty.util.ResourceLeakDetector$Level
 820:             4             96  io.netty.util.internal.AppendableCharSequence
 821:             6             96  io.quarkus.arc.impl.EventImpl$Notifier$$Lambda$67/0x0000000800bea528
 822:             4             96  io.quarkus.resteasy.common.runtime.QuarkusConstructorInjector
 823:             4             96  io.quarkus.resteasy.runtime.standalone.LazyHostSupplier
 824:             4             96  io.quarkus.resteasy.runtime.standalone.QuarkusResteasySecurityContext
 825:             4             96  io.quarkus.resteasy.runtime.standalone.VertxBlockingOutput
 826:             4             96  io.quarkus.resteasy.runtime.standalone.VertxBlockingOutput$1
 827:             4             96  io.quarkus.resteasy.runtime.standalone.VertxBlockingOutput$2
 828:             4             96  io.quarkus.resteasy.runtime.standalone.VertxOutputStream$$Lambda$189/0x0000000800d2e4a0
 829:             4             96  io.quarkus.resteasy.runtime.standalone.VertxRequestHandler$1
 830:             4             96  io.quarkus.runtime.logging.CleanupFilterConfig
 831:             4             96  io.quarkus.runtime.logging.LogCleanupFilterElement
 832:             4             96  io.quarkus.vertx.http.runtime.CurrentVertxRequest
 833:             4             96  io.quarkus.vertx.http.runtime.ResumingRequestWrapper
 834:             4             96  io.quarkus.vertx.http.runtime.VertxInputStream$VertxBlockingInput$1
 835:             4             96  io.quarkus.vertx.http.runtime.VertxInputStream$VertxBlockingInput$2
 836:             4             96  io.smallrye.config.Converters$CollectionConverter
 837:             4             96  io.vertx.core.http.impl.HttpHandlers$$Lambda$177/0x0000000800d125a0
 838:             4             96  io.vertx.core.http.impl.HttpServerChannelInitializer$$Lambda$174/0x0000000800d0c0a0
 839:             4             96  io.vertx.core.http.impl.WebSocketRequestHandler
 840:             4             96  io.vertx.core.http.impl.headers.VertxHttpHeaders$1
 841:             6             96  io.vertx.core.json.JsonObject
 842:             4             96  io.vertx.core.net.impl.ConnectionBase$$Lambda$193/0x0000000800d393f8
 843:             3             96  java.io.FileOutputStream (java.base@15.0.1)
 844:             4             96  java.lang.Class$1 (java.base@15.0.1)
 845:             4             96  java.lang.Class$3 (java.base@15.0.1)
 846:             4             96  java.lang.PublicMethods (java.base@15.0.1)
 847:             3             96  java.lang.Runtime$Version (java.base@15.0.1)
 848:             4             96  java.lang.StringCoding$Result (java.base@15.0.1)
 849:             4             96  java.lang.module.ModuleDescriptor$Opens (java.base@15.0.1)
 850:             6             96  java.lang.reflect.AccessibleObject$$Lambda$79/0x0000000800b72320 (java.base@15.0.1)
 851:             4             96  java.lang.reflect.Proxy$ProxyBuilder (java.base@15.0.1)
 852:             4             96  java.lang.reflect.Proxy$ProxyBuilder$1 (java.base@15.0.1)
 853:             4             96  java.net.InterfaceAddress (java.base@15.0.1)
 854:             2             96  java.net.NetworkInterface (java.base@15.0.1)
 855:             3             96  java.util.ArrayDeque$DeqIterator (java.base@15.0.1)
 856:             4             96  java.util.Collections$SynchronizedSet (java.base@15.0.1)
 857:             4             96  java.util.Date (java.base@15.0.1)
 858:             3             96  java.util.Formatter (java.base@15.0.1)
 859:             6             96  java.util.TreeMap$KeySet (java.base@15.0.1)
 860:             6             96  java.util.TreeSet (java.base@15.0.1)
 861:             3             96  java.util.UUID (java.base@15.0.1)
 862:             2             96  java.util.regex.Pattern$GroupCurly (java.base@15.0.1)
 863:             4             96  java.util.regex.Pattern$Qtype (java.base@15.0.1)
 864:             4             96  java.util.stream.Collectors$$Lambda$96/0x0000000800b81588 (java.base@15.0.1)
 865:             4             96  java.util.stream.StreamShape (java.base@15.0.1)
 866:             1             96  jdk.internal.jimage.ImageReader$SharedImageReader (java.base@15.0.1)
 867:             6             96  jdk.internal.loader.ClassLoaderValue (java.base@15.0.1)
 868:             4             96  jdk.internal.logger.BootstrapLogger$LoggingBackend (java.base@15.0.1)
 869:             4             96  jdk.internal.reflect.ByteVectorImpl (java.base@15.0.1)
 870:             4             96  org.jboss.resteasy.core.ConstructorInjectorImpl
 871:             4             96  org.jboss.resteasy.core.ServerResponseWriter$2
 872:             4             96  org.jboss.resteasy.core.SynchronousDispatcher$$Lambda$182/0x0000000800d25d40
 873:             4             96  org.jboss.resteasy.core.SynchronousDispatcher$$Lambda$186/0x0000000800d2ae30
 874:             4             96  org.jboss.resteasy.core.SynchronousDispatcher$1
 875:             4             96  org.jboss.resteasy.core.interception.jaxrs.ServerWriterInterceptorContext$$Lambda$190/0x0000000800d2e6e8
 876:             4             96  org.jboss.resteasy.specimpl.PathSegmentImpl$SegmentParse
 877:             4             96  org.jboss.resteasy.specimpl.ResteasyUriInfo$ProcessPathResult
 878:             4             96  org.jboss.resteasy.specimpl.UnmodifiableMultivaluedMap
 879:             4             96  org.jboss.resteasy.spi.interception.JaxrsInterceptorRegistry$Match
 880:             4             96  org.jboss.resteasy.util.CommitHeaderAsyncOutputStream
 881:             4             96  org.jboss.threads.EnhancedQueueExecutor$Task
 882:             4             96  sun.reflect.annotation.AnnotationType$1 (java.base@15.0.1)
 883:             1             96  sun.util.calendar.Gregorian$Date (java.base@15.0.1)
 884:             4             88  [Ljava.util.Map$Entry; (java.base@15.0.1)
 885:             4             88  [Ljavax.ws.rs.core.MediaType;
 886:             1             88  io.quarkus.vertx.core.runtime.config.EventBusConfiguration
 887:             1             88  java.util.jar.JarVerifier (java.base@15.0.1)
 888:             1             88  org.jboss.resteasy.core.ResourceMethodInvoker
 889:             1             88  sun.nio.ch.ServerSocketChannelImpl (java.base@15.0.1)
 890:             1             80  [Lio.vertx.core.Verticle;
 891:             2             80  [Ljava.util.Formatter$Flags; (java.base@15.0.1)
 892:             1             80  [Ljava.util.concurrent.ForkJoinPool$WorkQueue; (java.base@15.0.1)
 893:             2             80  [Ljava.util.stream.StreamOpFlag$Type; (java.base@15.0.1)
 894:             5             80  [Lorg.jboss.resteasy.spi.ValueInjector;
 895:             5             80  [Lorg.jboss.resteasy.spi.metadata.FieldParameter;
 896:             5             80  [Lorg.jboss.resteasy.spi.metadata.ResourceLocator;
 897:             5             80  [Lorg.jboss.resteasy.spi.metadata.SetterParameter;
 898:             2             80  [Lorg.wildfly.common.format.NumericFlag;
 899:             2             80  [Lsun.security.jca.ProviderConfig; (java.base@15.0.1)
 900:             2             80  [Lsun.util.locale.provider.LocaleProviderAdapter$Type; (java.base@15.0.1)
 901:             5             80  com.sun.proxy.$Proxy2
 902:             5             80  io.netty.channel.DefaultMaxMessagesRecvByteBufAllocator$MaxMessageHandle$1
 903:             5             80  io.netty.channel.VoidChannelPromise$1
 904:             5             80  io.netty.channel.nio.AbstractNioChannel$1
 905:             2             80  io.netty.handler.codec.http.HttpVersion
 906:             2             80  io.netty.util.Signal
 907:             1             80  io.quarkus.arc.impl.ArcContainerImpl
 908:             5             80  io.quarkus.arc.impl.TypeResolver
 909:             5             80  java.io.FileInputStream$1 (java.base@15.0.1)
 910:             2             80  java.io.FilePermission (java.base@15.0.1)
 911:             2             80  java.io.PrintStream (java.base@15.0.1)
 912:             2             80  java.lang.ModuleLayer (java.base@15.0.1)
 913:             2             80  java.lang.UnsupportedOperationException (java.base@15.0.1)
 914:             2             80  java.lang.VirtualMachineError (java.base@15.0.1)
 915:             2             80  java.lang.invoke.BoundMethodHandle$Species_LLL (java.base@15.0.1)
 916:             2             80  java.lang.module.Configuration (java.base@15.0.1)
 917:             5             80  java.lang.reflect.Proxy$$Lambda$36/0x0000000800b5f1a8 (java.base@15.0.1)
 918:             2             80  java.text.DigitList (java.base@15.0.1)
 919:             5             80  java.util.Collections$UnmodifiableMap$UnmodifiableEntrySet$UnmodifiableEntry (java.base@15.0.1)
 920:             2             80  java.util.Locale$Category (java.base@15.0.1)
 921:             5             80  java.util.concurrent.ConcurrentHashMap$ValuesView (java.base@15.0.1)
 922:             5             80  java.util.concurrent.atomic.AtomicReference (java.base@15.0.1)
 923:             2             80  jdk.internal.math.FloatingDecimal$BinaryToASCIIBuffer (java.base@15.0.1)
 924:             2             80  org.jboss.logmanager.formatters.Formatters$7
 925:             2             80  org.jboss.resteasy.core.interception.jaxrs.JaxrsInterceptorRegistryImpl$OnDemandInterceptorFactory
 926:             2             80  org.jboss.resteasy.core.registry.SegmentNode$SortFactor
 927:             5             80  org.jboss.threads.NullRunnable
 928:             1             80  sun.util.cldr.CLDRLocaleProviderAdapter (java.base@15.0.1)
 929:             3             72  [Ljava.security.Permission; (java.base@15.0.1)
 930:             3             72  [Ljavax.enterprise.util.AnnotationLiteral;
 931:             3             72  [Ljavax.ws.rs.container.ContainerRequestFilter;
 932:             3             72  io.netty.buffer.PoolArena$SizeClass
 933:             3             72  io.netty.handler.codec.http.HttpContentEncoder$State
 934:             3             72  io.netty.util.Recycler$2
 935:             3             72  io.quarkus.arc.Lock$Type
 936:             3             72  io.quarkus.arc.impl.ArcContainerImpl$1
 937:             3             72  io.quarkus.arc.runtime.BeanContainerImpl$1
 938:             3             72  io.quarkus.dev.appstate.ApplicationStateNotification$State
 939:             3             72  io.quarkus.runtime.LaunchMode
 940:             3             72  io.quarkus.runtime.logging.AsyncConfig
 941:             3             72  io.quarkus.vertx.http.runtime.HandlerType
 942:             3             72  io.quarkus.vertx.http.runtime.HttpConfiguration$InsecureRequests
 943:             3             72  io.quarkus.vertx.http.runtime.VertxInputStream$ContinueState
 944:             3             72  io.smallrye.config.SmallRyeConfigBuilder$InterceptorWithPriority
 945:             3             72  io.vertx.core.http.ClientAuth
 946:             3             72  io.vertx.core.http.CookieSameSite
 947:             3             72  io.vertx.core.http.HttpVersion
 948:             1             72  io.vertx.ext.web.handler.impl.StaticHandlerImpl
 949:             3             72  java.lang.ClassValue$Version (java.base@15.0.1)
 950:             3             72  java.lang.NamedPackage (java.base@15.0.1)
 951:             3             72  java.lang.WeakPairMap (java.base@15.0.1)
 952:             3             72  java.lang.annotation.RetentionPolicy (java.base@15.0.1)
 953:             3             72  java.lang.invoke.MethodHandleImpl$ArrayAccess (java.base@15.0.1)
 954:             3             72  java.lang.reflect.ReflectPermission (java.base@15.0.1)
 955:             3             72  java.security.SecurityPermission (java.base@15.0.1)
 956:             3             72  java.time.ZoneOffset (java.base@15.0.1)
 957:             3             72  java.util.Collections$2 (java.base@15.0.1)
 958:             3             72  java.util.concurrent.LinkedBlockingQueue$Node (java.base@15.0.1)
 959:             3             72  java.util.stream.Collector$Characteristics (java.base@15.0.1)
 960:             3             72  java.util.stream.MatchOps$MatchKind (java.base@15.0.1)
 961:             3             72  jdk.internal.jimage.ImageLocation (java.base@15.0.1)
 962:             3             72  jdk.internal.math.FloatingDecimal$ExceptionalBinaryToASCIIBuffer (java.base@15.0.1)
 963:             3             72  jdk.internal.misc.Signal (java.base@15.0.1)
 964:             3             72  jdk.internal.module.IllegalAccessLogger$Mode (java.base@15.0.1)
 965:             3             72  org.jboss.logmanager.ExtLogRecord$FormatStyle
 966:             3             72  org.jboss.logmanager.NDC$Stack
 967:             3             72  org.jboss.logmanager.formatters.Formatters$17$1
 968:             3             72  org.jboss.logmanager.formatters.Formatters$Segment
 969:             3             72  org.jboss.logmanager.handlers.ConsoleHandler$Target
 970:             3             72  org.jboss.logmanager.handlers.SyslogHandler$Protocol
 971:             3             72  org.jboss.resteasy.core.registry.SegmentNode
 972:             3             72  org.wildfly.common.format.GeneralFlag
 973:             1             72  sun.nio.ch.FileChannelImpl (java.base@15.0.1)
 974:             3             72  sun.security.provider.NativePRNG$Variant (java.base@15.0.1)
 975:             2             64  [Lio.netty.buffer.PoolArena$SizeClass;
 976:             2             64  [Lio.quarkus.runtime.LaunchMode;
 977:             2             64  [Lio.quarkus.vertx.http.runtime.HandlerType;
 978:             2             64  [Lio.quarkus.vertx.http.runtime.HttpConfiguration$InsecureRequests;
 979:             2             64  [Lio.vertx.core.http.ClientAuth;
 980:             2             64  [Lio.vertx.core.http.CookieSameSite;
 981:             2             64  [Ljava.lang.ThreadGroup; (java.base@15.0.1)
 982:             2             64  [Ljava.lang.annotation.RetentionPolicy; (java.base@15.0.1)
 983:             1             64  [Ljava.lang.invoke.MethodHandleImpl$Intrinsic; (java.base@15.0.1)
 984:             2             64  [Ljava.nio.charset.CoderResult; (java.base@15.0.1)
 985:             2             64  [Ljava.util.stream.Collector$Characteristics; (java.base@15.0.1)
 986:             2             64  [Lorg.jboss.logmanager.handlers.ConsoleHandler$Target;
 987:             2             64  [Lorg.jboss.logmanager.handlers.SyslogHandler$Protocol;
 988:             4             64  [Lorg.jboss.resteasy.spi.metadata.ConstructorParameter;
 989:             2             64  [Lorg.wildfly.common.format.GeneralFlag;
 990:             2             64  [Lsun.nio.fs.NativeBuffer; (java.base@15.0.1)
 991:             2             64  [Lsun.security.provider.NativePRNG$Variant; (java.base@15.0.1)
 992:             4             64  io.netty.channel.nio.AbstractNioByteChannel$1
 993:             2             64  io.netty.channel.nio.NioEventLoopGroup
 994:             1             64  io.netty.channel.socket.nio.NioServerSocketChannel$NioServerSocketChannelConfig
 995:             2             64  io.netty.util.Signal$SignalConstant
 996:             1             64  io.netty.util.concurrent.GlobalEventExecutor
 997:             4             64  io.netty.util.internal.SocketUtils$11
 998:             4             64  io.netty.util.internal.SocketUtils$5
 999:             2             64  io.quarkus.arc.impl.CurrentInjectionPointProvider$InjectionPointImpl
1000:             4             64  io.quarkus.arc.impl.RequestContext$$Lambda$192/0x0000000800d2f818
1001:             4             64  io.quarkus.arc.impl.RequestContext$RequestContextState
1002:             4             64  io.quarkus.arc.runtime.ArcRecorder
1003:             4             64  io.quarkus.runtime.RuntimeValue
1004:             4             64  io.quarkus.vertx.core.runtime.VertxBufferImpl
1005:             4             64  io.quarkus.vertx.http.runtime.VertxHttpRecorder
1006:             2             64  io.smallrye.config.SmallRyeConfig
1007:             4             64  io.vertx.core.http.impl.HttpServerRequestImpl$$Lambda$178/0x0000000800d1b778
1008:             4             64  io.vertx.core.http.impl.HttpServerRequestImpl$$Lambda$179/0x0000000800d1b9a0
1009:             1             64  io.vertx.core.http.impl.HttpUtils$CustomCompressor
1010:             4             64  io.vertx.core.net.impl.PartialPooledByteBufAllocator$PooledChannelHandlerContext
1011:             4             64  io.vertx.core.net.impl.VertxHandler$$Lambda$176/0x0000000800d12378
1012:             4             64  io.vertx.core.net.impl.VertxHandler$$Lambda$194/0x0000000800d3ae78
1013:             1             64  io.vertx.ext.web.impl.LRUCache
1014:             2             64  java.io.BufferedOutputStream (java.base@15.0.1)
1015:             2             64  java.io.ByteArrayInputStream (java.base@15.0.1)
1016:             2             64  java.io.DataInputStream (java.base@15.0.1)
1017:             2             64  java.lang.invoke.VarHandleBooleans$FieldInstanceReadWrite (java.base@15.0.1)
1018:             2             64  java.lang.invoke.VarHandleLongs$FieldInstanceReadWrite (java.base@15.0.1)
1019:             2             64  java.lang.ref.ReferenceQueue$Null (java.base@15.0.1)
1020:             1             64  java.security.SecureRandom (java.base@15.0.1)
1021:             1             64  java.text.SimpleDateFormat (java.base@15.0.1)
1022:             2             64  java.util.Formatter$FixedString (java.base@15.0.1)
1023:             4             64  java.util.LinkedHashMap$LinkedEntrySet (java.base@15.0.1)
1024:             2             64  java.util.logging.LogManager$LogNode (java.logging@15.0.1)
1025:             1             64  java.util.logging.LogManager$RootLogger (java.logging@15.0.1)
1026:             4             64  java.util.stream.Collectors$$Lambda$97/0x0000000800b817c0 (java.base@15.0.1)
1027:             4             64  javax.ws.rs.core.MultivaluedHashMap
1028:             2             64  jdk.internal.math.FloatingDecimal$ASCIIToBinaryBuffer (java.base@15.0.1)
1029:             4             64  jdk.internal.reflect.BootstrapConstructorAccessorImpl (java.base@15.0.1)
1030:             2             64  org.jboss.logmanager.formatters.Formatters$17
1031:             2             64  org.jboss.logmanager.formatters.Formatters$3
1032:             1             64  org.jboss.logmanager.handlers.ConsoleHandler
1033:             4             64  org.jboss.resteasy.core.PostResourceMethodInvokers
1034:             2             64  org.jboss.resteasy.core.ResourcePropertyInjector
1035:             4             64  org.jboss.resteasy.core.SynchronousDispatcher$$Lambda$183/0x0000000800d26578
1036:             4             64  org.jboss.resteasy.core.interception.jaxrs.ServerWriterInterceptorContext$$Lambda$188/0x0000000800d2e278
1037:             1             64  org.jboss.resteasy.core.providerfactory.ClientHelper
1038:             1             64  org.jboss.resteasy.core.providerfactory.NOOPClientHelper
1039:             2             64  org.jboss.resteasy.core.registry.RootNode
1040:             4             64  org.jboss.resteasy.plugins.providers.ByteArrayProvider
1041:             4             64  org.jboss.resteasy.plugins.providers.DataSourceProvider
1042:             4             64  org.jboss.resteasy.plugins.providers.DefaultTextPlain
1043:             4             64  org.jboss.resteasy.plugins.providers.FileProvider
1044:             4             64  org.jboss.resteasy.plugins.providers.InputStreamProvider
1045:             4             64  org.jboss.resteasy.plugins.providers.ReaderProvider
1046:             4             64  org.jboss.resteasy.plugins.providers.StringTextStar
1047:             4             64  org.jboss.resteasy.plugins.server.Cleanables
1048:             4             64  org.jboss.resteasy.spi.interception.JaxrsInterceptorRegistry$AscendingPrecedenceComparator
1049:             4             64  sun.nio.ch.SocketAdaptor$$Lambda$172/0x0000000800ce9500 (java.base@15.0.1)
1050:             2             64  sun.nio.fs.NativeBuffer (java.base@15.0.1)
1051:             2             64  sun.security.provider.FileInputStreamPool$StreamRef (java.base@15.0.1)
1052:             2             64  sun.util.locale.provider.LocaleResources (java.base@15.0.1)
1053:             2             64  sun.util.resources.Bundles$2 (java.base@15.0.1)
1054:             1             56  [Ljava.lang.Runnable; (java.base@15.0.1)
1055:             3             56  [Ljava.net.NetworkInterface; (java.base@15.0.1)
1056:             1             56  [Ljava.nio.file.StandardOpenOption; (java.base@15.0.1)
1057:             1             56  [Ljava.util.logging.Level; (java.logging@15.0.1)
1058:             1             56  [[I (java.base@15.0.1)
1059:             1             56  io.netty.bootstrap.ServerBootstrap
1060:             1             56  io.quarkus.resteasy.runtime.standalone.VertxRequestHandler
1061:             1             56  io.quarkus.runtime.logging.SyslogConfig
1062:             1             56  io.quarkus.vertx.core.runtime.config.VertxConfiguration
1063:             1             56  io.quarkus.vertx.http.runtime.CertificateConfig
1064:             1             56  io.smallrye.config.SmallRyeConfigBuilder
1065:             1             56  io.vertx.core.DeploymentOptions
1066:             1             56  io.vertx.core.http.impl.HttpServerImpl$1
1067:             1             56  io.vertx.core.impl.BlockedThreadChecker$1
1068:             1             56  java.lang.invoke.BoundMethodHandle$Specializer (java.base@15.0.1)
1069:             1             56  java.lang.invoke.BoundMethodHandle$Species_LLLLLL (java.base@15.0.1)
1070:             1             56  java.net.SocketPermission (java.base@15.0.1)
1071:             1             56  java.nio.StringCharBuffer (java.base@15.0.1)
1072:             1             56  java.util.Calendar$Builder (java.base@15.0.1)
1073:             1             56  java.util.concurrent.ConcurrentHashMap$KeyIterator (java.base@15.0.1)
1074:             1             56  java.util.logging.Logger (java.logging@15.0.1)
1075:             1             56  jdk.internal.ref.CleanerImpl$SoftCleanableRef (java.base@15.0.1)
1076:             1             56  org.jboss.logmanager.LogManager
1077:             1             56  org.jboss.logmanager.handlers.DelayedHandler
1078:             1             56  org.jboss.threads.EnhancedQueueExecutor$Builder
1079:             1             56  org.jboss.threads.JBossThreadFactory
1080:             1             56  sun.security.provider.SHA (java.base@15.0.1)
1081:             2             48  [Lio.quarkus.runtime.configuration.ConfigurationRuntimeConfig$BuildTimeMismatchAtRuntime;
1082:             1             48  [Ljava.math.RoundingMode; (java.base@15.0.1)
1083:             2             48  [Ljava.net.InterfaceAddress; (java.base@15.0.1)
1084:             3             48  [Ljava.nio.file.attribute.FileAttribute; (java.base@15.0.1)
1085:             2             48  [Ljava.util.Locale$Category; (java.base@15.0.1)
1086:             2             48  [Ljavax.ws.rs.RuntimeType;
1087:             2             48  [Lorg.jboss.logmanager.handlers.AsyncHandler$OverflowAction;
1088:             2             48  [Lorg.jboss.logmanager.handlers.SyslogHandler$SyslogType;
1089:             3             48  [Lorg.jboss.resteasy.spi.metadata.MethodParameter;
1090:             1             48  [Lorg.wildfly.common.format.GeneralFlags;
1091:             2             48  io.netty.buffer.PooledByteBufAllocator$PoolThreadLocalCache
1092:             2             48  io.netty.buffer.UnpooledByteBufAllocator
1093:             2             48  io.netty.buffer.UnpooledByteBufAllocator$UnpooledByteBufAllocatorMetric
1094:             2             48  io.netty.channel.ChannelMetadata
1095:             2             48  io.netty.util.concurrent.DefaultEventExecutorChooserFactory$PowerOfTwoEventExecutorChooser
1096:             3             48  io.netty.util.concurrent.PromiseTask$SentinelRunnable
1097:             3             48  io.netty.util.internal.ObjectPool$RecyclerObjectPool
1098:             3             48  io.netty.util.internal.TypeParameterMatcher$ReflectiveMatcher
1099:             3             48  io.quarkus.arc.impl.EventImpl$$Lambda$131/0x0000000800c911e0
1100:             2             48  io.quarkus.arc.impl.EventProvider
1101:             2             48  io.quarkus.arc.runtime.BeanContainerImpl$DefaultInstanceFactory$1
1102:             2             48  io.quarkus.netty.runtime.virtual.VirtualAddress
1103:             1             48  io.quarkus.runtime.StartupContext
1104:             1             48  io.quarkus.runtime.ThreadPoolConfig
1105:             2             48  io.quarkus.runtime.configuration.ApplicationPropertiesConfigSource$InFileSystem
1106:             2             48  io.quarkus.runtime.configuration.ApplicationPropertiesConfigSource$InJar
1107:             2             48  io.quarkus.runtime.configuration.ApplicationPropertiesConfigSource$MpConfigInJar
1108:             2             48  io.quarkus.runtime.configuration.ConfigUtils$DotEnvConfigSource
1109:             2             48  io.quarkus.runtime.configuration.ConfigurationRuntimeConfig$BuildTimeMismatchAtRuntime
1110:             3             48  io.quarkus.runtime.configuration.MemorySize
1111:             1             48  io.quarkus.runtime.logging.BannerFormatter
1112:             1             48  io.quarkus.runtime.logging.LogConfig
1113:             3             48  io.quarkus.vertx.core.runtime.VertxCoreRecorder
1114:             2             48  io.quarkus.vertx.core.runtime.config.JksConfiguration
1115:             2             48  io.quarkus.vertx.core.runtime.config.PfxConfiguration
1116:             2             48  io.quarkus.vertx.http.runtime.BasicRoute
1117:             2             48  io.smallrye.config.ConfigMappingProvider
1118:             2             48  io.smallrye.config.ConfigMappingProvider$Builder
1119:             2             48  io.smallrye.config.DefaultValuesConfigSource
1120:             2             48  io.smallrye.config.EnvConfigSource
1121:             2             48  io.smallrye.config.PropertiesConfigSource
1122:             3             48  io.smallrye.config.SmallRyeConfig$ConfigSourceInterceptorWithPriority$$Lambda$40/0x0000000800bbee18
1123:             2             48  io.smallrye.config.SmallRyeConfig$ConfigSources
1124:             2             48  io.smallrye.config.SysPropConfigSource
1125:             1             48  io.vertx.core.eventbus.impl.EventBusImpl
1126:             2             48  io.vertx.core.file.FileSystemOptions
1127:             1             48  io.vertx.core.impl.DeploymentManager$DeploymentImpl
1128:             2             48  io.vertx.core.impl.WorkerPool
1129:             1             48  io.vertx.ext.web.handler.impl.StaticHandlerImpl$FSTune
1130:             2             48  io.vertx.ext.web.impl.RouterImpl
1131:             1             48  java.io.Console (java.base@15.0.1)
1132:             1             48  java.io.Console$LineReader (java.base@15.0.1)
1133:             2             48  java.io.File$PathStatus (java.base@15.0.1)
1134:             2             48  java.io.OutputStreamWriter (java.base@15.0.1)
1135:             3             48  java.lang.ClassValue$Identity (java.base@15.0.1)
1136:             1             48  java.lang.NullPointerException (java.base@15.0.1)
1137:             1             48  java.lang.ProcessHandleImpl (java.base@15.0.1)
1138:             1             48  java.lang.StackTraceElement (java.base@15.0.1)
1139:             1             48  java.lang.invoke.BoundMethodHandle$Specializer$Factory (java.base@15.0.1)
1140:             1             48  java.lang.invoke.BoundMethodHandle$Species_LLLL (java.base@15.0.1)
1141:             1             48  java.lang.invoke.BoundMethodHandle$Species_LLLLL (java.base@15.0.1)
1142:             2             48  java.lang.invoke.MethodHandles$Lookup$ClassOption (java.base@15.0.1)
1143:             2             48  java.lang.management.ManagementPermission (java.management@15.0.1)
1144:             3             48  java.lang.reflect.AccessibleObject$$Lambda$4/0x0000000800b4b550 (java.base@15.0.1)
1145:             2             48  java.net.StandardProtocolFamily (java.base@15.0.1)
1146:             3             48  java.nio.charset.CodingErrorAction (java.base@15.0.1)
1147:             1             48  java.nio.file.NoSuchFileException (java.base@15.0.1)
1148:             3             48  java.text.AttributedCharacterIterator$Attribute (java.base@15.0.1)
1149:             3             48  java.util.ResourceBundle$NoFallbackControl (java.base@15.0.1)
1150:             1             48  java.util.concurrent.CompletableFuture$Signaller (java.base@15.0.1)
1151:             3             48  java.util.concurrent.ConcurrentHashMap$EntrySetView (java.base@15.0.1)
1152:             1             48  java.util.concurrent.ConcurrentSkipListMap (java.base@15.0.1)
1153:             2             48  java.util.concurrent.ConcurrentSkipListMap$Node (java.base@15.0.1)
1154:             2             48  java.util.logging.Logger$LoggerBundle (java.logging@15.0.1)
1155:             2             48  java.util.logging.LoggingPermission (java.logging@15.0.1)
1156:             2             48  java.util.regex.Pattern$Pos (java.base@15.0.1)
1157:             2             48  java.util.stream.Collectors$$Lambda$112/0x0000000800b86718 (java.base@15.0.1)
1158:             2             48  java.util.stream.ReduceOps$2 (java.base@15.0.1)
1159:             2             48  java.util.stream.ReduceOps$2ReducingSink (java.base@15.0.1)
1160:             2             48  java.util.stream.ReferencePipeline$7$1 (java.base@15.0.1)
1161:             2             48  javax.ws.rs.RuntimeType
1162:             1             48  jdk.internal.jimage.ImageHeader (java.base@15.0.1)
1163:             2             48  jdk.internal.misc.Signal$NativeHandler (java.base@15.0.1)
1164:             3             48  jdk.internal.module.ServicesCatalog (java.base@15.0.1)
1165:             1             48  jdk.internal.ref.CleanerImpl$WeakCleanableRef (java.base@15.0.1)
1166:             2             48  org.jboss.logmanager.AtomicArray
1167:             3             48  org.jboss.logmanager.Logger$AttachmentKey
1168:             2             48  org.jboss.logmanager.errormanager.OnlyOnceErrorManager
1169:             2             48  org.jboss.logmanager.formatters.ColorPatternFormatter$LevelColorStep
1170:             2             48  org.jboss.logmanager.formatters.ColorPrintf
1171:             2             48  org.jboss.logmanager.formatters.Formatters$16
1172:             2             48  org.jboss.logmanager.formatters.Formatters$21
1173:             2             48  org.jboss.logmanager.formatters.Formatters$22
1174:             2             48  org.jboss.logmanager.formatters.Formatters$26
1175:             2             48  org.jboss.logmanager.formatters.Formatters$7$1
1176:             2             48  org.jboss.logmanager.handlers.AsyncHandler$OverflowAction
1177:             2             48  org.jboss.logmanager.handlers.SyslogHandler$SyslogType
1178:             2             48  org.jboss.resteasy.annotations.Stream$MODE
1179:             1             48  org.jboss.resteasy.core.registry.ClassExpression
1180:             2             48  org.jboss.resteasy.core.registry.ClassNode
1181:             1             48  org.jboss.resteasy.core.registry.MethodExpression
1182:             2             48  org.jboss.resteasy.microprofile.config.FilterConfigSource
1183:             2             48  org.jboss.resteasy.microprofile.config.ServletConfigSource
1184:             2             48  org.jboss.resteasy.microprofile.config.ServletContextConfigSource
1185:             2             48  org.jboss.resteasy.spi.metadata.DefaultResourceConstructor
1186:             2             48  org.jboss.resteasy.spi.metadata.ResourceBuilder$ResourceConstructorBuilder
1187:             2             48  org.jboss.resteasy.spi.metadata.ResourceBuilder$ResourceMethodBuilder
1188:             2             48  org.jboss.resteasy.statistics.StatisticsControllerImpl
1189:             3             48  org.jboss.resteasy.util.ThreadLocalStack
1190:             2             48  org.slf4j.helpers.FormattingTuple
1191:             2             48  sun.nio.fs.NativeBuffer$Deallocator (java.base@15.0.1)
1192:             2             48  sun.nio.fs.UnixChannelFactory$Flags (java.base@15.0.1)
1193:             1             48  sun.nio.fs.UnixException (java.base@15.0.1)
1194:             2             48  sun.reflect.generics.reflectiveObjects.WildcardTypeImpl (java.base@15.0.1)
1195:             3             48  sun.reflect.generics.tree.TypeVariableSignature (java.base@15.0.1)
1196:             2             48  sun.reflect.generics.tree.Wildcard (java.base@15.0.1)
1197:             2             48  sun.security.jca.ProviderList (java.base@15.0.1)
1198:             2             48  sun.security.jca.ProviderList$3 (java.base@15.0.1)
1199:             3             48  sun.security.provider.NativePRNG$1 (java.base@15.0.1)
1200:             1             40  [Lio.netty.handler.codec.http.HttpStatusClass;
1201:             1             40  [Lio.quarkus.arc.InjectableBean$Kind;
1202:             1             40  [Ljava.nio.charset.Charset; (java.base@15.0.1)
1203:             1             40  [Ljava.util.stream.StreamOpFlag; (java.base@15.0.1)
1204:             1             40  [Ljavax.ws.rs.core.Response$Status$Family;
1205:             1             40  [Lorg.jboss.logging.Logger$Level;
1206:             1             40  [[Ljava.lang.invoke.LambdaForm$Name; (java.base@15.0.1)
1207:             1             40  com.sun.management.internal.DiagnosticCommandImpl (jdk.management@15.0.1)
1208:             1             40  io.netty.bootstrap.AbstractBootstrap$PendingRegistrationPromise
1209:             1             40  io.netty.bootstrap.ServerBootstrap$1
1210:             1             40  io.netty.bootstrap.ServerBootstrap$ServerBootstrapAcceptor
1211:             1             40  io.netty.buffer.ReadOnlyByteBuf
1212:             1             40  io.netty.channel.group.DefaultChannelGroup
1213:             1             40  io.netty.channel.nio.AbstractNioMessageChannel$NioMessageUnsafe
1214:             1             40  io.quarkus.arc.Lock_Shared_AnnotationLiteral
1215:             1             40  io.quarkus.runtime.logging.ConsoleConfig
1216:             1             40  io.quarkus.runtime.logging.FileConfig
1217:             1             40  io.quarkus.vertx.core.runtime.config.ClusterConfiguration
1218:             1             40  io.quarkus.vertx.http.runtime.AccessLogConfig
1219:             1             40  io.quarkus.vertx.http.runtime.FormAuthConfig
1220:             1             40  io.quarkus.vertx.http.runtime.cors.CORSConfig
1221:             1             40  io.vertx.core.VertxException
1222:             1             40  io.vertx.core.shareddata.impl.SharedDataImpl
1223:             1             40  java.io.Console$3 (java.base@15.0.1)
1224:             1             40  java.io.IOException (java.base@15.0.1)
1225:             1             40  java.lang.ArithmeticException (java.base@15.0.1)
1226:             1             40  java.lang.IllegalAccessException (java.base@15.0.1)
1227:             1             40  java.lang.NoSuchMethodException (java.base@15.0.1)
1228:             1             40  java.lang.invoke.BoundMethodHandle$Species_LJ (java.base@15.0.1)
1229:             1             40  java.lang.invoke.MethodHandleImpl$WrappedMember (java.base@15.0.1)
1230:             1             40  java.lang.invoke.VarHandleReferences$Array (java.base@15.0.1)
1231:             1             40  java.net.InetAddress$CachedAddresses (java.base@15.0.1)
1232:             1             40  java.util.ResourceBundle$2 (java.base@15.0.1)
1233:             1             40  java.util.TreeMap$EntrySpliterator (java.base@15.0.1)
1234:             1             40  java.util.concurrent.CancellationException (java.base@15.0.1)
1235:             1             40  java.util.regex.Pattern$Loop (java.base@15.0.1)
1236:             1             40  jdk.internal.loader.URLClassPath (java.base@15.0.1)
1237:             1             40  jdk.internal.module.ArchivedModuleGraph (java.base@15.0.1)
1238:             1             40  jdk.internal.ref.CleanerImpl$CleanerCleanable (java.base@15.0.1)
1239:             1             40  org.jboss.logmanager.formatters.ColorPatternFormatter
1240:             1             40  org.jboss.resteasy.core.ResourceMethodRegistry
1241:             1             40  org.jboss.resteasy.core.SynchronousDispatcher
1242:             1             40  org.jboss.resteasy.core.interception.jaxrs.ContainerRequestFilterRegistryImpl
1243:             1             40  org.jboss.resteasy.core.interception.jaxrs.ContainerResponseFilterRegistryImpl
1244:             1             40  org.jboss.resteasy.core.interception.jaxrs.JaxrsInterceptorRegistryImpl$SingletonInterceptorFactory
1245:             1             40  org.jboss.resteasy.core.interception.jaxrs.ReaderInterceptorRegistryImpl
1246:             1             40  org.jboss.resteasy.core.interception.jaxrs.WriterInterceptorRegistryImpl
1247:             1             40  org.jboss.threads.ThreadNameInfo
1248:             1             40  sun.nio.ch.ServerSocketAdaptor (java.base@15.0.1)
1249:             1             40  sun.nio.cs.StandardCharsets$Aliases (java.base@15.0.1)
1250:             1             40  sun.nio.cs.StandardCharsets$Cache (java.base@15.0.1)
1251:             1             40  sun.nio.cs.US_ASCII$Decoder (java.base@15.0.1)
1252:             1             40  sun.text.resources.cldr.FormatData (java.base@15.0.1)
1253:             1             40  sun.text.resources.cldr.ext.FormatData_pt (jdk.localedata@15.0.1)
1254:             1             40  sun.util.resources.Bundles$1 (java.base@15.0.1)
1255:             1             40  sun.util.resources.cldr.CalendarData (java.base@15.0.1)
1256:             1             32  [Lio.netty.handler.codec.http.HttpContentEncoder$State;
1257:             1             32  [Lio.quarkus.arc.Lock$Type;
1258:             1             32  [Lio.quarkus.dev.appstate.ApplicationStateNotification$State;
1259:             1             32  [Lio.quarkus.vertx.http.runtime.VertxInputStream$ContinueState;
1260:             1             32  [Ljava.lang.OutOfMemoryError; (java.base@15.0.1)
1261:             1             32  [Ljava.lang.invoke.MethodHandleImpl$ArrayAccess; (java.base@15.0.1)
1262:             1             32  [Ljava.lang.module.ModuleDescriptor$Requires$Modifier; (java.base@15.0.1)
1263:             2             32  [Ljava.nio.file.OpenOption; (java.base@15.0.1)
1264:             2             32  [Ljava.security.cert.Certificate; (java.base@15.0.1)
1265:             1             32  [Ljava.util.regex.Pattern$Qtype; (java.base@15.0.1)
1266:             1             32  [Ljava.util.stream.MatchOps$MatchKind; (java.base@15.0.1)
1267:             1             32  [Ljava.util.stream.StreamShape; (java.base@15.0.1)
1268:             1             32  [Ljdk.internal.logger.BootstrapLogger$LoggingBackend; (java.base@15.0.1)
1269:             1             32  [Ljdk.internal.module.IllegalAccessLogger$Mode; (java.base@15.0.1)
1270:             1             32  [Lorg.jboss.logmanager.ExtLogRecord$FormatStyle;
1271:             2             32  com.sun.proxy.$Proxy13
1272:             2             32  com.sun.proxy.$Proxy6
1273:             2             32  com.sun.proxy.$Proxy9
1274:             1             32  io.netty.bootstrap.AbstractBootstrap$1
1275:             1             32  io.netty.bootstrap.AbstractBootstrap$2
1276:             2             32  io.netty.buffer.PooledByteBufAllocator$1
1277:             2             32  io.netty.buffer.PooledByteBufAllocatorMetric
1278:             2             32  io.netty.handler.codec.DecoderResult
1279:             1             32  io.netty.handler.codec.http.HttpStatusClass$1
1280:             1             32  io.netty.util.ResourceLeakDetector
1281:             1             32  io.netty.util.concurrent.DefaultThreadFactory
1282:             2             32  io.netty.util.concurrent.MultithreadEventExecutorGroup$1
1283:             2             32  io.netty.util.concurrent.ThreadPerTaskExecutor
1284:             1             32  io.netty.util.internal.PlatformDependent$4
1285:             2             32  io.netty.util.internal.logging.Slf4JLoggerFactory
1286:             2             32  io.quarkus.arc.impl.FixedValueSupplier
1287:             1             32  io.quarkus.arc.impl.RequestContext
1288:             1             32  io.quarkus.arc.log.LoggerName_Shared_AnnotationLiteral
1289:             2             32  io.quarkus.arc.runtime.BeanContainerImpl$DefaultInstanceFactory
1290:             2             32  io.quarkus.arc.runtime.ConfigRecorder
1291:             2             32  io.quarkus.resteasy.common.runtime.QuarkusInjectorFactory
1292:             1             32  io.quarkus.resteasy.runtime.standalone.RequestDispatcher
1293:             2             32  io.quarkus.resteasy.runtime.standalone.ResteasyStandaloneRecorder
1294:             2             32  io.quarkus.resteasy.runtime.vertx.JsonArrayWriter
1295:             2             32  io.quarkus.resteasy.runtime.vertx.JsonObjectWriter
1296:             2             32  io.quarkus.runtime.configuration.CharsetConverter
1297:             2             32  io.quarkus.runtime.configuration.CidrAddressConverter
1298:             2             32  io.quarkus.runtime.configuration.DurationConverter
1299:             2             32  io.quarkus.runtime.configuration.InetAddressConverter
1300:             2             32  io.quarkus.runtime.configuration.InetSocketAddressConverter
1301:             2             32  io.quarkus.runtime.configuration.LocaleConverter
1302:             2             32  io.quarkus.runtime.configuration.MemorySizeConverter
1303:             2             32  io.quarkus.runtime.configuration.PathConverter
1304:             2             32  io.quarkus.runtime.configuration.QuarkusConfigFactory
1305:             2             32  io.quarkus.runtime.configuration.RegexConverter
1306:             1             32  io.quarkus.runtime.logging.FileConfig$RotationConfig
1307:             2             32  io.quarkus.runtime.logging.LevelConverter
1308:             1             32  io.quarkus.vertx.http.runtime.AuthConfig
1309:             1             32  io.quarkus.vertx.http.runtime.HttpBuildTimeConfig
1310:             1             32  io.quarkus.vertx.http.runtime.ServerLimitsConfig
1311:             1             32  io.quarkus.vertx.http.runtime.VertxHttpRecorder$11
1312:             1             32  io.quarkus.vertx.http.runtime.VertxHttpRecorder$4
1313:             1             32  io.quarkus.vertx.http.runtime.filters.GracefulShutdownFilter
1314:             2             32  io.smallrye.config.ConfigMappings
1315:             2             32  io.smallrye.config.ExpressionConfigSourceInterceptor
1316:             2             32  io.smallrye.config.ProfileConfigSourceInterceptor
1317:             2             32  io.smallrye.config.PropertiesConfigSourceProvider
1318:             2             32  io.smallrye.config.SecretKeysConfigSourceInterceptor
1319:             2             32  io.smallrye.config.SmallRyeConfigBuilder$InterceptorWithPriority$1
1320:             2             32  io.smallrye.config.SmallRyeConfigProviderResolver
1321:             2             32  io.smallrye.config.SmallRyeConfigProviderResolver$$Lambda$52/0x0000000800bc7d78
1322:             2             32  io.vertx.core.ServiceHelper$$Lambda$61/0x0000000800bdd780
1323:             1             32  io.vertx.core.file.impl.FileResolver
1324:             1             32  io.vertx.core.http.impl.HttpServerImpl$$Lambda$158/0x0000000800cc6688
1325:             1             32  io.vertx.core.impl.DeploymentManager
1326:             1             32  io.vertx.core.impl.FutureImpl$Handlers
1327:             1             32  io.vertx.ext.web.handler.impl.BodyHandlerImpl
1328:             1             32  io.vertx.ext.web.handler.impl.StaticHandlerImpl$FSPropsCache
1329:             1             32  java.io.UnixFileSystem (java.base@15.0.1)
1330:             2             32  java.lang.Boolean (java.base@15.0.1)
1331:             2             32  java.lang.Float (java.base@15.0.1)
1332:             2             32  java.lang.Shutdown$Lock (java.base@15.0.1)
1333:             2             32  java.lang.management.ManagementFactory$PlatformMBeanFinder$$Lambda$100/0x0000000800b825a8 (java.management@15.0.1)
1334:             2             32  java.lang.management.ManagementFactory$PlatformMBeanFinder$$Lambda$101/0x0000000800b82800 (java.management@15.0.1)
1335:             1             32  java.lang.module.ModuleDescriptor$Version (java.base@15.0.1)
1336:             1             32  java.net.InetAddress$CachedLocalHost (java.base@15.0.1)
1337:             2             32  java.nio.ByteOrder (java.base@15.0.1)
1338:             1             32  java.security.MessageDigest$Delegate$CloneableDelegate (java.base@15.0.1)
1339:             1             32  java.text.DontCareFieldPosition (java.base@15.0.1)
1340:             1             32  java.util.AbstractList$Itr (java.base@15.0.1)
1341:             1             32  java.util.ArrayList$ListItr (java.base@15.0.1)
1342:             1             32  java.util.Collections$SynchronizedMap (java.base@15.0.1)
1343:             2             32  java.util.Properties$EntrySet (java.base@15.0.1)
1344:             2             32  java.util.ResourceBundle$ResourceBundleProviderHelper$$Lambda$82/0x0000000800b768b0 (java.base@15.0.1)
1345:             2             32  java.util.ResourceBundle$SingleFormatControl (java.base@15.0.1)
1346:             1             32  java.util.concurrent.LinkedTransferQueue$Node (java.base@15.0.1)
1347:             1             32  java.util.concurrent.SynchronousQueue (java.base@15.0.1)
1348:             1             32  java.util.concurrent.ThreadLocalRandom (java.base@15.0.1)
1349:             2             32  java.util.concurrent.ThreadPoolExecutor$AbortPolicy (java.base@15.0.1)
1350:             1             32  java.util.concurrent.atomic.AtomicLongFieldUpdater$CASUpdater (java.base@15.0.1)
1351:             1             32  java.util.concurrent.locks.AbstractQueuedSynchronizer$ConditionNode (java.base@15.0.1)
1352:             1             32  java.util.logging.LogManager$SystemLoggerContext (java.logging@15.0.1)
1353:             2             32  java.util.regex.CharPredicates$$Lambda$76/0x0000000800b6ef60 (java.base@15.0.1)
1354:             2             32  java.util.regex.Pattern$Caret (java.base@15.0.1)
1355:             1             32  java.util.zip.ZipCoder$UTF8ZipCoder (java.base@15.0.1)
1356:             1             32  jdk.internal.module.IllegalAccessLogger (java.base@15.0.1)
1357:             1             32  jdk.internal.ref.CleanerImpl (java.base@15.0.1)
1358:             1             32  jdk.internal.reflect.MethodAccessorGenerator$1 (java.base@15.0.1)
1359:             1             32  jdk.internal.reflect.UnsafeObjectFieldAccessorImpl (java.base@15.0.1)
1360:             1             32  jdk.internal.reflect.UnsafeQualifiedStaticObjectFieldAccessorImpl (java.base@15.0.1)
1361:             1             32  jdk.net.ExtendedSocketOptions$1 (jdk.net@15.0.1)
1362:             1             32  org.jboss.resteasy.core.ContextParameterInjector
1363:             1             32  org.jboss.resteasy.core.MethodInjectorImpl
1364:             1             32  org.jboss.resteasy.core.providerfactory.ExtSortedKey
1365:             1             32  org.jboss.resteasy.core.registry.SegmentNode$SortEntry
1366:             2             32  org.jboss.resteasy.plugins.interceptors.CacheControlFeature
1367:             2             32  org.jboss.resteasy.plugins.providers.AsyncStreamingOutputProvider
1368:             2             32  org.jboss.resteasy.plugins.providers.DefaultBooleanWriter
1369:             2             32  org.jboss.resteasy.plugins.providers.DefaultNumberWriter
1370:             2             32  org.jboss.resteasy.plugins.providers.FileRangeWriter
1371:             2             32  org.jboss.resteasy.plugins.providers.StreamingOutputProvider
1372:             1             32  org.jboss.resteasy.plugins.server.resourcefactory.POJOResourceFactory
1373:             2             32  org.jboss.resteasy.spi.metadata.ResourceBuilder
1374:             2             32  org.jboss.resteasy.util.DynamicFeatureContextDelegate
1375:             1             32  org.jboss.resteasy.util.WeightedMediaType
1376:             2             32  org.jboss.threads.DelegatingExecutorService
1377:             2             32  org.jboss.threads.EnhancedQueueExecutor$TerminateWaiterNode
1378:             2             32  org.jboss.threads.LoggingUncaughtExceptionHandler
1379:             2             32  org.jboss.threads.Messages_$logger
1380:             2             32  org.wildfly.common.lock.ExtendedReentrantLock
1381:             2             32  sun.management.spi.PlatformMBeanProvider$PlatformComponent$$Lambda$102/0x0000000800b83350 (java.management@15.0.1)
1382:             2             32  sun.management.spi.PlatformMBeanProvider$PlatformComponent$$Lambda$103/0x0000000800b835a8 (java.management@15.0.1)
1383:             1             32  sun.nio.ch.ChannelInputStream (java.base@15.0.1)
1384:             2             32  sun.nio.ch.SocketDispatcher (java.base@15.0.1)
1385:             1             32  sun.nio.fs.LinuxFileSystem (java.base@15.0.1)
1386:             2             32  sun.reflect.generics.tree.ArrayTypeSignature (java.base@15.0.1)
1387:             2             32  sun.security.provider.FileInputStreamPool$UnclosableInputStream (java.base@15.0.1)
1388:             1             32  sun.security.provider.SecureRandom (java.base@15.0.1)
1389:             1             32  sun.security.util.KnownOIDs$1 (java.base@15.0.1)
1390:             1             32  sun.security.util.KnownOIDs$10 (java.base@15.0.1)
1391:             1             32  sun.security.util.KnownOIDs$2 (java.base@15.0.1)
1392:             1             32  sun.security.util.KnownOIDs$3 (java.base@15.0.1)
1393:             1             32  sun.security.util.KnownOIDs$4 (java.base@15.0.1)
1394:             1             32  sun.security.util.KnownOIDs$5 (java.base@15.0.1)
1395:             1             32  sun.security.util.KnownOIDs$6 (java.base@15.0.1)
1396:             1             32  sun.security.util.KnownOIDs$7 (java.base@15.0.1)
1397:             1             32  sun.security.util.KnownOIDs$8 (java.base@15.0.1)
1398:             1             32  sun.security.util.KnownOIDs$9 (java.base@15.0.1)
1399:             1             24  [Lio.netty.util.concurrent.GenericFutureListener;
1400:             1             24  [Lio.quarkus.runtime.IOThreadDetector;
1401:             1             24  [Ljava.io.File$PathStatus; (java.base@15.0.1)
1402:             1             24  [Ljava.io.File; (java.base@15.0.1)
1403:             1             24  [Ljava.net.StandardProtocolFamily; (java.base@15.0.1)
1404:             1             24  [Ljava.net.URL; (java.base@15.0.1)
1405:             1             24  [Ljava.util.jar.Manifest; (java.base@15.0.1)
1406:             1             24  [Ljavax.ws.rs.container.ContainerResponseFilter;
1407:             1             24  [Lorg.jboss.resteasy.annotations.Stream$MODE;
1408:             1             24  com.sun.management.internal.PlatformMBeanProviderImpl$1 (jdk.management@15.0.1)
1409:             1             24  com.sun.management.internal.PlatformMBeanProviderImpl$2 (jdk.management@15.0.1)
1410:             1             24  com.sun.management.internal.PlatformMBeanProviderImpl$3 (jdk.management@15.0.1)
1411:             1             24  com.sun.management.internal.PlatformMBeanProviderImpl$4 (jdk.management@15.0.1)
1412:             1             24  com.sun.management.internal.PlatformMBeanProviderImpl$5 (jdk.management@15.0.1)
1413:             1             24  io.netty.bootstrap.ServerBootstrap$1$1
1414:             1             24  io.netty.bootstrap.ServerBootstrap$ServerBootstrapAcceptor$1
1415:             1             24  io.netty.channel.ChannelOption$1
1416:             1             24  io.netty.channel.EventLoopGroup_6ef9dd9271a740aaa271e8a1efa2231088d015f4_Synthetic_Bean
1417:             1             24  io.netty.channel.EventLoopGroup_e0d9529bd8e82f33c3bbdde0861773027f3f2e0a_Synthetic_Bean
1418:             1             24  io.netty.channel.WriteBufferWaterMark
1419:             1             24  io.netty.handler.codec.MessageToMessageCodec$1
1420:             1             24  io.netty.handler.codec.MessageToMessageCodec$2
1421:             1             24  io.netty.handler.codec.http.HttpMethod$EnumNameMap
1422:             1             24  io.netty.resolver.AddressResolverGroup$1
1423:             1             24  io.netty.resolver.DefaultAddressResolverGroup
1424:             1             24  io.netty.resolver.DefaultNameResolver
1425:             1             24  io.netty.resolver.InetSocketAddressResolver
1426:             1             24  io.netty.resolver.InetSocketAddressResolver$1
1427:             1             24  io.netty.util.ResourceLeakDetectorFactory$DefaultResourceLeakDetectorFactory
1428:             1             24  io.netty.util.Signal$1
1429:             1             24  io.netty.util.concurrent.DefaultFutureListeners
1430:             1             24  io.netty.util.concurrent.FailedFuture
1431:             1             24  io.netty.util.internal.PlatformDependent0$3
1432:             1             24  io.netty.util.internal.ThreadExecutorMap$3
1433:             1             24  io.quarkus.arc.generator.Object_1db071b8dcb8b723de56cb86df6920a2d21e0e9c_Synthetic_Bean
1434:             1             24  io.quarkus.arc.impl.ActivateRequestContextInterceptor_Bean
1435:             1             24  io.quarkus.arc.impl.LockInterceptor_Bean
1436:             1             24  io.quarkus.arc.runtime.ArcRecorder$2
1437:             1             24  io.quarkus.arc.runtime.LifecycleEventRunner
1438:             1             24  io.quarkus.arc.runtime.LifecycleEventRunner_Bean
1439:             1             24  io.quarkus.netty.BossEventLoopGroup_Shared_AnnotationLiteral
1440:             1             24  io.quarkus.netty.MainEventLoopGroup_Shared_AnnotationLiteral
1441:             1             24  io.quarkus.resteasy.common.runtime.ResteasyInjectorFactoryRecorder$1
1442:             1             24  io.quarkus.runner.ApplicationImpl
1443:             1             24  io.quarkus.runtime.ApplicationConfig
1444:             1             24  io.quarkus.runtime.ExecutorRecorder$2
1445:             1             24  io.quarkus.runtime.LiveReloadConfig
1446:             1             24  io.quarkus.runtime.LocalesBuildTimeConfig
1447:             1             24  io.quarkus.runtime.annotations.CommandLineArguments_Shared_AnnotationLiteral
1448:             1             24  io.quarkus.runtime.logging.CategoryConfig
1449:             1             24  io.quarkus.runtime.logging.LogBuildTimeConfig
1450:             1             24  io.quarkus.vertx.core.runtime.VertxCoreRecorder$10
1451:             1             24  io.quarkus.vertx.core.runtime.VertxCoreRecorder$VertxSupplier
1452:             1             24  io.quarkus.vertx.core.runtime.config.AddressResolverConfiguration
1453:             1             24  io.quarkus.vertx.core.runtime.config.PemKeyCertConfiguration
1454:             1             24  io.quarkus.vertx.core.runtime.config.PemTrustCertConfiguration
1455:             1             24  io.quarkus.vertx.http.runtime.BodyConfig
1456:             1             24  io.quarkus.vertx.http.runtime.CurrentVertxRequest_Bean
1457:             1             24  io.quarkus.vertx.http.runtime.CurrentVertxRequest_ClientProxy
1458:             1             24  io.quarkus.vertx.http.runtime.CurrentVertxRequest_ProducerMethod_getCurrent_6dc23d16d53ba5c34e1e7b6f54290fd7b9aebd76_Bean
1459:             1             24  io.quarkus.vertx.http.runtime.ForwardingProxyOptions
1460:             1             24  io.quarkus.vertx.http.runtime.ProxyConfig
1461:             1             24  io.quarkus.vertx.http.runtime.RouterProducer_ProducerMethod_produceRouter_47a03b0c0aa0db1a64462fa81c394956a357811a_Bean
1462:             1             24  io.quarkus.vertx.http.runtime.ServerSslConfig
1463:             1             24  io.quarkus.vertx.http.runtime.StaticResourcesRecorder$1
1464:             1             24  io.quarkus.vertx.http.runtime.VertxHttpRecorder$13
1465:             1             24  io.quarkus.vertx.http.runtime.VertxHttpRecorder$14
1466:             1             24  io.quarkus.vertx.http.runtime.VertxHttpRecorder$17
1467:             1             24  io.quarkus.vertx.http.runtime.VertxHttpRecorder$9
1468:             1             24  io.quarkus.vertx.http.runtime.filters.Filters$SimpleFilter
1469:             1             24  io.quarkus.vertx.http.runtime.security.HttpSecurityRecorder$6
1470:             1             24  io.smallrye.config.ImplicitConverters$StaticMethodConverter
1471:             1             24  io.smallrye.config.SmallRyeConfig$ConfigSources$1
1472:             1             24  io.vertx.core.Vertx_7c31d5064e6d5db248fafa10f188ca6323f3f983_Synthetic_Bean
1473:             1             24  io.vertx.core.eventbus.impl.CodecManager
1474:             1             24  io.vertx.core.http.impl.HttpUtils$1
1475:             1             24  io.vertx.core.impl.AddressResolver
1476:             1             24  io.vertx.core.impl.AddressResolver$$Lambda$156/0x0000000800cc6238
1477:             1             24  io.vertx.core.impl.AddressResolver$$Lambda$157/0x0000000800cc6460
1478:             1             24  io.vertx.core.impl.BlockedThreadChecker
1479:             1             24  io.vertx.core.impl.DeploymentManager$$Lambda$165/0x0000000800cdd9f8
1480:             1             24  io.vertx.core.metrics.MetricsOptions
1481:             1             24  io.vertx.core.net.impl.AsyncResolveConnectHelper$$Lambda$155/0x0000000800cc3990
1482:             1             24  io.vertx.core.net.impl.AsyncResolveConnectHelper$$Lambda$163/0x0000000800cdc370
1483:             1             24  java.io.FileReader (java.base@15.0.1)
1484:             1             24  java.lang.Double (java.base@15.0.1)
1485:             1             24  java.lang.ProcessEnvironment$StringEnvironment (java.base@15.0.1)
1486:             1             24  java.lang.ProcessEnvironment$StringKeySet$1 (java.base@15.0.1)
1487:             1             24  java.lang.ProcessHandleImpl$$Lambda$11/0x0000000800b536a8 (java.base@15.0.1)
1488:             1             24  java.lang.invoke.MethodHandleImpl$ArrayAccessor$1 (java.base@15.0.1)
1489:             1             24  java.lang.invoke.MethodHandleImpl$BindCaller$1 (java.base@15.0.1)
1490:             1             24  java.lang.invoke.MethodType$ConcurrentWeakInternSet (java.base@15.0.1)
1491:             1             24  java.lang.invoke.TypeConvertingMethodAdapter (java.base@15.0.1)
1492:             1             24  java.lang.invoke.VarHandles$1 (java.base@15.0.1)
1493:             1             24  java.lang.management.DefaultPlatformMBeanProvider$1 (java.management@15.0.1)
1494:             1             24  java.lang.management.DefaultPlatformMBeanProvider$10 (java.management@15.0.1)
1495:             1             24  java.lang.management.DefaultPlatformMBeanProvider$11 (java.management@15.0.1)
1496:             1             24  java.lang.management.DefaultPlatformMBeanProvider$2 (java.management@15.0.1)
1497:             1             24  java.lang.management.DefaultPlatformMBeanProvider$3 (java.management@15.0.1)
1498:             1             24  java.lang.management.DefaultPlatformMBeanProvider$4 (java.management@15.0.1)
1499:             1             24  java.lang.management.DefaultPlatformMBeanProvider$5 (java.management@15.0.1)
1500:             1             24  java.lang.management.DefaultPlatformMBeanProvider$6 (java.management@15.0.1)
1501:             1             24  java.lang.management.DefaultPlatformMBeanProvider$7 (java.management@15.0.1)
1502:             1             24  java.lang.management.DefaultPlatformMBeanProvider$8 (java.management@15.0.1)
1503:             1             24  java.lang.management.DefaultPlatformMBeanProvider$9 (java.management@15.0.1)
1504:             1             24  java.math.BigDecimal$StringBuilderHelper (java.base@15.0.1)
1505:             1             24  java.net.Inet6AddressImpl (java.base@15.0.1)
1506:             1             24  java.time.Clock$SystemClock (java.base@15.0.1)
1507:             1             24  java.util.BitSet (java.base@15.0.1)
1508:             1             24  java.util.Collections$3 (java.base@15.0.1)
1509:             1             24  java.util.Collections$EmptyMap (java.base@15.0.1)
1510:             1             24  java.util.Collections$SynchronizedSortedSet (java.base@15.0.1)
1511:             1             24  java.util.Locale$Cache (java.base@15.0.1)
1512:             1             24  java.util.OptionalDouble (java.base@15.0.1)
1513:             1             24  java.util.OptionalLong (java.base@15.0.1)
1514:             1             24  java.util.ResourceBundle$Control$CandidateListCache (java.base@15.0.1)
1515:             1             24  java.util.TaskQueue (java.base@15.0.1)
1516:             1             24  java.util.Timer (java.base@15.0.1)
1517:             1             24  java.util.concurrent.ConcurrentSkipListMap$Index (java.base@15.0.1)
1518:             1             24  java.util.concurrent.Executors$DefaultThreadFactory (java.base@15.0.1)
1519:             1             24  java.util.concurrent.Executors$RunnableAdapter (java.base@15.0.1)
1520:             1             24  java.util.concurrent.LinkedTransferQueue (java.base@15.0.1)
1521:             1             24  java.util.concurrent.atomic.AtomicLongFieldUpdater$CASUpdater$1 (java.base@15.0.1)
1522:             1             24  java.util.logging.LogManager$LoggerContext (java.logging@15.0.1)
1523:             1             24  java.util.regex.Pattern$Prolog (java.base@15.0.1)
1524:             1             24  java.util.stream.Collectors$$Lambda$47/0x0000000800b658f0 (java.base@15.0.1)
1525:             1             24  java.util.stream.FindOps$FindSink$OfRef (java.base@15.0.1)
1526:             1             24  javax.enterprise.context.control.ActivateRequestContext_Shared_AnnotationLiteral
1527:             1             24  javax.enterprise.event.ImmutableNotificationOptions
1528:             1             24  javax.enterprise.inject.Any$Literal
1529:             1             24  javax.enterprise.inject.Default$Literal
1530:             1             24  jdk.internal.jimage.ImageReader (java.base@15.0.1)
1531:             1             24  jdk.internal.logger.BootstrapLogger$RedirectedLoggers (java.base@15.0.1)
1532:             1             24  jdk.internal.module.ModuleHashes (java.base@15.0.1)
1533:             1             24  jdk.internal.module.SystemModuleFinders$SystemModuleFinder (java.base@15.0.1)
1534:             1             24  jdk.internal.reflect.Label$PatchInfo (java.base@15.0.1)
1535:             1             24  jdk.management.jfr.internal.FlightRecorderMXBeanProvider$SingleMBeanComponent (jdk.management.jfr@15.0.1)
1536:             1             24  org.acme.GreetingResource_Bean
1537:             1             24  org.jboss.logmanager.LogContext
1538:             1             24  org.jboss.logmanager.handlers.ConsoleHandler$1
1539:             1             24  org.jboss.logmanager.handlers.UncloseableWriter
1540:             1             24  org.jboss.resteasy.core.AcceptHeaderByFileSuffixFilter
1541:             1             24  org.jboss.resteasy.core.registry.MatchCache
1542:             1             24  org.jboss.resteasy.core.registry.RootClassNode
1543:             1             24  org.jboss.resteasy.core.registry.SegmentNode$Match
1544:             1             24  org.jboss.threads.EnhancedQueueExecutor$TaskNode
1545:             1             24  org.jboss.threads.EnhancedQueueExecutor$ThreadBody
1546:             1             24  org.jboss.threads.JBossThreadFactory$ThreadCreateAction
1547:             1             24  org.jboss.threads.Waiter
1548:             1             24  org.slf4j.helpers.SubstituteLoggerFactory
1549:             1             24  org.wildfly.common.format.Printf
1550:             1             24  sun.management.RuntimeImpl (java.management@15.0.1)
1551:             1             24  sun.management.VMManagementImpl (java.management@15.0.1)
1552:             1             24  sun.net.sdp.SdpProvider (java.base@15.0.1)
1553:             1             24  sun.nio.ch.NativeThreadSet (java.base@15.0.1)
1554:             1             24  sun.nio.ch.Util$BufferCache (java.base@15.0.1)
1555:             1             24  sun.nio.cs.ISO_8859_1 (java.base@15.0.1)
1556:             1             24  sun.nio.cs.StandardCharsets (java.base@15.0.1)
1557:             1             24  sun.nio.cs.US_ASCII (java.base@15.0.1)
1558:             1             24  sun.nio.cs.UTF_16 (java.base@15.0.1)
1559:             1             24  sun.nio.cs.UTF_16BE (java.base@15.0.1)
1560:             1             24  sun.nio.cs.UTF_16LE (java.base@15.0.1)
1561:             1             24  sun.nio.cs.UTF_8 (java.base@15.0.1)
1562:             1             24  sun.security.jca.GetInstance$Instance (java.base@15.0.1)
1563:             1             24  sun.util.cldr.CLDRCalendarDataProviderImpl (java.base@15.0.1)
1564:             1             24  sun.util.locale.BaseLocale$Cache (java.base@15.0.1)
1565:             1             24  sun.util.locale.provider.CalendarProviderImpl (java.base@15.0.1)
1566:             1             24  sun.util.locale.provider.DateFormatSymbolsProviderImpl (java.base@15.0.1)
1567:             1             24  sun.util.locale.provider.DecimalFormatSymbolsProviderImpl (java.base@15.0.1)
1568:             1             24  sun.util.locale.provider.LocaleServiceProviderPool (java.base@15.0.1)
1569:             1             24  sun.util.locale.provider.NumberFormatProviderImpl (java.base@15.0.1)
1570:             1             16  [Lio.netty.util.AsciiString;
1571:             1             16  [Lio.smallrye.common.expression.Node;
1572:             1             16  [Ljava.lang.Throwable; (java.base@15.0.1)
1573:             1             16  [Ljava.lang.constant.ClassDesc; (java.base@15.0.1)
1574:             1             16  [Ljava.security.CodeSigner; (java.base@15.0.1)
1575:             1             16  [Ljava.security.Provider; (java.base@15.0.1)
1576:             1             16  [Ljava.security.cert.X509Certificate; (java.base@15.0.1)
1577:             1             16  [Ljava.text.FieldPosition; (java.base@15.0.1)
1578:             1             16  [Ljavax.security.cert.X509Certificate; (java.base@15.0.1)
1579:             1             16  [Ljavax.ws.rs.ext.WriterInterceptor;
1580:             1             16  [Lsun.util.calendar.ZoneInfoFile$ZoneOffsetTransitionRule; (java.base@15.0.1)
1581:             1             16  com.sun.management.internal.PlatformMBeanProviderImpl (jdk.management@15.0.1)
1582:             1             16  com.sun.management.internal.PlatformMBeanProviderImpl$$Lambda$86/0x0000000800b799d0 (jdk.management@15.0.1)
1583:             1             16  com.sun.proxy.$Proxy10
1584:             1             16  com.sun.proxy.$Proxy11
1585:             1             16  com.sun.proxy.$Proxy12
1586:             1             16  com.sun.proxy.$Proxy14
1587:             1             16  com.sun.proxy.$Proxy15
1588:             1             16  com.sun.proxy.$Proxy16
1589:             1             16  com.sun.proxy.$Proxy18
1590:             1             16  io.netty.bootstrap.ServerBootstrapConfig
1591:             1             16  io.netty.buffer.AbstractReferenceCountedByteBuf$1
1592:             1             16  io.netty.buffer.ByteBufUtil$1
1593:             1             16  io.netty.buffer.ByteBufUtil$2
1594:             1             16  io.netty.buffer.PoolThreadCache$MemoryRegionCache$1
1595:             1             16  io.netty.buffer.PooledUnsafeDirectByteBuf$1
1596:             1             16  io.netty.channel.AbstractChannel$AbstractUnsafe$2
1597:             1             16  io.netty.channel.ChannelFutureListener$1
1598:             1             16  io.netty.channel.ChannelFutureListener$2
1599:             1             16  io.netty.channel.ChannelFutureListener$3
1600:             1             16  io.netty.channel.ChannelHandlerMask$1
1601:             1             16  io.netty.channel.ChannelOutboundBuffer$1
1602:             1             16  io.netty.channel.ChannelOutboundBuffer$Entry$1
1603:             1             16  io.netty.channel.DefaultChannelPipeline$1
1604:             1             16  io.netty.channel.DefaultMessageSizeEstimator
1605:             1             16  io.netty.channel.DefaultMessageSizeEstimator$HandleImpl
1606:             1             16  io.netty.channel.DefaultSelectStrategy
1607:             1             16  io.netty.channel.DefaultSelectStrategyFactory
1608:             1             16  io.netty.channel.group.DefaultChannelGroup$1
1609:             1             16  io.netty.channel.group.VoidChannelGroupFuture
1610:             1             16  io.netty.channel.nio.NioEventLoop$2
1611:             1             16  io.netty.handler.codec.ByteToMessageDecoder$1
1612:             1             16  io.netty.handler.codec.ByteToMessageDecoder$2
1613:             1             16  io.netty.handler.codec.CodecOutputList$1
1614:             1             16  io.netty.handler.codec.CodecOutputList$2
1615:             1             16  io.netty.handler.codec.http.EmptyHttpHeaders
1616:             1             16  io.netty.handler.codec.http.LastHttpContent$1
1617:             1             16  io.netty.handler.codec.http.websocketx.extensions.WebSocketExtensionFilterProvider$1
1618:             1             16  io.netty.util.AsciiString$1
1619:             1             16  io.netty.util.AsciiString$2
1620:             1             16  io.netty.util.NetUtil$1
1621:             1             16  io.netty.util.NettyRuntime$AvailableProcessorsHolder
1622:             1             16  io.netty.util.Recycler$1
1623:             1             16  io.netty.util.Recycler$3
1624:             1             16  io.netty.util.concurrent.AbstractScheduledEventExecutor$1
1625:             1             16  io.netty.util.concurrent.AbstractScheduledEventExecutor$2
1626:             1             16  io.netty.util.concurrent.DefaultEventExecutorChooserFactory
1627:             1             16  io.netty.util.concurrent.DefaultPromise$CauseHolder
1628:             1             16  io.netty.util.concurrent.FastThreadLocal
1629:             1             16  io.netty.util.concurrent.GlobalEventExecutor$1
1630:             1             16  io.netty.util.concurrent.GlobalEventExecutor$TaskRunner
1631:             1             16  io.netty.util.concurrent.RejectedExecutionHandlers$1
1632:             1             16  io.netty.util.concurrent.SingleThreadEventExecutor$1
1633:             1             16  io.netty.util.internal.CleanerJava9
1634:             1             16  io.netty.util.internal.CleanerJava9$1
1635:             1             16  io.netty.util.internal.PlatformDependent$1
1636:             1             16  io.netty.util.internal.PlatformDependent$2
1637:             1             16  io.netty.util.internal.PlatformDependent$Mpsc$1
1638:             1             16  io.netty.util.internal.PlatformDependent0$1
1639:             1             16  io.netty.util.internal.PlatformDependent0$2
1640:             1             16  io.netty.util.internal.PlatformDependent0$4
1641:             1             16  io.netty.util.internal.PlatformDependent0$5
1642:             1             16  io.netty.util.internal.PlatformDependent0$6
1643:             1             16  io.netty.util.internal.SocketUtils$7
1644:             1             16  io.netty.util.internal.SocketUtils$8
1645:             1             16  io.netty.util.internal.TypeParameterMatcher$1
1646:             1             16  io.quarkus.arc.impl.ApplicationContext
1647:             1             16  io.quarkus.arc.impl.ArcCDIProvider
1648:             1             16  io.quarkus.arc.impl.ArcCDIProvider$ArcCDI
1649:             1             16  io.quarkus.arc.impl.ArcContainerImpl$$Lambda$62/0x0000000800be6648
1650:             1             16  io.quarkus.arc.impl.ArcContainerImpl$$Lambda$63/0x0000000800be6af0
1651:             1             16  io.quarkus.arc.impl.ArcContainerImpl$$Lambda$64/0x0000000800be6d38
1652:             1             16  io.quarkus.arc.impl.ArcContainerImpl$$Lambda$65/0x0000000800be6f80
1653:             1             16  io.quarkus.arc.impl.BeanManagerBean
1654:             1             16  io.quarkus.arc.impl.BeanManagerImpl
1655:             1             16  io.quarkus.arc.impl.BeanManagerImpl$$Lambda$74/0x0000000800bebb50
1656:             1             16  io.quarkus.arc.impl.ClientProxies$$Lambda$180/0x0000000800d1cf50
1657:             1             16  io.quarkus.arc.impl.EventBean
1658:             1             16  io.quarkus.arc.impl.EventImpl$ObserverExceptionHandler$$Lambda$73/0x0000000800beabe0
1659:             1             16  io.quarkus.arc.impl.GenericArrayTypeImpl
1660:             1             16  io.quarkus.arc.impl.InstanceBean
1661:             1             16  io.quarkus.arc.impl.Reflections$1
1662:             1             16  io.quarkus.arc.impl.Reflections$2
1663:             1             16  io.quarkus.arc.impl.RequestContext$$Lambda$58/0x0000000800bd6118
1664:             1             16  io.quarkus.arc.impl.RequestContext$$Lambda$59/0x0000000800bd6338
1665:             1             16  io.quarkus.arc.impl.RequestContext$$Lambda$60/0x0000000800bd6558
1666:             1             16  io.quarkus.arc.impl.SingletonContext
1667:             1             16  io.quarkus.arc.runtime.ArcRecorder$1
1668:             1             16  io.quarkus.arc.runtime.BeanContainerImpl
1669:             1             16  io.quarkus.arc.runtime.ClientProxyUnwrapper
1670:             1             16  io.quarkus.bootstrap.logging.InitialConfigurator
1671:             1             16  io.quarkus.deployment.steps.ArcProcessor$setupExecutor-1831044820
1672:             1             16  io.quarkus.deployment.steps.BannerProcessor$recordBanner-1279842229
1673:             1             16  io.quarkus.deployment.steps.BootstrapConfigSetup
1674:             1             16  io.quarkus.deployment.steps.ConfigBuildStep$registerConfigMappings510524965
1675:             1             16  io.quarkus.deployment.steps.ConfigBuildStep$validateConfigProperties1249763973
1676:             1             16  io.quarkus.deployment.steps.ConfigGenerationBuildStep$checkForBuildTimeConfigChange-1552292536
1677:             1             16  io.quarkus.deployment.steps.HttpSecurityProcessor$initBasicAuth583370107
1678:             1             16  io.quarkus.deployment.steps.LifecycleEventsBuildStep$startupEvent-858218658
1679:             1             16  io.quarkus.deployment.steps.LoggingResourceProcessor$setupLoggingRuntimeInit1765975849
1680:             1             16  io.quarkus.deployment.steps.NettyProcessor$eagerlyInitClass-1832577802
1681:             1             16  io.quarkus.deployment.steps.ResteasyStandaloneBuildStep$boot1173861480
1682:             1             16  io.quarkus.deployment.steps.ResteasyStandaloneBuildStep$staticInit-210558872
1683:             1             16  io.quarkus.deployment.steps.RuntimeConfigSetup
1684:             1             16  io.quarkus.deployment.steps.ShutdownListenerBuildStep$setupShutdown24485890
1685:             1             16  io.quarkus.deployment.steps.StaticResourcesProcessor$runtimeInit1493424519
1686:             1             16  io.quarkus.deployment.steps.SyntheticBeansProcessor$initRuntime-975230615
1687:             1             16  io.quarkus.deployment.steps.ThreadPoolSetup$createExecutor-168269452
1688:             1             16  io.quarkus.deployment.steps.VertxCoreProcessor$build-956362597
1689:             1             16  io.quarkus.deployment.steps.VertxCoreProcessor$eventLoopCount1012482323
1690:             1             16  io.quarkus.deployment.steps.VertxHttpProcessor$bodyHandler1204734842
1691:             1             16  io.quarkus.deployment.steps.VertxHttpProcessor$cors-1956812358
1692:             1             16  io.quarkus.deployment.steps.VertxHttpProcessor$finalizeRouter400769275
1693:             1             16  io.quarkus.deployment.steps.VertxHttpProcessor$initializeRouter-94272330
1694:             1             16  io.quarkus.deployment.steps.VertxHttpProcessor$openSocket-2064782366
1695:             1             16  io.quarkus.netty.runtime.NettyRecorder
1696:             1             16  io.quarkus.netty.runtime.NettyRecorder$1
1697:             1             16  io.quarkus.resteasy.common.runtime.ResteasyInjectorFactoryRecorder
1698:             1             16  io.quarkus.resteasy.runtime.AuthenticationCompletionExceptionMapper
1699:             1             16  io.quarkus.resteasy.runtime.AuthenticationFailedExceptionMapper
1700:             1             16  io.quarkus.resteasy.runtime.AuthenticationRedirectExceptionMapper
1701:             1             16  io.quarkus.resteasy.runtime.CompositeExceptionMapper
1702:             1             16  io.quarkus.resteasy.runtime.ForbiddenExceptionMapper
1703:             1             16  io.quarkus.resteasy.runtime.JaxRsSecurityConfig
1704:             1             16  io.quarkus.resteasy.runtime.ResteasyVertxConfig
1705:             1             16  io.quarkus.resteasy.runtime.UnauthorizedExceptionMapper
1706:             1             16  io.quarkus.resteasy.runtime.standalone.ResteasyStandaloneRecorder$1
1707:             1             16  io.quarkus.resteasy.runtime.standalone.ResteasyStandaloneRecorder$ResteasyVertxAllocator
1708:             1             16  io.quarkus.runtime.ApplicationLifecycleManager$1
1709:             1             16  io.quarkus.runtime.BannerRecorder
1710:             1             16  io.quarkus.runtime.BannerRecorder$ConstantSupplier
1711:             1             16  io.quarkus.runtime.BannerRuntimeConfig
1712:             1             16  io.quarkus.runtime.CommandLineRuntimeConfig
1713:             1             16  io.quarkus.runtime.ExecutorRecorder
1714:             1             16  io.quarkus.runtime.StartupContext$1
1715:             1             16  io.quarkus.runtime.StartupContext$2
1716:             1             16  io.quarkus.runtime.StartupEvent
1717:             1             16  io.quarkus.runtime.TlsConfig
1718:             1             16  io.quarkus.runtime.TopLevelRootConfig
1719:             1             16  io.quarkus.runtime.configuration.ConfigChangeRecorder
1720:             1             16  io.quarkus.runtime.configuration.ConfigUtils$$Lambda$44/0x0000000800bc2f68
1721:             1             16  io.quarkus.runtime.configuration.ConfigUtils$$Lambda$51/0x0000000800bc60f8
1722:             1             16  io.quarkus.runtime.configuration.ConfigurationRuntimeConfig
1723:             1             16  io.quarkus.runtime.configuration.TrimmedStringConverter
1724:             1             16  io.quarkus.runtime.generated.BuildTimeRunTimeDefaultValuesConfigSource
1725:             1             16  io.quarkus.runtime.generated.Config
1726:             1             16  io.quarkus.runtime.generated.ConfigSourceProviderImpl
1727:             1             16  io.quarkus.runtime.generated.RunTimeDefaultValuesConfigSource
1728:             1             16  io.quarkus.runtime.logging.InheritableLevel$ActualLevel
1729:             1             16  io.quarkus.runtime.logging.LogCleanupFilter
1730:             1             16  io.quarkus.runtime.logging.LoggingSetupRecorder
1731:             1             16  io.quarkus.runtime.logging.LoggingSetupRecorder$$Lambda$107/0x0000000800c52258
1732:             1             16  io.quarkus.runtime.logging.LoggingSetupRecorder$$Lambda$108/0x0000000800c52498
1733:             1             16  io.quarkus.runtime.logging.LoggingSetupRecorder$$Lambda$109/0x0000000800c526d8
1734:             1             16  io.quarkus.runtime.logging.LoggingSetupRecorder$$Lambda$110/0x0000000800c52918
1735:             1             16  io.quarkus.runtime.logging.LoggingSetupRecorder$$Lambda$115/0x0000000800c52b58
1736:             1             16  io.quarkus.runtime.logging.LoggingSetupRecorder$$Lambda$116/0x0000000800c52fc0
1737:             1             16  io.quarkus.runtime.shutdown.ShutdownConfig
1738:             1             16  io.quarkus.runtime.shutdown.ShutdownRecorder
1739:             1             16  io.quarkus.vertx.core.runtime.VertxCoreRecorder$$Lambda$122/0x0000000800c5b248
1740:             1             16  io.quarkus.vertx.core.runtime.VertxCoreRecorder$1
1741:             1             16  io.quarkus.vertx.core.runtime.VertxCoreRecorder$5
1742:             1             16  io.quarkus.vertx.core.runtime.VertxCoreRecorder$7
1743:             1             16  io.quarkus.vertx.core.runtime.VertxCoreRecorder$8
1744:             1             16  io.quarkus.vertx.core.runtime.VertxCoreRecorder$9
1745:             1             16  io.quarkus.vertx.core.runtime.VertxCoreRecorder$VertxOptionsCustomizer
1746:             1             16  io.quarkus.vertx.http.runtime.HttpHostConfigSource
1747:             1             16  io.quarkus.vertx.http.runtime.QuarkusErrorHandler
1748:             1             16  io.quarkus.vertx.http.runtime.RouterProducer
1749:             1             16  io.quarkus.vertx.http.runtime.RouterProducer_Bean
1750:             1             16  io.quarkus.vertx.http.runtime.StaticResourcesRecorder
1751:             1             16  io.quarkus.vertx.http.runtime.StaticResourcesRecorder$$Lambda$121/0x0000000800c58498
1752:             1             16  io.quarkus.vertx.http.runtime.VertxHttpRecorder$1
1753:             1             16  io.quarkus.vertx.http.runtime.VertxHttpRecorder$12
1754:             1             16  io.quarkus.vertx.http.runtime.cors.CORSRecorder
1755:             1             16  io.quarkus.vertx.http.runtime.filters.Filters
1756:             1             16  io.quarkus.vertx.http.runtime.filters.GracefulShutdownFilter$1
1757:             1             16  io.quarkus.vertx.http.runtime.security.HttpSecurityRecorder
1758:             1             16  io.quarkus.vertx.http.runtime.security.HttpSecurityRecorder$1
1759:             1             16  io.smallrye.common.expression.Node$1
1760:             1             16  io.smallrye.common.function.Functions$DiscardingBiConsumer
1761:             1             16  io.smallrye.config.AbstractLocationConfigSourceLoader$URIConverter
1762:             1             16  io.smallrye.config.ConfigSourceInterceptor$1
1763:             1             16  io.smallrye.config.ConfigValueConverter
1764:             1             16  io.smallrye.config.ConfigurableConfigSource
1765:             1             16  io.smallrye.config.Converters$$Lambda$17/0x0000000800baeaf0
1766:             1             16  io.smallrye.config.Converters$$Lambda$18/0x0000000800baf810
1767:             1             16  io.smallrye.config.Converters$$Lambda$19/0x0000000800bafc70
1768:             1             16  io.smallrye.config.Converters$$Lambda$20/0x0000000800bb8040
1769:             1             16  io.smallrye.config.Converters$$Lambda$21/0x0000000800bb8260
1770:             1             16  io.smallrye.config.Converters$$Lambda$22/0x0000000800bb8480
1771:             1             16  io.smallrye.config.Converters$$Lambda$23/0x0000000800bb86a0
1772:             1             16  io.smallrye.config.Converters$$Lambda$24/0x0000000800bb8f68
1773:             1             16  io.smallrye.config.Converters$$Lambda$25/0x0000000800bb9188
1774:             1             16  io.smallrye.config.Converters$$Lambda$26/0x0000000800bb93a8
1775:             1             16  io.smallrye.config.Converters$$Lambda$27/0x0000000800bb95c8
1776:             1             16  io.smallrye.config.Converters$$Lambda$28/0x0000000800bb97e8
1777:             1             16  io.smallrye.config.Converters$$Lambda$29/0x0000000800bb9a08
1778:             1             16  io.smallrye.config.Converters$$Lambda$30/0x0000000800bb9c28
1779:             1             16  io.smallrye.config.Converters$OptionalDoubleConverter
1780:             1             16  io.smallrye.config.Converters$OptionalIntConverter
1781:             1             16  io.smallrye.config.Converters$OptionalLongConverter
1782:             1             16  io.smallrye.config.EnvConfigSource$$Lambda$33/0x0000000800bbcc10
1783:             1             16  io.smallrye.config.ImplicitConverters$ConstructorConverter
1784:             1             16  io.smallrye.config.KeyMap$1
1785:             1             16  io.smallrye.config.ProfileConfigSourceInterceptor$$Lambda$16/0x0000000800bae450
1786:             1             16  io.smallrye.config.ProfileConfigSourceInterceptor$$Lambda$31/0x0000000800bb9e48
1787:             1             16  io.smallrye.config.PropertiesLocationConfigSourceFactory
1788:             1             16  io.smallrye.config.SmallRyeConfig$ConfigSources$$Lambda$41/0x0000000800bbf988
1789:             1             16  io.smallrye.config.SmallRyeConfigBuilder$1
1790:             1             16  io.smallrye.config.SysPropConfigSource$$Lambda$34/0x0000000800bbd0a0
1791:             1             16  io.vertx.core.buffer.impl.BufferFactoryImpl
1792:             1             16  io.vertx.core.buffer.impl.BufferImpl
1793:             1             16  io.vertx.core.eventbus.impl.codecs.BooleanMessageCodec
1794:             1             16  io.vertx.core.eventbus.impl.codecs.BufferMessageCodec
1795:             1             16  io.vertx.core.eventbus.impl.codecs.ByteArrayMessageCodec
1796:             1             16  io.vertx.core.eventbus.impl.codecs.ByteMessageCodec
1797:             1             16  io.vertx.core.eventbus.impl.codecs.CharMessageCodec
1798:             1             16  io.vertx.core.eventbus.impl.codecs.DoubleMessageCodec
1799:             1             16  io.vertx.core.eventbus.impl.codecs.FloatMessageCodec
1800:             1             16  io.vertx.core.eventbus.impl.codecs.IntMessageCodec
1801:             1             16  io.vertx.core.eventbus.impl.codecs.JsonArrayMessageCodec
1802:             1             16  io.vertx.core.eventbus.impl.codecs.JsonObjectMessageCodec
1803:             1             16  io.vertx.core.eventbus.impl.codecs.LongMessageCodec
1804:             1             16  io.vertx.core.eventbus.impl.codecs.NullMessageCodec
1805:             1             16  io.vertx.core.eventbus.impl.codecs.PingMessageCodec
1806:             1             16  io.vertx.core.eventbus.impl.codecs.ReplyExceptionMessageCodec
1807:             1             16  io.vertx.core.eventbus.impl.codecs.ShortMessageCodec
1808:             1             16  io.vertx.core.eventbus.impl.codecs.StringMessageCodec
1809:             1             16  io.vertx.core.file.CopyOptions
1810:             1             16  io.vertx.core.file.impl.FileResolver$$Lambda$125/0x0000000800c7d168
1811:             1             16  io.vertx.core.file.impl.FileResolver$$Lambda$127/0x0000000800c7d3b8
1812:             1             16  io.vertx.core.file.impl.FileSystemImpl
1813:             1             16  io.vertx.core.http.impl.HttpServerImpl$$Lambda$135/0x0000000800c994b8
1814:             1             16  io.vertx.core.http.impl.HttpServerImpl$$Lambda$152/0x0000000800cbf708
1815:             1             16  io.vertx.core.http.impl.HttpServerImpl$$Lambda$153/0x0000000800cbf950
1816:             1             16  io.vertx.core.http.impl.HttpUtils$$Lambda$173/0x0000000800d09ef8
1817:             1             16  io.vertx.core.impl.ConcurrentHashSet
1818:             1             16  io.vertx.core.impl.ContextImpl$1
1819:             1             16  io.vertx.core.impl.DeploymentManager$$Lambda$128/0x0000000800c7ece0
1820:             1             16  io.vertx.core.impl.FutureFactoryImpl
1821:             1             16  io.vertx.core.impl.JavaVerticleFactory
1822:             1             16  io.vertx.core.impl.VertxFactoryImpl
1823:             1             16  io.vertx.core.impl.VertxImpl$$Lambda$129/0x0000000800c8b958
1824:             1             16  io.vertx.core.impl.resolver.DefaultResolverProvider
1825:             1             16  io.vertx.core.logging.JULLogDelegateFactory
1826:             1             16  io.vertx.core.net.impl.PartialPooledByteBufAllocator
1827:             1             16  io.vertx.core.net.impl.PartialPooledByteBufAllocator$ForceDirectPoooledByteBufAllocator
1828:             1             16  io.vertx.core.net.impl.VertxHandler$$Lambda$175/0x0000000800d0c670
1829:             1             16  io.vertx.core.net.impl.transport.Transport
1830:             1             16  io.vertx.core.net.impl.transport.Transport$$Lambda$154/0x0000000800cc3758
1831:             1             16  io.vertx.core.shareddata.impl.LocalAsyncLocks
1832:             1             16  io.vertx.ext.web.impl.RouterState$$Lambda$130/0x0000000800c8ec30
1833:             1             16  java.io.Console$2 (java.base@15.0.1)
1834:             1             16  java.io.FileDescriptor$1 (java.base@15.0.1)
1835:             1             16  java.io.FilePermission$1 (java.base@15.0.1)
1836:             1             16  java.io.RandomAccessFile$2 (java.base@15.0.1)
1837:             1             16  java.lang.ApplicationShutdownHooks$1 (java.base@15.0.1)
1838:             1             16  java.lang.CharacterData00 (java.base@15.0.1)
1839:             1             16  java.lang.CharacterDataLatin1 (java.base@15.0.1)
1840:             1             16  java.lang.Class$$Lambda$46/0x0000000800b652c0 (java.base@15.0.1)
1841:             1             16  java.lang.InheritableThreadLocal (java.base@15.0.1)
1842:             1             16  java.lang.ProcessEnvironment$StringKeySet (java.base@15.0.1)
1843:             1             16  java.lang.ProcessHandleImpl$$Lambda$10/0x0000000800b53488 (java.base@15.0.1)
1844:             1             16  java.lang.Runtime (java.base@15.0.1)
1845:             1             16  java.lang.String$CaseInsensitiveComparator (java.base@15.0.1)
1846:             1             16  java.lang.StringCoding$1 (java.base@15.0.1)
1847:             1             16  java.lang.System$2 (java.base@15.0.1)
1848:             1             16  java.lang.Terminator$1 (java.base@15.0.1)
1849:             1             16  java.lang.invoke.ClassSpecializer$1 (java.base@15.0.1)
1850:             1             16  java.lang.invoke.MemberName$Factory (java.base@15.0.1)
1851:             1             16  java.lang.invoke.MethodHandleImpl$1 (java.base@15.0.1)
1852:             1             16  java.lang.invoke.StringConcatFactory$1 (java.base@15.0.1)
1853:             1             16  java.lang.invoke.StringConcatFactory$2 (java.base@15.0.1)
1854:             1             16  java.lang.invoke.StringConcatFactory$3 (java.base@15.0.1)
1855:             1             16  java.lang.invoke.VarHandle$1 (java.base@15.0.1)
1856:             1             16  java.lang.management.DefaultPlatformMBeanProvider (java.management@15.0.1)
1857:             1             16  java.lang.management.ManagementFactory$$Lambda$81/0x0000000800b76690 (java.management@15.0.1)
1858:             1             16  java.lang.management.ManagementFactory$PlatformMBeanFinder$$Lambda$83/0x0000000800b78f00 (java.management@15.0.1)
1859:             1             16  java.lang.management.ManagementFactory$PlatformMBeanFinder$$Lambda$84/0x0000000800b79330 (java.management@15.0.1)
1860:             1             16  java.lang.management.ManagementFactory$PlatformMBeanFinder$$Lambda$91/0x0000000800b7f7f8 (java.management@15.0.1)
1861:             1             16  java.lang.management.ManagementFactory$PlatformMBeanFinder$$Lambda$92/0x0000000800b7fa38 (java.management@15.0.1)
1862:             1             16  java.lang.management.ManagementFactory$PlatformMBeanFinder$$Lambda$94/0x0000000800b80d30 (java.management@15.0.1)
1863:             1             16  java.lang.management.ManagementFactory$PlatformMBeanFinder$$Lambda$98/0x0000000800b81a10 (java.management@15.0.1)
1864:             1             16  java.lang.management.ManagementFactory$PlatformMBeanFinder$$Lambda$99/0x0000000800b81c50 (java.management@15.0.1)
1865:             1             16  java.lang.module.ModuleDescriptor$1 (java.base@15.0.1)
1866:             1             16  java.lang.ref.Cleaner (java.base@15.0.1)
1867:             1             16  java.lang.ref.Cleaner$1 (java.base@15.0.1)
1868:             1             16  java.lang.ref.Reference$1 (java.base@15.0.1)
1869:             1             16  java.lang.reflect.Proxy$$Lambda$35/0x0000000800b5e0b8 (java.base@15.0.1)
1870:             1             16  java.lang.reflect.ProxyGenerator$$Lambda$37/0x0000000800b5f8f8 (java.base@15.0.1)
1871:             1             16  java.lang.reflect.ProxyGenerator$$Lambda$38/0x0000000800b5fb38 (java.base@15.0.1)
1872:             1             16  java.lang.reflect.ReflectAccess (java.base@15.0.1)
1873:             1             16  java.math.BigDecimal$1 (java.base@15.0.1)
1874:             1             16  java.net.InetAddress$1 (java.base@15.0.1)
1875:             1             16  java.net.InetAddress$PlatformNameService (java.base@15.0.1)
1876:             1             16  java.net.SocketImpl$$Lambda$162/0x0000000800cd12a8 (java.base@15.0.1)
1877:             1             16  java.net.URI$1 (java.base@15.0.1)
1878:             1             16  java.net.URL$3 (java.base@15.0.1)
1879:             1             16  java.net.URL$DefaultFactory (java.base@15.0.1)
1880:             1             16  java.nio.Bits$1 (java.base@15.0.1)
1881:             1             16  java.nio.Buffer$1 (java.base@15.0.1)
1882:             1             16  java.nio.channels.spi.SelectorProvider$Holder$$Lambda$123/0x0000000800b8ec70 (java.base@15.0.1)
1883:             1             16  java.security.AllPermission (java.base@15.0.1)
1884:             1             16  java.security.ProtectionDomain$JavaSecurityAccessImpl (java.base@15.0.1)
1885:             1             16  java.text.DecimalFormatSymbols$$Lambda$85/0x0000000800b79780 (java.base@15.0.1)
1886:             1             16  java.text.DontCareFieldPosition$1 (java.base@15.0.1)
1887:             1             16  java.util.Collections$EmptyEnumeration (java.base@15.0.1)
1888:             1             16  java.util.Collections$EmptyIterator (java.base@15.0.1)
1889:             1             16  java.util.Collections$EmptyList (java.base@15.0.1)
1890:             1             16  java.util.Collections$EmptySet (java.base@15.0.1)
1891:             1             16  java.util.Collections$ReverseComparator (java.base@15.0.1)
1892:             1             16  java.util.Comparator$$Lambda$42/0x0000000800b610b0 (java.base@15.0.1)
1893:             1             16  java.util.EnumMap$1 (java.base@15.0.1)
1894:             1             16  java.util.Locale$Builder (java.base@15.0.1)
1895:             1             16  java.util.ResourceBundle$1 (java.base@15.0.1)
1896:             1             16  java.util.ResourceBundle$Control (java.base@15.0.1)
1897:             1             16  java.util.Spliterators$EmptySpliterator$OfDouble (java.base@15.0.1)
1898:             1             16  java.util.Spliterators$EmptySpliterator$OfInt (java.base@15.0.1)
1899:             1             16  java.util.Spliterators$EmptySpliterator$OfLong (java.base@15.0.1)
1900:             1             16  java.util.Spliterators$EmptySpliterator$OfRef (java.base@15.0.1)
1901:             1             16  java.util.Timer$1 (java.base@15.0.1)
1902:             1             16  java.util.TreeMap$EntrySpliterator$$Lambda$114/0x0000000800b873e0 (java.base@15.0.1)
1903:             1             16  java.util.TreeMap$Values (java.base@15.0.1)
1904:             1             16  java.util.WeakHashMap$EntrySet (java.base@15.0.1)
1905:             1             16  java.util.concurrent.CompletableFuture$AltResult (java.base@15.0.1)
1906:             1             16  java.util.concurrent.ConcurrentSkipListMap$KeySet (java.base@15.0.1)
1907:             1             16  java.util.concurrent.ConcurrentSkipListSet (java.base@15.0.1)
1908:             1             16  java.util.concurrent.ForkJoinPool$1 (java.base@15.0.1)
1909:             1             16  java.util.concurrent.ForkJoinPool$DefaultForkJoinWorkerThreadFactory (java.base@15.0.1)
1910:             1             16  java.util.concurrent.SynchronousQueue$TransferStack (java.base@15.0.1)
1911:             1             16  java.util.concurrent.ThreadPoolExecutor$CallerRunsPolicy (java.base@15.0.1)
1912:             1             16  java.util.concurrent.ThreadPoolExecutor$DiscardOldestPolicy (java.base@15.0.1)
1913:             1             16  java.util.concurrent.ThreadPoolExecutor$DiscardPolicy (java.base@15.0.1)
1914:             1             16  java.util.function.Function$$Lambda$93/0x0000000800b7fed8 (java.base@15.0.1)
1915:             1             16  java.util.function.UnaryOperator$$Lambda$12/0x0000000800b55d78 (java.base@15.0.1)
1916:             1             16  java.util.jar.JavaUtilJarAccessImpl (java.base@15.0.1)
1917:             1             16  java.util.logging.ErrorManager (java.logging@15.0.1)
1918:             1             16  java.util.logging.Level$KnownLevel$$Lambda$2/0x0000000800b45470 (java.logging@15.0.1)
1919:             1             16  java.util.logging.Level$KnownLevel$$Lambda$3/0x0000000800b45aa0 (java.logging@15.0.1)
1920:             1             16  java.util.logging.Level$KnownLevel$$Lambda$7/0x0000000800b4e908 (java.logging@15.0.1)
1921:             1             16  java.util.logging.LogManager$LoggingProviderAccess (java.logging@15.0.1)
1922:             1             16  java.util.regex.CharPredicates$$Lambda$77/0x0000000800b70f18 (java.base@15.0.1)
1923:             1             16  java.util.regex.CharPredicates$$Lambda$78/0x0000000800b711a0 (java.base@15.0.1)
1924:             1             16  java.util.regex.CharPredicates$$Lambda$8/0x0000000800b526e8 (java.base@15.0.1)
1925:             1             16  java.util.regex.Pattern$$Lambda$32/0x0000000800b588d0 (java.base@15.0.1)
1926:             1             16  java.util.regex.Pattern$LastNode (java.base@15.0.1)
1927:             1             16  java.util.regex.Pattern$Node (java.base@15.0.1)
1928:             1             16  java.util.stream.Collectors$$Lambda$104/0x0000000800b837f0 (java.base@15.0.1)
1929:             1             16  java.util.stream.Collectors$$Lambda$105/0x0000000800b83c08 (java.base@15.0.1)
1930:             1             16  java.util.stream.Collectors$$Lambda$106/0x0000000800b83e38 (java.base@15.0.1)
1931:             1             16  java.util.stream.Collectors$$Lambda$111/0x0000000800b864f8 (java.base@15.0.1)
1932:             1             16  java.util.stream.Collectors$$Lambda$113/0x0000000800b86950 (java.base@15.0.1)
1933:             1             16  java.util.stream.Collectors$$Lambda$48/0x0000000800b65b18 (java.base@15.0.1)
1934:             1             16  java.util.stream.Collectors$$Lambda$49/0x0000000800b65d48 (java.base@15.0.1)
1935:             1             16  java.util.stream.Collectors$$Lambda$50/0x0000000800b65f90 (java.base@15.0.1)
1936:             1             16  java.util.stream.Collectors$$Lambda$69/0x0000000800b6c1c0 (java.base@15.0.1)
1937:             1             16  java.util.stream.Collectors$$Lambda$70/0x0000000800b6c3e0 (java.base@15.0.1)
1938:             1             16  java.util.stream.Collectors$$Lambda$71/0x0000000800b6c610 (java.base@15.0.1)
1939:             1             16  java.util.stream.Collectors$$Lambda$72/0x0000000800b6c858 (java.base@15.0.1)
1940:             1             16  java.util.stream.Collectors$$Lambda$95/0x0000000800b81368 (java.base@15.0.1)
1941:             1             16  java.util.stream.FindOps$FindSink$OfInt$$Lambda$87/0x0000000800b7a110 (java.base@15.0.1)
1942:             1             16  java.util.stream.FindOps$FindSink$OfInt$$Lambda$88/0x0000000800b7ae80 (java.base@15.0.1)
1943:             1             16  java.util.stream.FindOps$FindSink$OfInt$$Lambda$89/0x0000000800b7ba30 (java.base@15.0.1)
1944:             1             16  java.util.stream.FindOps$FindSink$OfInt$$Lambda$90/0x0000000800b7c408 (java.base@15.0.1)
1945:             1             16  java.util.stream.FindOps$FindSink$OfRef$$Lambda$117/0x0000000800b87a40 (java.base@15.0.1)
1946:             1             16  java.util.stream.FindOps$FindSink$OfRef$$Lambda$118/0x0000000800b87c90 (java.base@15.0.1)
1947:             1             16  java.util.stream.FindOps$FindSink$OfRef$$Lambda$119/0x0000000800b87eb0 (java.base@15.0.1)
1948:             1             16  java.util.stream.FindOps$FindSink$OfRef$$Lambda$120/0x0000000800b88100 (java.base@15.0.1)
1949:             1             16  java.util.zip.ZipFile$1 (java.base@15.0.1)
1950:             1             16  jdk.internal.jimage.ImageReaderFactory$1 (java.base@15.0.1)
1951:             1             16  jdk.internal.jimage.ImageStringsReader (java.base@15.0.1)
1952:             1             16  jdk.internal.jimage.decompressor.Decompressor (java.base@15.0.1)
1953:             1             16  jdk.internal.math.FloatingDecimal$1 (java.base@15.0.1)
1954:             1             16  jdk.internal.misc.TerminatingThreadLocal$1 (java.base@15.0.1)
1955:             1             16  jdk.internal.misc.Unsafe (java.base@15.0.1)
1956:             1             16  jdk.internal.module.ModuleLoaderMap$Mapper (java.base@15.0.1)
1957:             1             16  jdk.internal.module.ModulePatcher (java.base@15.0.1)
1958:             1             16  jdk.internal.module.ModuleTarget (java.base@15.0.1)
1959:             1             16  jdk.internal.perf.Perf (java.base@15.0.1)
1960:             1             16  jdk.internal.reflect.ClassDefiner$1 (java.base@15.0.1)
1961:             1             16  jdk.internal.reflect.GeneratedConstructorAccessor1
1962:             1             16  jdk.internal.reflect.GeneratedConstructorAccessor2
1963:             1             16  jdk.internal.reflect.GeneratedConstructorAccessor3 (java.base@15.0.1)
1964:             1             16  jdk.internal.reflect.GeneratedConstructorAccessor4
1965:             1             16  jdk.internal.reflect.GeneratedMethodAccessor1
1966:             1             16  jdk.internal.reflect.GeneratedMethodAccessor2
1967:             1             16  jdk.internal.reflect.Label (java.base@15.0.1)
1968:             1             16  jdk.internal.reflect.ReflectionFactory (java.base@15.0.1)
1969:             1             16  jdk.internal.util.Preconditions$1 (java.base@15.0.1)
1970:             1             16  jdk.management.jfr.internal.FlightRecorderMXBeanProvider (jdk.management.jfr@15.0.1)
1971:             1             16  jdk.net.ExtendedSocketOptions$PlatformSocketOptions$1 (jdk.net@15.0.1)
1972:             1             16  jdk.net.LinuxSocketOptions (jdk.net@15.0.1)
1973:             1             16  org.acme.GreetingResource
1974:             1             16  org.jboss.logging.JBossLogManagerProvider
1975:             1             16  org.jboss.logmanager.EmbeddedConfigurator$1
1976:             1             16  org.jboss.logmanager.MDC$Holder
1977:             1             16  org.jboss.logmanager.NDC$Holder
1978:             1             16  org.jboss.logmanager.formatters.ColorMap
1979:             1             16  org.jboss.logmanager.formatters.FormatStep$1
1980:             1             16  org.jboss.logmanager.formatters.Formatters$1
1981:             1             16  org.jboss.logmanager.formatters.Formatters$20
1982:             1             16  org.jboss.resteasy.core.ContextParameterInjector$GenericDelegatingProxy
1983:             1             16  org.jboss.resteasy.core.InjectorFactoryImpl
1984:             1             16  org.jboss.resteasy.core.InternalDispatcher
1985:             1             16  org.jboss.resteasy.core.MediaTypeMap$TypedEntryComparator
1986:             1             16  org.jboss.resteasy.core.ResourceMethodInvoker$$Lambda$185/0x0000000800d28aa8
1987:             1             16  org.jboss.resteasy.core.ResourceMethodInvoker$1
1988:             1             16  org.jboss.resteasy.core.ResteasyContext$$Lambda$181/0x0000000800d240f0
1989:             1             16  org.jboss.resteasy.core.ServerResponseWriter$1
1990:             1             16  org.jboss.resteasy.plugins.delegates.CacheControlDelegate
1991:             1             16  org.jboss.resteasy.plugins.delegates.CookieHeaderDelegate
1992:             1             16  org.jboss.resteasy.plugins.delegates.DateDelegate
1993:             1             16  org.jboss.resteasy.plugins.delegates.EntityTagDelegate
1994:             1             16  org.jboss.resteasy.plugins.delegates.LinkDelegate
1995:             1             16  org.jboss.resteasy.plugins.delegates.LinkHeaderDelegate
1996:             1             16  org.jboss.resteasy.plugins.delegates.LocaleDelegate
1997:             1             16  org.jboss.resteasy.plugins.delegates.MediaTypeHeaderDelegate
1998:             1             16  org.jboss.resteasy.plugins.delegates.NewCookieHeaderDelegate
1999:             1             16  org.jboss.resteasy.plugins.delegates.UriHeaderDelegate
2000:             1             16  org.jboss.resteasy.plugins.interceptors.ClientContentEncodingAnnotationFeature
2001:             1             16  org.jboss.resteasy.plugins.interceptors.MessageSanitizerContainerResponseFilter
2002:             1             16  org.jboss.resteasy.plugins.interceptors.ServerContentEncodingAnnotationFeature
2003:             1             16  org.jboss.resteasy.plugins.providers.CompletionStageProvider
2004:             1             16  org.jboss.resteasy.plugins.providers.MultiValuedParamConverterProvider
2005:             1             16  org.jboss.resteasy.plugins.providers.ReactiveStreamProvider
2006:             1             16  org.jboss.resteasy.plugins.providers.sse.SseEventSinkInterceptor
2007:             1             16  org.jboss.resteasy.resteasy_jaxrs.i18n.LogMessages_$logger
2008:             1             16  org.jboss.resteasy.spi.interception.JaxrsInterceptorRegistry$DescendingPrecedenceComparator
2009:             1             16  org.jboss.resteasy.statistics.StatisticsControllerImpl$1
2010:             1             16  org.jboss.resteasy.tracing.RESTEasyTracingLogger$1
2011:             1             16  org.jboss.resteasy.util.CaseInsensitiveMap$CaseInsensitiveComparator
2012:             1             16  org.jboss.resteasy.util.MediaTypeHelper$MediaTypeComparator
2013:             1             16  org.jboss.threads.DiscardingExecutor
2014:             1             16  org.jboss.threads.EnhancedQueueExecutor$MXBeanImpl
2015:             1             16  org.jboss.threads.JBossExecutors$2
2016:             1             16  org.jboss.threads.JBossExecutors$3
2017:             1             16  org.jboss.threads.JBossExecutors$5
2018:             1             16  org.jboss.threads.JBossThread$1
2019:             1             16  org.jboss.threads.RejectingExecutor
2020:             1             16  org.jboss.threads.ThreadLocalResettingRunnable
2021:             1             16  org.slf4j.helpers.NOPLoggerFactory
2022:             1             16  org.slf4j.impl.StaticLoggerBinder
2023:             1             16  org.wildfly.common.format.Printf$1
2024:             1             16  org.wildfly.common.format.Printf$2
2025:             1             16  org.wildfly.common.format.Printf$3
2026:             1             16  org.wildfly.common.lock.SpinLock$$Lambda$5/0x0000000800ba6f88
2027:             1             16  sun.management.ManagementFactoryHelper$LoggingMXBeanAccess$1 (java.management@15.0.1)
2028:             1             16  sun.misc.Unsafe (jdk.unsupported@15.0.1)
2029:             1             16  sun.net.NetProperties$1 (java.base@15.0.1)
2030:             1             16  sun.net.www.protocol.file.Handler (java.base@15.0.1)
2031:             1             16  sun.net.www.protocol.jar.Handler (java.base@15.0.1)
2032:             1             16  sun.net.www.protocol.jar.JarFileFactory (java.base@15.0.1)
2033:             1             16  sun.net.www.protocol.jrt.Handler (java.base@15.0.1)
2034:             1             16  sun.nio.ch.DefaultSelectorProvider$$Lambda$124/0x0000000800b8f548 (java.base@15.0.1)
2035:             1             16  sun.nio.ch.EPollSelectorProvider (java.base@15.0.1)
2036:             1             16  sun.nio.ch.ExtendedSocketOption$1 (java.base@15.0.1)
2037:             1             16  sun.nio.ch.FileChannelImpl$Closer (java.base@15.0.1)
2038:             1             16  sun.nio.ch.FileDispatcherImpl (java.base@15.0.1)
2039:             1             16  sun.nio.ch.Net$1 (java.base@15.0.1)
2040:             1             16  sun.nio.ch.ServerSocketAdaptor$$Lambda$161/0x0000000800cd0860 (java.base@15.0.1)
2041:             1             16  sun.nio.ch.Util$1 (java.base@15.0.1)
2042:             1             16  sun.nio.fs.LinuxFileSystemProvider (java.base@15.0.1)
2043:             1             16  sun.nio.fs.NativeBuffers$1 (java.base@15.0.1)
2044:             1             16  sun.reflect.generics.tree.BottomSignature (java.base@15.0.1)
2045:             1             16  sun.reflect.generics.tree.ByteSignature (java.base@15.0.1)
2046:             1             16  sun.security.action.GetBooleanAction (java.base@15.0.1)
2047:             1             16  sun.security.jca.ProviderList$2 (java.base@15.0.1)
2048:             1             16  sun.security.provider.NativePRNG (java.base@15.0.1)
2049:             1             16  sun.security.provider.SunEntries (java.base@15.0.1)
2050:             1             16  sun.security.provider.SunEntries$1 (java.base@15.0.1)
2051:             1             16  sun.security.util.KnownOIDs$$Lambda$126/0x0000000800b9bd10 (java.base@15.0.1)
2052:             1             16  sun.util.calendar.Gregorian (java.base@15.0.1)
2053:             1             16  sun.util.calendar.ZoneInfoFile$1 (java.base@15.0.1)
2054:             1             16  sun.util.calendar.ZoneInfoFile$Checksum (java.base@15.0.1)
2055:             1             16  sun.util.cldr.CLDRBaseLocaleDataMetaInfo (java.base@15.0.1)
2056:             1             16  sun.util.cldr.CLDRLocaleProviderAdapter$$Lambda$167/0x0000000800cd4e20 (java.base@15.0.1)
2057:             1             16  sun.util.cldr.CLDRLocaleProviderAdapter$1 (java.base@15.0.1)
2058:             1             16  sun.util.locale.InternalLocaleBuilder$CaseInsensitiveChar (java.base@15.0.1)
2059:             1             16  sun.util.locale.provider.CalendarDataUtility$CalendarWeekParameterGetter (java.base@15.0.1)
2060:             1             16  sun.util.locale.provider.JRELocaleProviderAdapter$$Lambda$166/0x0000000800cd4bf8 (java.base@15.0.1)
2061:             1             16  sun.util.locale.provider.JRELocaleProviderAdapter$$Lambda$168/0x0000000800cd5240 (java.base@15.0.1)
2062:             1             16  sun.util.locale.provider.JRELocaleProviderAdapter$$Lambda$169/0x0000000800cd5468 (java.base@15.0.1)
2063:             1             16  sun.util.locale.provider.JRELocaleProviderAdapter$$Lambda$80/0x0000000800b75a00 (java.base@15.0.1)
2064:             1             16  sun.util.locale.provider.NumberFormatProviderImpl$$Lambda$170/0x0000000800cd5690 (java.base@15.0.1)
2065:             1             16  sun.util.locale.provider.NumberFormatProviderImpl$$Lambda$171/0x0000000800cd58d0 (java.base@15.0.1)
2066:             1             16  sun.util.resources.LocaleData (java.base@15.0.1)
2067:             1             16  sun.util.resources.LocaleData$LocaleDataStrategy (java.base@15.0.1)
2068:             1             16  sun.util.resources.cldr.provider.CLDRLocaleDataMetaInfo (jdk.localedata@15.0.1)
2069:             1             16  sun.util.resources.provider.LocaleDataProvider (jdk.localedata@15.0.1)
Total        436458       43537472
